INFO 2026-06-12 08:23:29 ot_train.py:217 {'batch_size': 248,
 'checkpoint_path': None,
 'cudnn_deterministic': False,
 'dataset': {'episodes': None,
             'image_transforms': {'enable': False,
                                  'max_num_transforms': 3,
                                  'random_order': False,
                                  'tfs': {'affine': {'kwargs': {'degrees': [-5.0,
                                                                            5.0],
                                                                'translate': [0.05,
                                                                              0.05]},
                                                     'type': 'RandomAffine',
                                                     'weight': 1.0},
                                          'brightness': {'kwargs': {'brightness': [0.8,
                                                                                   1.2]},
                                                         'type': 'ColorJitter',
                                                         'weight': 1.0},
                                          'contrast': {'kwargs': {'contrast': [0.8,
                                                                               1.2]},
                                                       'type': 'ColorJitter',
                                                       'weight': 1.0},
                                          'hue': {'kwargs': {'hue': [-0.05,
                                                                     0.05]},
                                                  'type': 'ColorJitter',
                                                  'weight': 1.0},
                                          'saturation': {'kwargs': {'saturation': [0.5,
                                                                                   1.5]},
                                                         'type': 'ColorJitter',
                                                         'weight': 1.0},
                                          'sharpness': {'kwargs': {'sharpness': [0.5,
                                                                                 1.5]},
                                                        'type': 'SharpnessJitter',
                                                        'weight': 1.0}}},
             'repo_id': 'coport-uni/FR5_task1_move_the_brown_colored_glass_bottle_to_the_designated_location_50',
             'revision': None,
             'root': None,
             'streaming': False,
             'use_imagenet_stats': True,
             'video_backend': 'pyav'},
 'env': None,
 'eval': {'batch_size': 50, 'n_episodes': 50, 'use_async_envs': False},
 'eval_freq': 20000,
 'job_name': 'FR5_task1_move_the_brown_colored_glass_bottle_to_the_designated_location_50',
 'log_freq': 200,
 'num_workers': 4,
 'optimizer': {'betas': [0.9, 0.999],
               'eps': 1e-08,
               'grad_clip_norm': 10.0,
               'lr': 4.5e-05,
               'type': 'adamw',
               'weight_decay': 0.0001},
 'output_dir': 'outputs/train/FR5_task1_move_the_brown_colored_glass_bottle_to_the_designated_location_50',
 'peft': None,
 'policy': {'chunk_size': 100,
            'device': 'cuda',
            'dim_feedforward': 3200,
            'dim_model': 512,
            'dropout': 0.1,
            'feedforward_activation': 'relu',
            'input_features': {},
            'kl_weight': 10.0,
            'latent_dim': 32,
            'license': None,
            'n_action_steps': 100,
            'n_decoder_layers': 1,
            'n_encoder_layers': 4,
            'n_heads': 8,
            'n_obs_steps': 1,
            'n_vae_encoder_layers': 4,
            'normalization_mapping': {'ACTION': <NormalizationMode.MEAN_STD: 'MEAN_STD'>,
                                      'STATE': <NormalizationMode.MEAN_STD: 'MEAN_STD'>,
                                      'VISUAL': <NormalizationMode.MEAN_STD: 'MEAN_STD'>},
            'optimizer_lr': 4.5e-05,
            'optimizer_lr_backbone': 4.5e-05,
            'optimizer_weight_decay': 0.0001,
            'output_features': {},
            'pre_norm': False,
            'pretrained_backbone_weights': 'ResNet18_Weights.IMAGENET1K_V1',
            'pretrained_path': None,
            'private': None,
            'push_to_hub': True,
            'replace_final_stride_with_dilation': False,
            'repo_id': 'coport-uni/FR5_task1_move_the_brown_colored_glass_bottle_to_the_designated_location_50_model',
            'tags': None,
            'temporal_ensemble_coeff': None,
            'type': 'act',
            'use_amp': False,
            'use_peft': False,
            'use_vae': True,
            'vision_backbone': 'resnet18'},
 'rabc_epsilon': 1e-06,
 'rabc_head_mode': 'sparse',
 'rabc_kappa': 0.01,
 'rabc_progress_path': None,
 'rename_map': {},
 'resume': False,
 'save_checkpoint': True,
 'save_freq': 10000,
 'scheduler': None,
 'seed': 55,
 'steps': 100000,
 'tolerance_s': 0.1,
 'use_policy_training_preset': True,
 'use_rabc': False,
 'wandb': {'add_tags': True,
           'disable_artifact': False,
           'enable': True,
           'entity': None,
           'mode': None,
           'notes': None,
           'project': 'lerobot',
           'run_id': None}}
DEBUG 2026-06-12 08:23:30 or_events.py:64 Using selector: EpollSelector
DEBUG 2026-06-12 08:23:30 git/cmd.py:1286 Popen(['git', 'version'], cwd=/workspace/VLARelated/FR5ControllerVLA, stdin=None, shell=False, universal_newlines=False)
DEBUG 2026-06-12 08:23:30 git/cmd.py:1286 Popen(['git', 'version'], cwd=/workspace/VLARelated/FR5ControllerVLA, stdin=None, shell=False, universal_newlines=False)
DEBUG 2026-06-12 08:23:30 git/util.py:494 sys.platform='linux', git_executable='git'
DEBUG 2026-06-12 08:23:30 git/cmd.py:1286 Popen(['git', 'rev-parse', '--show-toplevel'], cwd=/workspace/VLARelated/FR5ControllerVLA, stdin=None, shell=False, universal_newlines=False)
DEBUG 2026-06-12 08:23:30 git/util.py:494 sys.platform='linux', git_executable='git'
DEBUG 2026-06-12 08:23:30 git/cmd.py:1286 Popen(['git', 'cat-file', '--batch-check'], cwd=/workspace/VLARelated/FR5ControllerVLA, stdin=<valid stream>, shell=False, universal_newlines=False)
INFO 2026-06-12 08:23:31 db_utils.py:117 [1m[34mLogs will be synced with wandb.[0m
INFO 2026-06-12 08:23:31 db_utils.py:118 Track this run --> [1m[33mhttps://wandb.ai/ohsungwoo-unist/lerobot/runs/62srd6xm[0m
INFO 2026-06-12 08:23:31 ot_train.py:241 Creating dataset
DEBUG 2026-06-12 08:23:31 ock/_api.py:501 Attempting to acquire lock 138531218398512 on /root/.cache/huggingface/datasets/_root_.cache_huggingface_datasets_parquet_default-12ae67ea86200ade_0.0.0_ec3958b52035e87929642b609b5a781870321434b151a14fbe8fd5a26ff494bb.lock
DEBUG 2026-06-12 08:23:31 ock/_api.py:504 Lock 138531218398512 acquired on /root/.cache/huggingface/datasets/_root_.cache_huggingface_datasets_parquet_default-12ae67ea86200ade_0.0.0_ec3958b52035e87929642b609b5a781870321434b151a14fbe8fd5a26ff494bb.lock
DEBUG 2026-06-12 08:23:31 ns/local.py:383 open file: /root/.cache/huggingface/datasets/parquet/default-12ae67ea86200ade/0.0.0/ec3958b52035e87929642b609b5a781870321434b151a14fbe8fd5a26ff494bb/dataset_info.json
DEBUG 2026-06-12 08:23:31 ock/_api.py:541 Attempting to release lock 138531218398512 on /root/.cache/huggingface/datasets/_root_.cache_huggingface_datasets_parquet_default-12ae67ea86200ade_0.0.0_ec3958b52035e87929642b609b5a781870321434b151a14fbe8fd5a26ff494bb.lock
DEBUG 2026-06-12 08:23:31 ock/_api.py:545 Lock 138531218398512 released on /root/.cache/huggingface/datasets/_root_.cache_huggingface_datasets_parquet_default-12ae67ea86200ade_0.0.0_ec3958b52035e87929642b609b5a781870321434b151a14fbe8fd5a26ff494bb.lock
DEBUG 2026-06-12 08:23:31 ock/_api.py:501 Attempting to acquire lock 138540058246416 on /root/.cache/huggingface/datasets/parquet/default-12ae67ea86200ade/0.0.0/ec3958b52035e87929642b609b5a781870321434b151a14fbe8fd5a26ff494bb_builder.lock
DEBUG 2026-06-12 08:23:31 ock/_api.py:504 Lock 138540058246416 acquired on /root/.cache/huggingface/datasets/parquet/default-12ae67ea86200ade/0.0.0/ec3958b52035e87929642b609b5a781870321434b151a14fbe8fd5a26ff494bb_builder.lock
DEBUG 2026-06-12 08:23:31 ns/local.py:383 open file: /root/.cache/huggingface/datasets/parquet/default-12ae67ea86200ade/0.0.0/ec3958b52035e87929642b609b5a781870321434b151a14fbe8fd5a26ff494bb/dataset_info.json
DEBUG 2026-06-12 08:23:31 ock/_api.py:541 Attempting to release lock 138540058246416 on /root/.cache/huggingface/datasets/parquet/default-12ae67ea86200ade/0.0.0/ec3958b52035e87929642b609b5a781870321434b151a14fbe8fd5a26ff494bb_builder.lock
DEBUG 2026-06-12 08:23:31 ock/_api.py:545 Lock 138540058246416 released on /root/.cache/huggingface/datasets/parquet/default-12ae67ea86200ade/0.0.0/ec3958b52035e87929642b609b5a781870321434b151a14fbe8fd5a26ff494bb_builder.lock
INFO 2026-06-12 08:23:31 eo_utils.py:108 Using video codec: libsvtav1
DEBUG 2026-06-12 08:23:31 ock/_api.py:501 Attempting to acquire lock 138531218523728 on /root/.cache/huggingface/datasets/_root_.cache_huggingface_datasets_parquet_default-12ae67ea86200ade_0.0.0_ec3958b52035e87929642b609b5a781870321434b151a14fbe8fd5a26ff494bb.lock
DEBUG 2026-06-12 08:23:31 ock/_api.py:504 Lock 138531218523728 acquired on /root/.cache/huggingface/datasets/_root_.cache_huggingface_datasets_parquet_default-12ae67ea86200ade_0.0.0_ec3958b52035e87929642b609b5a781870321434b151a14fbe8fd5a26ff494bb.lock
DEBUG 2026-06-12 08:23:31 ns/local.py:383 open file: /root/.cache/huggingface/datasets/parquet/default-12ae67ea86200ade/0.0.0/ec3958b52035e87929642b609b5a781870321434b151a14fbe8fd5a26ff494bb/dataset_info.json
DEBUG 2026-06-12 08:23:31 ock/_api.py:541 Attempting to release lock 138531218523728 on /root/.cache/huggingface/datasets/_root_.cache_huggingface_datasets_parquet_default-12ae67ea86200ade_0.0.0_ec3958b52035e87929642b609b5a781870321434b151a14fbe8fd5a26ff494bb.lock
DEBUG 2026-06-12 08:23:31 ock/_api.py:545 Lock 138531218523728 released on /root/.cache/huggingface/datasets/_root_.cache_huggingface_datasets_parquet_default-12ae67ea86200ade_0.0.0_ec3958b52035e87929642b609b5a781870321434b151a14fbe8fd5a26ff494bb.lock
DEBUG 2026-06-12 08:23:31 ock/_api.py:501 Attempting to acquire lock 138540062516064 on /root/.cache/huggingface/datasets/parquet/default-12ae67ea86200ade/0.0.0/ec3958b52035e87929642b609b5a781870321434b151a14fbe8fd5a26ff494bb_builder.lock
DEBUG 2026-06-12 08:23:31 ock/_api.py:504 Lock 138540062516064 acquired on /root/.cache/huggingface/datasets/parquet/default-12ae67ea86200ade/0.0.0/ec3958b52035e87929642b609b5a781870321434b151a14fbe8fd5a26ff494bb_builder.lock
DEBUG 2026-06-12 08:23:31 ns/local.py:383 open file: /root/.cache/huggingface/datasets/parquet/default-12ae67ea86200ade/0.0.0/ec3958b52035e87929642b609b5a781870321434b151a14fbe8fd5a26ff494bb/dataset_info.json
DEBUG 2026-06-12 08:23:31 ock/_api.py:541 Attempting to release lock 138540062516064 on /root/.cache/huggingface/datasets/parquet/default-12ae67ea86200ade/0.0.0/ec3958b52035e87929642b609b5a781870321434b151a14fbe8fd5a26ff494bb_builder.lock
DEBUG 2026-06-12 08:23:31 ock/_api.py:545 Lock 138540062516064 released on /root/.cache/huggingface/datasets/parquet/default-12ae67ea86200ade/0.0.0/ec3958b52035e87929642b609b5a781870321434b151a14fbe8fd5a26ff494bb_builder.lock
DEBUG 2026-06-12 08:23:32 ock/_api.py:501 Attempting to acquire lock 138531218707984 on /root/.cache/huggingface/datasets/_root_.cache_huggingface_datasets_parquet_default-4aceba190fc38549_0.0.0_ec3958b52035e87929642b609b5a781870321434b151a14fbe8fd5a26ff494bb.lock
DEBUG 2026-06-12 08:23:32 ock/_api.py:504 Lock 138531218707984 acquired on /root/.cache/huggingface/datasets/_root_.cache_huggingface_datasets_parquet_default-4aceba190fc38549_0.0.0_ec3958b52035e87929642b609b5a781870321434b151a14fbe8fd5a26ff494bb.lock
DEBUG 2026-06-12 08:23:32 ns/local.py:383 open file: /root/.cache/huggingface/datasets/parquet/default-4aceba190fc38549/0.0.0/ec3958b52035e87929642b609b5a781870321434b151a14fbe8fd5a26ff494bb/dataset_info.json
DEBUG 2026-06-12 08:23:32 ock/_api.py:541 Attempting to release lock 138531218707984 on /root/.cache/huggingface/datasets/_root_.cache_huggingface_datasets_parquet_default-4aceba190fc38549_0.0.0_ec3958b52035e87929642b609b5a781870321434b151a14fbe8fd5a26ff494bb.lock
DEBUG 2026-06-12 08:23:32 ock/_api.py:545 Lock 138531218707984 released on /root/.cache/huggingface/datasets/_root_.cache_huggingface_datasets_parquet_default-4aceba190fc38549_0.0.0_ec3958b52035e87929642b609b5a781870321434b151a14fbe8fd5a26ff494bb.lock
DEBUG 2026-06-12 08:23:32 ock/_api.py:501 Attempting to acquire lock 138531218535872 on /root/.cache/huggingface/datasets/parquet/default-4aceba190fc38549/0.0.0/ec3958b52035e87929642b609b5a781870321434b151a14fbe8fd5a26ff494bb_builder.lock
DEBUG 2026-06-12 08:23:32 ock/_api.py:504 Lock 138531218535872 acquired on /root/.cache/huggingface/datasets/parquet/default-4aceba190fc38549/0.0.0/ec3958b52035e87929642b609b5a781870321434b151a14fbe8fd5a26ff494bb_builder.lock
DEBUG 2026-06-12 08:23:32 ns/local.py:383 open file: /root/.cache/huggingface/datasets/parquet/default-4aceba190fc38549/0.0.0/ec3958b52035e87929642b609b5a781870321434b151a14fbe8fd5a26ff494bb/dataset_info.json
DEBUG 2026-06-12 08:23:32 ock/_api.py:541 Attempting to release lock 138531218535872 on /root/.cache/huggingface/datasets/parquet/default-4aceba190fc38549/0.0.0/ec3958b52035e87929642b609b5a781870321434b151a14fbe8fd5a26ff494bb_builder.lock
DEBUG 2026-06-12 08:23:32 ock/_api.py:545 Lock 138531218535872 released on /root/.cache/huggingface/datasets/parquet/default-4aceba190fc38549/0.0.0/ec3958b52035e87929642b609b5a781870321434b151a14fbe8fd5a26ff494bb_builder.lock
INFO 2026-06-12 08:23:32 ot_train.py:259 Creating policy
INFO 2026-06-12 08:23:32 ot_train.py:314 Creating optimizer and scheduler
INFO 2026-06-12 08:23:32 ot_train.py:349 [1m[33mOutput dir:[0m outputs/train/FR5_task1_move_the_brown_colored_glass_bottle_to_the_designated_location_50
INFO 2026-06-12 08:23:32 ot_train.py:356 cfg.steps=100000 (100K)
INFO 2026-06-12 08:23:32 ot_train.py:357 dataset.num_frames=36473 (36K)
INFO 2026-06-12 08:23:32 ot_train.py:358 dataset.num_episodes=50
INFO 2026-06-12 08:23:32 ot_train.py:361 Effective batch size: 248 x 2 = 496
INFO 2026-06-12 08:23:32 ot_train.py:362 num_learnable_params=51599239 (52M)
INFO 2026-06-12 08:23:32 ot_train.py:363 num_total_params=51599239 (52M)
INFO 2026-06-12 08:23:33 ot_train.py:427 Start offline training on a fixed dataset, with effective batch size: 496
INFO 2026-06-12 08:34:26 ot_train.py:459 step:200 smpl:99K ep:136 epch:2.72 loss:2.808 grdn:43.406 lr:4.5e-05 updt_s:1.159 data_s:2.107
INFO 2026-06-12 08:45:04 ot_train.py:459 step:400 smpl:198K ep:272 epch:5.44 loss:0.725 grdn:22.694 lr:4.5e-05 updt_s:1.630 data_s:1.554
INFO 2026-06-12 08:55:32 ot_train.py:459 step:600 smpl:298K ep:408 epch:8.16 loss:0.366 grdn:18.167 lr:4.5e-05 updt_s:1.209 data_s:1.927
INFO 2026-06-12 09:05:35 ot_train.py:459 step:800 smpl:397K ep:544 epch:10.88 loss:0.250 grdn:15.987 lr:4.5e-05 updt_s:0.850 data_s:2.160
INFO 2026-06-12 09:15:58 ot_train.py:459 step:1K smpl:496K ep:680 epch:13.60 loss:0.202 grdn:14.258 lr:4.5e-05 updt_s:0.976 data_s:2.140
INFO 2026-06-12 09:26:21 ot_train.py:459 step:1K smpl:595K ep:816 epch:16.32 loss:0.174 grdn:12.114 lr:4.5e-05 updt_s:1.255 data_s:1.854
INFO 2026-06-12 09:36:28 ot_train.py:459 step:1K smpl:694K ep:952 epch:19.04 loss:0.154 grdn:11.979 lr:4.5e-05 updt_s:1.064 data_s:1.967
INFO 2026-06-12 09:46:57 ot_train.py:459 step:2K smpl:794K ep:1K epch:21.76 loss:0.136 grdn:8.855 lr:4.5e-05 updt_s:2.151 data_s:0.989
INFO 2026-06-12 09:57:29 ot_train.py:459 step:2K smpl:893K ep:1K epch:24.48 loss:0.124 grdn:7.954 lr:4.5e-05 updt_s:1.533 data_s:1.622
INFO 2026-06-12 10:07:51 ot_train.py:459 step:2K smpl:992K ep:1K epch:27.20 loss:0.115 grdn:7.398 lr:4.5e-05 updt_s:1.510 data_s:1.593
INFO 2026-06-12 10:18:22 ot_train.py:459 step:2K smpl:1M ep:1K epch:29.92 loss:0.109 grdn:7.445 lr:4.5e-05 updt_s:0.880 data_s:2.274
INFO 2026-06-12 10:29:13 ot_train.py:459 step:2K smpl:1M ep:2K epch:32.64 loss:0.105 grdn:6.881 lr:4.5e-05 updt_s:1.438 data_s:1.814
INFO 2026-06-12 10:39:37 ot_train.py:459 step:3K smpl:1M ep:2K epch:35.36 loss:0.101 grdn:6.865 lr:4.5e-05 updt_s:0.924 data_s:2.192
INFO 2026-06-12 10:50:00 ot_train.py:459 step:3K smpl:1M ep:2K epch:38.08 loss:0.099 grdn:7.162 lr:4.5e-05 updt_s:1.679 data_s:1.427
INFO 2026-06-12 11:00:25 ot_train.py:459 step:3K smpl:1M ep:2K epch:40.80 loss:0.096 grdn:6.548 lr:4.5e-05 updt_s:1.119 data_s:2.006
INFO 2026-06-12 11:10:28 ot_train.py:459 step:3K smpl:2M ep:2K epch:43.52 loss:0.094 grdn:6.275 lr:4.5e-05 updt_s:0.721 data_s:2.292
INFO 2026-06-12 11:20:48 ot_train.py:459 step:3K smpl:2M ep:2K epch:46.24 loss:0.092 grdn:6.383 lr:4.5e-05 updt_s:1.645 data_s:1.451
INFO 2026-06-12 11:31:37 ot_train.py:459 step:4K smpl:2M ep:2K epch:48.96 loss:0.091 grdn:6.289 lr:4.5e-05 updt_s:1.351 data_s:1.889
INFO 2026-06-12 11:41:50 ot_train.py:459 step:4K smpl:2M ep:3K epch:51.68 loss:0.090 grdn:6.144 lr:4.5e-05 updt_s:1.139 data_s:1.921
INFO 2026-06-12 11:52:20 ot_train.py:459 step:4K smpl:2M ep:3K epch:54.40 loss:0.089 grdn:6.196 lr:4.5e-05 updt_s:1.347 data_s:1.797
INFO 2026-06-12 12:02:27 ot_train.py:459 step:4K smpl:2M ep:3K epch:57.12 loss:0.088 grdn:6.047 lr:4.5e-05 updt_s:0.827 data_s:2.206
INFO 2026-06-12 12:13:03 ot_train.py:459 step:4K smpl:2M ep:3K epch:59.84 loss:0.087 grdn:5.618 lr:4.5e-05 updt_s:1.469 data_s:1.707
INFO 2026-06-12 12:23:28 ot_train.py:459 step:5K smpl:2M ep:3K epch:62.56 loss:0.087 grdn:5.757 lr:4.5e-05 updt_s:1.370 data_s:1.752
INFO 2026-06-12 12:33:36 ot_train.py:459 step:5K smpl:2M ep:3K epch:65.28 loss:0.087 grdn:5.778 lr:4.5e-05 updt_s:0.954 data_s:2.081
INFO 2026-06-12 12:43:47 ot_train.py:459 step:5K smpl:2M ep:3K epch:68.00 loss:0.091 grdn:5.653 lr:4.5e-05 updt_s:1.060 data_s:1.994
INFO 2026-06-12 12:54:15 ot_train.py:459 step:5K smpl:3M ep:4K epch:70.72 loss:0.090 grdn:5.540 lr:4.5e-05 updt_s:1.118 data_s:2.017
INFO 2026-06-12 13:04:23 ot_train.py:459 step:5K smpl:3M ep:4K epch:73.44 loss:0.087 grdn:5.339 lr:4.5e-05 updt_s:1.686 data_s:1.348
INFO 2026-06-12 13:14:43 ot_train.py:459 step:6K smpl:3M ep:4K epch:76.15 loss:0.086 grdn:5.322 lr:4.5e-05 updt_s:0.900 data_s:2.200
INFO 2026-06-12 13:25:03 ot_train.py:459 step:6K smpl:3M ep:4K epch:78.87 loss:0.086 grdn:5.090 lr:4.5e-05 updt_s:1.043 data_s:2.049
INFO 2026-06-12 13:35:20 ot_train.py:459 step:6K smpl:3M ep:4K epch:81.59 loss:0.085 grdn:5.241 lr:4.5e-05 updt_s:1.417 data_s:1.665
INFO 2026-06-12 13:45:39 ot_train.py:459 step:6K smpl:3M ep:4K epch:84.31 loss:0.085 grdn:5.586 lr:4.5e-05 updt_s:1.038 data_s:2.053
INFO 2026-06-12 13:55:55 ot_train.py:459 step:6K smpl:3M ep:4K epch:87.03 loss:0.085 grdn:4.980 lr:4.5e-05 updt_s:0.933 data_s:2.144
INFO 2026-06-12 14:06:16 ot_train.py:459 step:7K smpl:3M ep:4K epch:89.75 loss:0.085 grdn:4.819 lr:4.5e-05 updt_s:1.581 data_s:1.522
INFO 2026-06-12 14:16:25 ot_train.py:459 step:7K smpl:3M ep:5K epch:92.47 loss:0.085 grdn:5.097 lr:4.5e-05 updt_s:1.414 data_s:1.628
INFO 2026-06-12 14:26:44 ot_train.py:459 step:7K smpl:3M ep:5K epch:95.19 loss:0.085 grdn:5.198 lr:4.5e-05 updt_s:1.324 data_s:1.769
INFO 2026-06-12 14:37:23 ot_train.py:459 step:7K smpl:4M ep:5K epch:97.91 loss:0.085 grdn:5.045 lr:4.5e-05 updt_s:1.439 data_s:1.753
INFO 2026-06-12 14:47:40 ot_train.py:459 step:7K smpl:4M ep:5K epch:100.63 loss:0.085 grdn:4.863 lr:4.5e-05 updt_s:0.888 data_s:2.192
INFO 2026-06-12 14:58:02 ot_train.py:459 step:8K smpl:4M ep:5K epch:103.35 loss:0.094 grdn:4.589 lr:4.5e-05 updt_s:1.227 data_s:1.880
INFO 2026-06-12 15:08:35 ot_train.py:459 step:8K smpl:4M ep:5K epch:106.07 loss:0.089 grdn:4.627 lr:4.5e-05 updt_s:0.706 data_s:2.456
INFO 2026-06-12 15:19:01 ot_train.py:459 step:8K smpl:4M ep:5K epch:108.79 loss:0.087 grdn:4.855 lr:4.5e-05 updt_s:1.432 data_s:1.696
INFO 2026-06-12 15:29:23 ot_train.py:459 step:8K smpl:4M ep:6K epch:111.51 loss:0.086 grdn:4.563 lr:4.5e-05 updt_s:1.181 data_s:1.920
INFO 2026-06-12 15:39:37 ot_train.py:459 step:8K smpl:4M ep:6K epch:114.23 loss:0.084 grdn:4.453 lr:4.5e-05 updt_s:0.824 data_s:2.241
INFO 2026-06-12 15:50:08 ot_train.py:459 step:9K smpl:4M ep:6K epch:116.95 loss:0.085 grdn:4.581 lr:4.5e-05 updt_s:0.848 data_s:2.306
INFO 2026-06-12 16:00:37 ot_train.py:459 step:9K smpl:4M ep:6K epch:119.67 loss:0.084 grdn:4.646 lr:4.5e-05 updt_s:0.798 data_s:2.341
INFO 2026-06-12 16:10:48 ot_train.py:459 step:9K smpl:4M ep:6K epch:122.39 loss:0.085 grdn:4.503 lr:4.5e-05 updt_s:0.726 data_s:2.327
INFO 2026-06-12 16:21:06 ot_train.py:459 step:9K smpl:5M ep:6K epch:125.11 loss:0.082 grdn:4.429 lr:4.5e-05 updt_s:0.814 data_s:2.271
INFO 2026-06-12 16:31:27 ot_train.py:459 step:9K smpl:5M ep:6K epch:127.83 loss:0.083 grdn:4.248 lr:4.5e-05 updt_s:1.693 data_s:1.411
INFO 2026-06-12 16:41:41 ot_train.py:459 step:10K smpl:5M ep:7K epch:130.55 loss:0.084 grdn:4.495 lr:4.5e-05 updt_s:1.093 data_s:1.972
INFO 2026-06-12 16:52:06 ot_train.py:459 step:10K smpl:5M ep:7K epch:133.27 loss:0.084 grdn:4.075 lr:4.5e-05 updt_s:1.355 data_s:1.766
INFO 2026-06-12 17:02:19 ot_train.py:459 step:10K smpl:5M ep:7K epch:135.99 loss:0.083 grdn:4.177 lr:4.5e-05 updt_s:0.919 data_s:2.144
INFO 2026-06-12 17:02:19 ot_train.py:479 Checkpoint policy after step 10000
DEBUG 2026-06-12 17:02:20 ionpool.py:1049 Starting new HTTPS connection (1): api.wandb.ai:443
DEBUG 2026-06-12 17:02:20 tionpool.py:544 https://api.wandb.ai:443 "POST /graphql HTTP/1.1" 200 None
DEBUG 2026-06-12 17:02:20 ionpool.py:1049 Starting new HTTPS connection (1): api.wandb.ai:443
DEBUG 2026-06-12 17:02:20 tionpool.py:544 https://api.wandb.ai:443 "POST /graphql HTTP/1.1" 200 None
DEBUG 2026-06-12 17:02:21 tionpool.py:544 https://api.wandb.ai:443 "POST /graphql HTTP/1.1" 200 None
INFO 2026-06-12 17:12:51 ot_train.py:459 step:10K smpl:5M ep:7K epch:138.71 loss:0.082 grdn:4.386 lr:4.5e-05 updt_s:1.265 data_s:1.882
INFO 2026-06-12 17:23:09 ot_train.py:459 step:10K smpl:5M ep:7K epch:141.43 loss:0.082 grdn:4.081 lr:4.5e-05 updt_s:1.501 data_s:1.584
INFO 2026-06-12 17:33:24 ot_train.py:459 step:11K smpl:5M ep:7K epch:144.15 loss:0.081 grdn:4.118 lr:4.5e-05 updt_s:1.893 data_s:1.181
INFO 2026-06-12 17:43:45 ot_train.py:459 step:11K smpl:5M ep:7K epch:146.87 loss:0.082 grdn:4.175 lr:4.5e-05 updt_s:2.029 data_s:1.070
INFO 2026-06-12 17:54:03 ot_train.py:459 step:11K smpl:5M ep:7K epch:149.59 loss:0.080 grdn:4.032 lr:4.5e-05 updt_s:1.606 data_s:1.483
INFO 2026-06-12 18:04:34 ot_train.py:459 step:11K smpl:6M ep:8K epch:152.31 loss:0.081 grdn:4.428 lr:4.5e-05 updt_s:1.652 data_s:1.500
INFO 2026-06-12 18:14:48 ot_train.py:459 step:11K smpl:6M ep:8K epch:155.03 loss:0.088 grdn:4.018 lr:4.5e-05 updt_s:2.008 data_s:1.052
INFO 2026-06-12 18:24:57 ot_train.py:459 step:12K smpl:6M ep:8K epch:157.75 loss:0.084 grdn:3.847 lr:4.5e-05 updt_s:1.378 data_s:1.668
INFO 2026-06-12 18:35:11 ot_train.py:459 step:12K smpl:6M ep:8K epch:160.47 loss:0.080 grdn:3.683 lr:4.5e-05 updt_s:1.193 data_s:1.873
INFO 2026-06-12 18:45:49 ot_train.py:459 step:12K smpl:6M ep:8K epch:163.19 loss:0.079 grdn:4.086 lr:4.5e-05 updt_s:1.660 data_s:1.528
INFO 2026-06-12 18:56:05 ot_train.py:459 step:12K smpl:6M ep:8K epch:165.91 loss:0.078 grdn:3.743 lr:4.5e-05 updt_s:1.621 data_s:1.456
INFO 2026-06-12 19:06:29 ot_train.py:459 step:12K smpl:6M ep:8K epch:168.63 loss:0.079 grdn:3.927 lr:4.5e-05 updt_s:1.397 data_s:1.719
INFO 2026-06-12 19:16:41 ot_train.py:459 step:13K smpl:6M ep:9K epch:171.35 loss:0.078 grdn:3.741 lr:4.5e-05 updt_s:1.251 data_s:1.806
INFO 2026-06-12 19:26:54 ot_train.py:459 step:13K smpl:6M ep:9K epch:174.07 loss:0.077 grdn:3.613 lr:4.5e-05 updt_s:2.164 data_s:0.898
INFO 2026-06-12 19:37:29 ot_train.py:459 step:13K smpl:6M ep:9K epch:176.79 loss:0.076 grdn:3.630 lr:4.5e-05 updt_s:1.667 data_s:1.503
INFO 2026-06-12 19:47:52 ot_train.py:459 step:13K smpl:7M ep:9K epch:179.51 loss:0.075 grdn:3.679 lr:4.5e-05 updt_s:1.797 data_s:1.312
INFO 2026-06-12 19:58:06 ot_train.py:459 step:13K smpl:7M ep:9K epch:182.23 loss:0.077 grdn:3.891 lr:4.5e-05 updt_s:1.403 data_s:1.666
INFO 2026-06-12 20:08:11 ot_train.py:459 step:14K smpl:7M ep:9K epch:184.95 loss:0.075 grdn:3.660 lr:4.5e-05 updt_s:1.390 data_s:1.635
INFO 2026-06-12 20:18:27 ot_train.py:459 step:14K smpl:7M ep:9K epch:187.67 loss:0.075 grdn:3.730 lr:4.5e-05 updt_s:1.651 data_s:1.424
INFO 2026-06-12 20:28:34 ot_train.py:459 step:14K smpl:7M ep:10K epch:190.39 loss:0.072 grdn:3.420 lr:4.5e-05 updt_s:1.579 data_s:1.456
INFO 2026-06-12 20:38:47 ot_train.py:459 step:14K smpl:7M ep:10K epch:193.11 loss:0.071 grdn:3.324 lr:4.5e-05 updt_s:2.007 data_s:1.055
INFO 2026-06-12 20:49:15 ot_train.py:459 step:14K smpl:7M ep:10K epch:195.83 loss:0.074 grdn:3.911 lr:4.5e-05 updt_s:1.935 data_s:1.197
INFO 2026-06-12 20:59:38 ot_train.py:459 step:15K smpl:7M ep:10K epch:198.55 loss:0.075 grdn:3.560 lr:4.5e-05 updt_s:1.922 data_s:1.191
INFO 2026-06-12 21:09:49 ot_train.py:459 step:15K smpl:7M ep:10K epch:201.27 loss:0.073 grdn:3.547 lr:4.5e-05 updt_s:2.376 data_s:0.673
INFO 2026-06-12 21:20:13 ot_train.py:459 step:15K smpl:7M ep:10K epch:203.99 loss:0.069 grdn:3.510 lr:4.5e-05 updt_s:1.447 data_s:1.673
INFO 2026-06-12 21:30:24 ot_train.py:459 step:15K smpl:8M ep:10K epch:206.71 loss:0.072 grdn:3.412 lr:4.5e-05 updt_s:1.733 data_s:1.316
INFO 2026-06-12 21:40:58 ot_train.py:459 step:15K smpl:8M ep:10K epch:209.43 loss:0.072 grdn:3.859 lr:4.5e-05 updt_s:1.903 data_s:1.265
INFO 2026-06-12 21:51:06 ot_train.py:459 step:16K smpl:8M ep:11K epch:212.15 loss:0.074 grdn:3.680 lr:4.5e-05 updt_s:1.921 data_s:1.118
INFO 2026-06-12 22:01:22 ot_train.py:459 step:16K smpl:8M ep:11K epch:214.87 loss:0.069 grdn:3.304 lr:4.5e-05 updt_s:1.800 data_s:1.275
INFO 2026-06-12 22:11:45 ot_train.py:459 step:16K smpl:8M ep:11K epch:217.59 loss:0.071 grdn:3.463 lr:4.5e-05 updt_s:1.354 data_s:1.757
INFO 2026-06-12 22:22:16 ot_train.py:459 step:16K smpl:8M ep:11K epch:220.31 loss:0.067 grdn:3.249 lr:4.5e-05 updt_s:2.160 data_s:0.992
INFO 2026-06-12 22:32:44 ot_train.py:459 step:16K smpl:8M ep:11K epch:223.03 loss:0.065 grdn:3.074 lr:4.5e-05 updt_s:1.830 data_s:1.305
INFO 2026-06-12 22:43:04 ot_train.py:459 step:17K smpl:8M ep:11K epch:225.75 loss:0.069 grdn:3.437 lr:4.5e-05 updt_s:1.519 data_s:1.577
INFO 2026-06-12 22:53:08 ot_train.py:459 step:17K smpl:8M ep:11K epch:228.46 loss:0.073 grdn:3.396 lr:4.5e-05 updt_s:1.177 data_s:1.841
INFO 2026-06-12 23:03:19 ot_train.py:459 step:17K smpl:8M ep:12K epch:231.18 loss:0.071 grdn:3.321 lr:4.5e-05 updt_s:2.023 data_s:1.031
INFO 2026-06-12 23:13:40 ot_train.py:459 step:17K smpl:9M ep:12K epch:233.90 loss:0.066 grdn:3.109 lr:4.5e-05 updt_s:2.120 data_s:0.978
INFO 2026-06-12 23:23:56 ot_train.py:459 step:17K smpl:9M ep:12K epch:236.62 loss:0.064 grdn:3.009 lr:4.5e-05 updt_s:1.926 data_s:1.153
INFO 2026-06-12 23:34:14 ot_train.py:459 step:18K smpl:9M ep:12K epch:239.34 loss:0.069 grdn:3.388 lr:4.5e-05 updt_s:1.571 data_s:1.516
INFO 2026-06-12 23:44:40 ot_train.py:459 step:18K smpl:9M ep:12K epch:242.06 loss:0.065 grdn:3.111 lr:4.5e-05 updt_s:1.406 data_s:1.719
INFO 2026-06-12 23:54:59 ot_train.py:459 step:18K smpl:9M ep:12K epch:244.78 loss:0.061 grdn:3.042 lr:4.5e-05 updt_s:1.885 data_s:1.211
INFO 2026-06-13 00:05:08 ot_train.py:459 step:18K smpl:9M ep:12K epch:247.50 loss:0.064 grdn:3.392 lr:4.5e-05 updt_s:1.718 data_s:1.321
INFO 2026-06-13 00:15:25 ot_train.py:459 step:18K smpl:9M ep:13K epch:250.22 loss:0.064 grdn:3.377 lr:4.5e-05 updt_s:1.041 data_s:2.045
INFO 2026-06-13 00:25:37 ot_train.py:459 step:19K smpl:9M ep:13K epch:252.94 loss:0.058 grdn:3.002 lr:4.5e-05 updt_s:1.256 data_s:1.798
INFO 2026-06-13 00:36:06 ot_train.py:459 step:19K smpl:9M ep:13K epch:255.66 loss:0.050 grdn:2.720 lr:4.5e-05 updt_s:1.854 data_s:1.286
INFO 2026-06-13 00:46:27 ot_train.py:459 step:19K smpl:9M ep:13K epch:258.38 loss:0.051 grdn:2.792 lr:4.5e-05 updt_s:1.954 data_s:1.146
INFO 2026-06-13 00:56:49 ot_train.py:459 step:19K smpl:10M ep:13K epch:261.10 loss:0.067 grdn:3.337 lr:4.5e-05 updt_s:2.015 data_s:1.092
INFO 2026-06-13 01:07:11 ot_train.py:459 step:19K smpl:10M ep:13K epch:263.82 loss:0.067 grdn:3.163 lr:4.5e-05 updt_s:1.520 data_s:1.586
INFO 2026-06-13 01:17:21 ot_train.py:459 step:20K smpl:10M ep:13K epch:266.54 loss:0.061 grdn:2.895 lr:4.5e-05 updt_s:1.550 data_s:1.497
INFO 2026-06-13 01:27:32 ot_train.py:459 step:20K smpl:10M ep:13K epch:269.26 loss:0.055 grdn:2.932 lr:4.5e-05 updt_s:1.225 data_s:1.831
INFO 2026-06-13 01:38:08 ot_train.py:459 step:20K smpl:10M ep:14K epch:271.98 loss:0.056 grdn:3.053 lr:4.5e-05 updt_s:2.129 data_s:1.044
INFO 2026-06-13 01:38:08 ot_train.py:479 Checkpoint policy after step 20000
DEBUG 2026-06-13 01:38:08 tionpool.py:289 Resetting dropped connection: api.wandb.ai
DEBUG 2026-06-13 01:38:09 tionpool.py:544 https://api.wandb.ai:443 "POST /graphql HTTP/1.1" 200 None
INFO 2026-06-13 01:48:23 ot_train.py:459 step:20K smpl:10M ep:14K epch:274.70 loss:0.044 grdn:2.859 lr:4.5e-05 updt_s:1.864 data_s:1.204
INFO 2026-06-13 01:58:43 ot_train.py:459 step:20K smpl:10M ep:14K epch:277.42 loss:0.049 grdn:2.927 lr:4.5e-05 updt_s:1.560 data_s:1.538
INFO 2026-06-13 02:09:19 ot_train.py:459 step:21K smpl:10M ep:14K epch:280.14 loss:0.040 grdn:2.349 lr:4.5e-05 updt_s:2.210 data_s:0.962
INFO 2026-06-13 02:19:49 ot_train.py:459 step:21K smpl:10M ep:14K epch:282.86 loss:0.048 grdn:2.901 lr:4.5e-05 updt_s:1.984 data_s:1.165
INFO 2026-06-13 02:29:56 ot_train.py:459 step:21K smpl:10M ep:14K epch:285.58 loss:0.056 grdn:2.850 lr:4.5e-05 updt_s:1.865 data_s:1.165
INFO 2026-06-13 02:40:09 ot_train.py:459 step:21K smpl:11M ep:14K epch:288.30 loss:0.040 grdn:2.383 lr:4.5e-05 updt_s:1.699 data_s:1.366
INFO 2026-06-13 02:50:17 ot_train.py:459 step:21K smpl:11M ep:15K epch:291.02 loss:0.050 grdn:2.660 lr:4.5e-05 updt_s:1.934 data_s:1.099
INFO 2026-06-13 03:00:20 ot_train.py:459 step:22K smpl:11M ep:15K epch:293.74 loss:0.047 grdn:2.675 lr:4.5e-05 updt_s:1.403 data_s:1.610
INFO 2026-06-13 03:10:46 ot_train.py:459 step:22K smpl:11M ep:15K epch:296.46 loss:0.044 grdn:2.587 lr:4.5e-05 updt_s:2.224 data_s:0.906
INFO 2026-06-13 03:20:57 ot_train.py:459 step:22K smpl:11M ep:15K epch:299.18 loss:0.039 grdn:2.502 lr:4.5e-05 updt_s:2.010 data_s:1.039
INFO 2026-06-13 03:31:08 ot_train.py:459 step:22K smpl:11M ep:15K epch:301.90 loss:0.040 grdn:2.570 lr:4.5e-05 updt_s:2.231 data_s:0.824
INFO 2026-06-13 03:41:34 ot_train.py:459 step:22K smpl:11M ep:15K epch:304.62 loss:0.056 grdn:2.942 lr:4.5e-05 updt_s:1.897 data_s:1.230
INFO 2026-06-13 03:51:55 ot_train.py:459 step:23K smpl:11M ep:15K epch:307.34 loss:0.037 grdn:2.458 lr:4.5e-05 updt_s:1.966 data_s:1.134
INFO 2026-06-13 04:02:10 ot_train.py:459 step:23K smpl:11M ep:16K epch:310.06 loss:0.029 grdn:2.176 lr:4.5e-05 updt_s:1.986 data_s:1.085
INFO 2026-06-13 04:12:13 ot_train.py:459 step:23K smpl:11M ep:16K epch:312.78 loss:0.041 grdn:2.691 lr:4.5e-05 updt_s:1.891 data_s:1.122
INFO 2026-06-13 04:22:40 ot_train.py:459 step:23K smpl:12M ep:16K epch:315.50 loss:0.046 grdn:2.496 lr:4.5e-05 updt_s:2.136 data_s:0.994
INFO 2026-06-13 04:33:02 ot_train.py:459 step:23K smpl:12M ep:16K epch:318.22 loss:0.039 grdn:2.362 lr:4.5e-05 updt_s:2.023 data_s:1.084
INFO 2026-06-13 04:43:11 ot_train.py:459 step:24K smpl:12M ep:16K epch:320.94 loss:0.050 grdn:2.567 lr:4.5e-05 updt_s:1.801 data_s:1.237
INFO 2026-06-13 04:53:20 ot_train.py:459 step:24K smpl:12M ep:16K epch:323.66 loss:0.026 grdn:2.079 lr:4.5e-05 updt_s:1.790 data_s:1.253
INFO 2026-06-13 05:03:39 ot_train.py:459 step:24K smpl:12M ep:16K epch:326.38 loss:0.041 grdn:2.519 lr:4.5e-05 updt_s:1.887 data_s:1.205
INFO 2026-06-13 05:13:52 ot_train.py:459 step:24K smpl:12M ep:16K epch:329.10 loss:0.028 grdn:2.036 lr:4.5e-05 updt_s:1.123 data_s:1.940
INFO 2026-06-13 05:24:07 ot_train.py:459 step:24K smpl:12M ep:17K epch:331.82 loss:0.025 grdn:2.163 lr:4.5e-05 updt_s:1.833 data_s:1.240
INFO 2026-06-13 05:34:29 ot_train.py:459 step:25K smpl:12M ep:17K epch:334.54 loss:0.042 grdn:2.559 lr:4.5e-05 updt_s:1.664 data_s:1.441
INFO 2026-06-13 05:44:39 ot_train.py:459 step:25K smpl:12M ep:17K epch:337.26 loss:0.041 grdn:2.475 lr:4.5e-05 updt_s:1.678 data_s:1.370
INFO 2026-06-13 05:54:47 ot_train.py:459 step:25K smpl:12M ep:17K epch:339.98 loss:0.032 grdn:2.098 lr:4.5e-05 updt_s:2.132 data_s:0.903
INFO 2026-06-13 06:05:01 ot_train.py:459 step:25K smpl:12M ep:17K epch:342.70 loss:0.025 grdn:1.948 lr:4.5e-05 updt_s:1.575 data_s:1.495
INFO 2026-06-13 06:15:08 ot_train.py:459 step:25K smpl:13M ep:17K epch:345.42 loss:0.026 grdn:2.056 lr:4.5e-05 updt_s:1.777 data_s:1.254
INFO 2026-06-13 06:25:16 ot_train.py:459 step:26K smpl:13M ep:17K epch:348.14 loss:0.038 grdn:2.325 lr:4.5e-05 updt_s:1.635 data_s:1.402
INFO 2026-06-13 06:35:35 ot_train.py:459 step:26K smpl:13M ep:18K epch:350.86 loss:0.031 grdn:2.226 lr:4.5e-05 updt_s:2.073 data_s:1.019
INFO 2026-06-13 06:45:46 ot_train.py:459 step:26K smpl:13M ep:18K epch:353.58 loss:0.035 grdn:2.202 lr:4.5e-05 updt_s:1.768 data_s:1.285
INFO 2026-06-13 06:56:20 ot_train.py:459 step:26K smpl:13M ep:18K epch:356.30 loss:0.040 grdn:2.329 lr:4.5e-05 updt_s:2.262 data_s:0.903
INFO 2026-06-13 07:06:25 ot_train.py:459 step:26K smpl:13M ep:18K epch:359.02 loss:0.036 grdn:2.177 lr:4.5e-05 updt_s:1.556 data_s:1.467
INFO 2026-06-13 07:16:40 ot_train.py:459 step:27K smpl:13M ep:18K epch:361.74 loss:0.027 grdn:2.068 lr:4.5e-05 updt_s:2.099 data_s:0.971
INFO 2026-06-13 07:26:57 ot_train.py:459 step:27K smpl:13M ep:18K epch:364.46 loss:0.043 grdn:2.382 lr:4.5e-05 updt_s:1.951 data_s:1.134
INFO 2026-06-13 07:37:00 ot_train.py:459 step:27K smpl:13M ep:18K epch:367.18 loss:0.030 grdn:2.119 lr:4.5e-05 updt_s:1.663 data_s:1.350
INFO 2026-06-13 07:47:10 ot_train.py:459 step:27K smpl:13M ep:18K epch:369.90 loss:0.028 grdn:2.104 lr:4.5e-05 updt_s:1.586 data_s:1.459
INFO 2026-06-13 07:57:29 ot_train.py:459 step:27K smpl:14M ep:19K epch:372.62 loss:0.027 grdn:2.093 lr:4.5e-05 updt_s:2.013 data_s:1.079
INFO 2026-06-13 08:07:36 ot_train.py:459 step:28K smpl:14M ep:19K epch:375.34 loss:0.041 grdn:2.295 lr:4.5e-05 updt_s:2.018 data_s:1.016
INFO 2026-06-13 08:18:01 ot_train.py:459 step:28K smpl:14M ep:19K epch:378.05 loss:0.045 grdn:2.298 lr:4.5e-05 updt_s:2.119 data_s:1.001
INFO 2026-06-13 08:28:33 ot_train.py:459 step:28K smpl:14M ep:19K epch:380.77 loss:0.026 grdn:2.052 lr:4.5e-05 updt_s:2.439 data_s:0.717
INFO 2026-06-13 08:38:47 ot_train.py:459 step:28K smpl:14M ep:19K epch:383.49 loss:0.021 grdn:2.018 lr:4.5e-05 updt_s:1.705 data_s:1.365
INFO 2026-06-13 08:48:55 ot_train.py:459 step:28K smpl:14M ep:19K epch:386.21 loss:0.033 grdn:2.249 lr:4.5e-05 updt_s:1.588 data_s:1.448
INFO 2026-06-13 08:59:22 ot_train.py:459 step:29K smpl:14M ep:19K epch:388.93 loss:0.047 grdn:2.256 lr:4.5e-05 updt_s:2.062 data_s:1.068
INFO 2026-06-13 09:09:38 ot_train.py:459 step:29K smpl:14M ep:20K epch:391.65 loss:0.037 grdn:2.170 lr:4.5e-05 updt_s:2.149 data_s:0.926
INFO 2026-06-13 09:19:53 ot_train.py:459 step:29K smpl:14M ep:20K epch:394.37 loss:0.020 grdn:1.805 lr:4.5e-05 updt_s:1.833 data_s:1.240
INFO 2026-06-13 09:30:16 ot_train.py:459 step:29K smpl:14M ep:20K epch:397.09 loss:0.034 grdn:2.144 lr:4.5e-05 updt_s:2.143 data_s:0.970
INFO 2026-06-13 09:40:27 ot_train.py:459 step:29K smpl:15M ep:20K epch:399.81 loss:0.044 grdn:2.306 lr:4.5e-05 updt_s:2.048 data_s:1.006
INFO 2026-06-13 09:50:31 ot_train.py:459 step:30K smpl:15M ep:20K epch:402.53 loss:0.019 grdn:1.847 lr:4.5e-05 updt_s:1.441 data_s:1.574
INFO 2026-06-13 10:00:53 ot_train.py:459 step:30K smpl:15M ep:20K epch:405.25 loss:0.015 grdn:1.726 lr:4.5e-05 updt_s:1.792 data_s:1.316
INFO 2026-06-13 10:11:06 ot_train.py:459 step:30K smpl:15M ep:20K epch:407.97 loss:0.024 grdn:1.920 lr:4.5e-05 updt_s:2.023 data_s:1.041
INFO 2026-06-13 10:11:06 ot_train.py:479 Checkpoint policy after step 30000
DEBUG 2026-06-13 10:11:07 tionpool.py:289 Resetting dropped connection: api.wandb.ai
DEBUG 2026-06-13 10:11:07 tionpool.py:544 https://api.wandb.ai:443 "POST /graphql HTTP/1.1" 200 None
INFO 2026-06-13 10:21:21 ot_train.py:459 step:30K smpl:15M ep:21K epch:410.69 loss:0.036 grdn:2.213 lr:4.5e-05 updt_s:1.310 data_s:1.754
INFO 2026-06-13 10:31:24 ot_train.py:459 step:30K smpl:15M ep:21K epch:413.41 loss:0.049 grdn:2.286 lr:4.5e-05 updt_s:1.652 data_s:1.358
INFO 2026-06-13 10:41:44 ot_train.py:459 step:31K smpl:15M ep:21K epch:416.13 loss:0.033 grdn:1.993 lr:4.5e-05 updt_s:1.276 data_s:1.819
INFO 2026-06-13 10:51:54 ot_train.py:459 step:31K smpl:15M ep:21K epch:418.85 loss:0.018 grdn:1.845 lr:4.5e-05 updt_s:1.328 data_s:1.719
INFO 2026-06-13 11:02:10 ot_train.py:459 step:31K smpl:15M ep:21K epch:421.57 loss:0.014 grdn:1.777 lr:4.5e-05 updt_s:2.150 data_s:0.929
INFO 2026-06-13 11:12:24 ot_train.py:459 step:31K smpl:15M ep:21K epch:424.29 loss:0.020 grdn:1.810 lr:4.5e-05 updt_s:1.738 data_s:1.330
INFO 2026-06-13 11:22:42 ot_train.py:459 step:31K smpl:16M ep:21K epch:427.01 loss:0.031 grdn:2.061 lr:4.5e-05 updt_s:2.078 data_s:1.008
INFO 2026-06-13 11:32:51 ot_train.py:459 step:32K smpl:16M ep:21K epch:429.73 loss:0.034 grdn:2.126 lr:4.5e-05 updt_s:1.888 data_s:1.154
INFO 2026-06-13 11:43:02 ot_train.py:459 step:32K smpl:16M ep:22K epch:432.45 loss:0.023 grdn:1.949 lr:4.5e-05 updt_s:1.372 data_s:1.677
INFO 2026-06-13 11:53:21 ot_train.py:459 step:32K smpl:16M ep:22K epch:435.17 loss:0.016 grdn:1.846 lr:4.5e-05 updt_s:1.603 data_s:1.490
INFO 2026-06-13 12:03:53 ot_train.py:459 step:32K smpl:16M ep:22K epch:437.89 loss:0.023 grdn:2.017 lr:4.5e-05 updt_s:1.894 data_s:1.261
INFO 2026-06-13 12:14:17 ot_train.py:459 step:32K smpl:16M ep:22K epch:440.61 loss:0.030 grdn:2.147 lr:4.5e-05 updt_s:1.711 data_s:1.406
INFO 2026-06-13 12:24:52 ot_train.py:459 step:33K smpl:16M ep:22K epch:443.33 loss:0.021 grdn:1.870 lr:4.5e-05 updt_s:1.661 data_s:1.508
INFO 2026-06-13 12:35:19 ot_train.py:459 step:33K smpl:16M ep:22K epch:446.05 loss:0.026 grdn:2.002 lr:4.5e-05 updt_s:2.224 data_s:0.912
INFO 2026-06-13 12:45:32 ot_train.py:459 step:33K smpl:16M ep:22K epch:448.77 loss:0.032 grdn:2.111 lr:4.5e-05 updt_s:2.041 data_s:1.020
INFO 2026-06-13 12:56:08 ot_train.py:459 step:33K smpl:16M ep:23K epch:451.49 loss:0.018 grdn:2.000 lr:4.5e-05 updt_s:2.125 data_s:1.051
INFO 2026-06-13 13:06:32 ot_train.py:459 step:33K smpl:17M ep:23K epch:454.21 loss:0.018 grdn:1.871 lr:4.5e-05 updt_s:1.603 data_s:1.513
INFO 2026-06-13 13:16:59 ot_train.py:459 step:34K smpl:17M ep:23K epch:456.93 loss:0.035 grdn:2.190 lr:4.5e-05 updt_s:2.012 data_s:1.120
INFO 2026-06-13 13:27:10 ot_train.py:459 step:34K smpl:17M ep:23K epch:459.65 loss:0.014 grdn:1.705 lr:4.5e-05 updt_s:2.095 data_s:0.954
INFO 2026-06-13 13:37:25 ot_train.py:459 step:34K smpl:17M ep:23K epch:462.37 loss:0.013 grdn:1.725 lr:4.5e-05 updt_s:1.690 data_s:1.384
INFO 2026-06-13 13:47:59 ot_train.py:459 step:34K smpl:17M ep:23K epch:465.09 loss:0.023 grdn:1.947 lr:4.5e-05 updt_s:1.864 data_s:1.299
INFO 2026-06-13 13:58:27 ot_train.py:459 step:34K smpl:17M ep:23K epch:467.81 loss:0.023 grdn:1.860 lr:4.5e-05 updt_s:1.620 data_s:1.517
INFO 2026-06-13 14:08:37 ot_train.py:459 step:35K smpl:17M ep:24K epch:470.53 loss:0.027 grdn:2.130 lr:4.5e-05 updt_s:1.604 data_s:1.443
INFO 2026-06-13 14:19:03 ot_train.py:459 step:35K smpl:17M ep:24K epch:473.25 loss:0.018 grdn:1.849 lr:4.5e-05 updt_s:2.101 data_s:1.027
INFO 2026-06-13 14:29:08 ot_train.py:459 step:35K smpl:17M ep:24K epch:475.97 loss:0.026 grdn:2.033 lr:4.5e-05 updt_s:1.624 data_s:1.399
INFO 2026-06-13 14:39:41 ot_train.py:459 step:35K smpl:17M ep:24K epch:478.69 loss:0.021 grdn:1.925 lr:4.5e-05 updt_s:2.344 data_s:0.816
INFO 2026-06-13 14:50:06 ot_train.py:459 step:35K smpl:18M ep:24K epch:481.41 loss:0.022 grdn:1.985 lr:4.5e-05 updt_s:1.958 data_s:1.163
INFO 2026-06-13 15:00:35 ot_train.py:459 step:36K smpl:18M ep:24K epch:484.13 loss:0.022 grdn:1.864 lr:4.5e-05 updt_s:1.980 data_s:1.157
INFO 2026-06-13 15:10:55 ot_train.py:459 step:36K smpl:18M ep:24K epch:486.85 loss:0.023 grdn:1.877 lr:4.5e-05 updt_s:1.966 data_s:1.129
INFO 2026-06-13 15:21:20 ot_train.py:459 step:36K smpl:18M ep:24K epch:489.57 loss:0.031 grdn:2.079 lr:4.5e-05 updt_s:1.782 data_s:1.341
INFO 2026-06-13 15:31:49 ot_train.py:459 step:36K smpl:18M ep:25K epch:492.29 loss:0.021 grdn:1.900 lr:4.5e-05 updt_s:2.135 data_s:1.004
INFO 2026-06-13 15:42:26 ot_train.py:459 step:36K smpl:18M ep:25K epch:495.01 loss:0.024 grdn:1.990 lr:4.5e-05 updt_s:1.946 data_s:1.233
INFO 2026-06-13 15:52:41 ot_train.py:459 step:37K smpl:18M ep:25K epch:497.73 loss:0.018 grdn:1.912 lr:4.5e-05 updt_s:1.655 data_s:1.421
INFO 2026-06-13 16:02:53 ot_train.py:459 step:37K smpl:18M ep:25K epch:500.45 loss:0.025 grdn:1.959 lr:4.5e-05 updt_s:1.903 data_s:1.152
INFO 2026-06-13 16:12:56 ot_train.py:459 step:37K smpl:18M ep:25K epch:503.17 loss:0.027 grdn:1.970 lr:4.5e-05 updt_s:1.609 data_s:1.403
INFO 2026-06-13 16:23:34 ot_train.py:459 step:37K smpl:18M ep:25K epch:505.89 loss:0.025 grdn:1.990 lr:4.5e-05 updt_s:1.837 data_s:1.352
INFO 2026-06-13 16:34:02 ot_train.py:459 step:37K smpl:19M ep:25K epch:508.61 loss:0.019 grdn:1.940 lr:4.5e-05 updt_s:1.507 data_s:1.627
INFO 2026-06-13 16:44:36 ot_train.py:459 step:38K smpl:19M ep:26K epch:511.33 loss:0.013 grdn:1.886 lr:4.5e-05 updt_s:1.773 data_s:1.393
INFO 2026-06-13 16:54:55 ot_train.py:459 step:38K smpl:19M ep:26K epch:514.05 loss:0.022 grdn:1.994 lr:4.5e-05 updt_s:1.727 data_s:1.358
INFO 2026-06-13 17:05:11 ot_train.py:459 step:38K smpl:19M ep:26K epch:516.77 loss:0.020 grdn:1.928 lr:4.5e-05 updt_s:1.431 data_s:1.646
INFO 2026-06-13 17:15:39 ot_train.py:459 step:38K smpl:19M ep:26K epch:519.49 loss:0.021 grdn:1.920 lr:4.5e-05 updt_s:1.769 data_s:1.365
INFO 2026-06-13 17:25:54 ot_train.py:459 step:38K smpl:19M ep:26K epch:522.21 loss:0.028 grdn:2.089 lr:4.5e-05 updt_s:1.633 data_s:1.443
INFO 2026-06-13 17:36:00 ot_train.py:459 step:39K smpl:19M ep:26K epch:524.93 loss:0.023 grdn:1.970 lr:4.5e-05 updt_s:1.310 data_s:1.714
INFO 2026-06-13 17:46:33 ot_train.py:459 step:39K smpl:19M ep:26K epch:527.65 loss:0.021 grdn:1.941 lr:4.5e-05 updt_s:1.835 data_s:1.327
INFO 2026-06-13 17:56:59 ot_train.py:459 step:39K smpl:19M ep:27K epch:530.36 loss:0.020 grdn:1.908 lr:4.5e-05 updt_s:2.319 data_s:0.810
INFO 2026-06-13 18:07:26 ot_train.py:459 step:39K smpl:19M ep:27K epch:533.08 loss:0.021 grdn:1.914 lr:4.5e-05 updt_s:2.064 data_s:1.065
INFO 2026-06-13 18:17:50 ot_train.py:459 step:39K smpl:20M ep:27K epch:535.80 loss:0.031 grdn:2.119 lr:4.5e-05 updt_s:1.852 data_s:1.262
INFO 2026-06-13 18:28:13 ot_train.py:459 step:40K smpl:20M ep:27K epch:538.52 loss:0.014 grdn:1.873 lr:4.5e-05 updt_s:1.648 data_s:1.465
INFO 2026-06-13 18:38:21 ot_train.py:459 step:40K smpl:20M ep:27K epch:541.24 loss:0.014 grdn:1.850 lr:4.5e-05 updt_s:1.205 data_s:1.832
INFO 2026-06-13 18:48:36 ot_train.py:459 step:40K smpl:20M ep:27K epch:543.96 loss:0.017 grdn:1.877 lr:4.5e-05 updt_s:1.243 data_s:1.831
INFO 2026-06-13 18:48:36 ot_train.py:479 Checkpoint policy after step 40000
DEBUG 2026-06-13 18:48:37 tionpool.py:289 Resetting dropped connection: api.wandb.ai
DEBUG 2026-06-13 18:48:37 tionpool.py:544 https://api.wandb.ai:443 "POST /graphql HTTP/1.1" 200 None
INFO 2026-06-13 18:59:07 ot_train.py:459 step:40K smpl:20M ep:27K epch:546.68 loss:0.020 grdn:2.017 lr:4.5e-05 updt_s:2.026 data_s:1.120
INFO 2026-06-13 19:09:14 ot_train.py:459 step:40K smpl:20M ep:27K epch:549.40 loss:0.016 grdn:1.862 lr:4.5e-05 updt_s:1.176 data_s:1.857
INFO 2026-06-13 19:19:43 ot_train.py:459 step:41K smpl:20M ep:28K epch:552.12 loss:0.018 grdn:1.779 lr:4.5e-05 updt_s:1.561 data_s:1.578
INFO 2026-06-13 19:30:09 ot_train.py:459 step:41K smpl:20M ep:28K epch:554.84 loss:0.014 grdn:1.674 lr:4.5e-05 updt_s:1.884 data_s:1.243
INFO 2026-06-13 19:40:27 ot_train.py:459 step:41K smpl:20M ep:28K epch:557.56 loss:0.020 grdn:1.789 lr:4.5e-05 updt_s:1.443 data_s:1.644
INFO 2026-06-13 19:50:33 ot_train.py:459 step:41K smpl:20M ep:28K epch:560.28 loss:0.011 grdn:1.753 lr:4.5e-05 updt_s:1.976 data_s:1.052
INFO 2026-06-13 20:00:54 ot_train.py:459 step:41K smpl:21M ep:28K epch:563.00 loss:0.020 grdn:1.925 lr:4.5e-05 updt_s:2.118 data_s:0.980
INFO 2026-06-13 20:11:21 ot_train.py:459 step:42K smpl:21M ep:28K epch:565.72 loss:0.018 grdn:1.948 lr:4.5e-05 updt_s:1.699 data_s:1.433
INFO 2026-06-13 20:21:36 ot_train.py:459 step:42K smpl:21M ep:28K epch:568.44 loss:0.013 grdn:1.868 lr:4.5e-05 updt_s:1.101 data_s:1.968
INFO 2026-06-13 20:31:44 ot_train.py:459 step:42K smpl:21M ep:29K epch:571.16 loss:0.012 grdn:1.820 lr:4.5e-05 updt_s:1.641 data_s:1.397
INFO 2026-06-13 20:42:16 ot_train.py:459 step:42K smpl:21M ep:29K epch:573.88 loss:0.014 grdn:1.822 lr:4.5e-05 updt_s:2.304 data_s:0.852
INFO 2026-06-13 20:52:25 ot_train.py:459 step:42K smpl:21M ep:29K epch:576.60 loss:0.023 grdn:1.967 lr:4.5e-05 updt_s:1.668 data_s:1.374
INFO 2026-06-13 21:02:46 ot_train.py:459 step:43K smpl:21M ep:29K epch:579.32 loss:0.015 grdn:1.837 lr:4.5e-05 updt_s:2.068 data_s:1.034
INFO 2026-06-13 21:13:03 ot_train.py:459 step:43K smpl:21M ep:29K epch:582.04 loss:0.017 grdn:1.952 lr:4.5e-05 updt_s:1.536 data_s:1.548
INFO 2026-06-13 21:23:10 ot_train.py:459 step:43K smpl:21M ep:29K epch:584.76 loss:0.019 grdn:1.868 lr:4.5e-05 updt_s:2.095 data_s:0.938
INFO 2026-06-13 21:33:22 ot_train.py:459 step:43K smpl:21M ep:29K epch:587.48 loss:0.020 grdn:2.014 lr:4.5e-05 updt_s:1.932 data_s:1.123
INFO 2026-06-13 21:43:45 ot_train.py:459 step:43K smpl:22M ep:30K epch:590.20 loss:0.012 grdn:1.799 lr:4.5e-05 updt_s:1.504 data_s:1.609
INFO 2026-06-13 21:54:22 ot_train.py:459 step:44K smpl:22M ep:30K epch:592.92 loss:0.013 grdn:1.814 lr:4.5e-05 updt_s:2.321 data_s:0.860
INFO 2026-06-13 22:04:30 ot_train.py:459 step:44K smpl:22M ep:30K epch:595.64 loss:0.008 grdn:1.689 lr:4.5e-05 updt_s:1.698 data_s:1.342
INFO 2026-06-13 22:14:39 ot_train.py:459 step:44K smpl:22M ep:30K epch:598.36 loss:0.012 grdn:1.846 lr:4.5e-05 updt_s:1.615 data_s:1.430
INFO 2026-06-13 22:25:03 ot_train.py:459 step:44K smpl:22M ep:30K epch:601.08 loss:0.017 grdn:1.782 lr:4.5e-05 updt_s:1.776 data_s:1.338
INFO 2026-06-13 22:35:25 ot_train.py:459 step:44K smpl:22M ep:30K epch:603.80 loss:0.016 grdn:1.877 lr:4.5e-05 updt_s:2.485 data_s:0.620
INFO 2026-06-13 22:45:53 ot_train.py:459 step:45K smpl:22M ep:30K epch:606.52 loss:0.013 grdn:1.964 lr:4.5e-05 updt_s:1.915 data_s:1.218
INFO 2026-06-13 22:56:27 ot_train.py:459 step:45K smpl:22M ep:30K epch:609.24 loss:0.005 grdn:1.749 lr:4.5e-05 updt_s:1.913 data_s:1.253
INFO 2026-06-13 23:06:55 ot_train.py:459 step:45K smpl:22M ep:31K epch:611.96 loss:0.008 grdn:1.725 lr:4.5e-05 updt_s:1.953 data_s:1.187
INFO 2026-06-13 23:17:15 ot_train.py:459 step:45K smpl:22M ep:31K epch:614.68 loss:0.018 grdn:1.933 lr:4.5e-05 updt_s:1.626 data_s:1.469
INFO 2026-06-13 23:27:27 ot_train.py:459 step:45K smpl:23M ep:31K epch:617.40 loss:0.016 grdn:1.909 lr:4.5e-05 updt_s:1.805 data_s:1.252
INFO 2026-06-13 23:37:44 ot_train.py:459 step:46K smpl:23M ep:31K epch:620.12 loss:0.016 grdn:1.967 lr:4.5e-05 updt_s:1.454 data_s:1.628
INFO 2026-06-13 23:47:50 ot_train.py:459 step:46K smpl:23M ep:31K epch:622.84 loss:0.007 grdn:1.692 lr:4.5e-05 updt_s:1.406 data_s:1.618
INFO 2026-06-13 23:58:10 ot_train.py:459 step:46K smpl:23M ep:31K epch:625.56 loss:0.010 grdn:1.738 lr:4.5e-05 updt_s:1.626 data_s:1.471
INFO 2026-06-14 00:08:22 ot_train.py:459 step:46K smpl:23M ep:31K epch:628.28 loss:0.015 grdn:1.861 lr:4.5e-05 updt_s:1.847 data_s:1.211
INFO 2026-06-14 00:18:34 ot_train.py:459 step:46K smpl:23M ep:32K epch:631.00 loss:0.011 grdn:1.785 lr:4.5e-05 updt_s:1.914 data_s:1.144
INFO 2026-06-14 00:28:53 ot_train.py:459 step:47K smpl:23M ep:32K epch:633.72 loss:0.019 grdn:1.955 lr:4.5e-05 updt_s:2.056 data_s:1.037
INFO 2026-06-14 00:39:10 ot_train.py:459 step:47K smpl:23M ep:32K epch:636.44 loss:0.014 grdn:1.795 lr:4.5e-05 updt_s:1.378 data_s:1.700
INFO 2026-06-14 00:49:17 ot_train.py:459 step:47K smpl:23M ep:32K epch:639.16 loss:0.012 grdn:1.853 lr:4.5e-05 updt_s:1.626 data_s:1.405
INFO 2026-06-14 00:59:31 ot_train.py:459 step:47K smpl:23M ep:32K epch:641.88 loss:0.013 grdn:1.788 lr:4.5e-05 updt_s:1.780 data_s:1.287
INFO 2026-06-14 01:10:08 ot_train.py:459 step:47K smpl:24M ep:32K epch:644.60 loss:0.021 grdn:1.863 lr:4.5e-05 updt_s:2.253 data_s:0.928
INFO 2026-06-14 01:20:20 ot_train.py:459 step:48K smpl:24M ep:32K epch:647.32 loss:0.026 grdn:2.002 lr:4.5e-05 updt_s:1.999 data_s:1.058
INFO 2026-06-14 01:30:40 ot_train.py:459 step:48K smpl:24M ep:33K epch:650.04 loss:0.015 grdn:1.716 lr:4.5e-05 updt_s:1.811 data_s:1.286
INFO 2026-06-14 01:41:05 ot_train.py:459 step:48K smpl:24M ep:33K epch:652.76 loss:0.020 grdn:1.854 lr:4.5e-05 updt_s:1.625 data_s:1.499
INFO 2026-06-14 01:51:30 ot_train.py:459 step:48K smpl:24M ep:33K epch:655.48 loss:0.018 grdn:1.769 lr:4.5e-05 updt_s:1.734 data_s:1.385
INFO 2026-06-14 02:01:52 ot_train.py:459 step:48K smpl:24M ep:33K epch:658.20 loss:0.020 grdn:1.811 lr:4.5e-05 updt_s:1.923 data_s:1.181
INFO 2026-06-14 02:11:57 ot_train.py:459 step:49K smpl:24M ep:33K epch:660.92 loss:0.014 grdn:1.727 lr:4.5e-05 updt_s:1.327 data_s:1.699
INFO 2026-06-14 02:22:11 ot_train.py:459 step:49K smpl:24M ep:33K epch:663.64 loss:0.009 grdn:1.736 lr:4.5e-05 updt_s:1.388 data_s:1.678
INFO 2026-06-14 02:32:22 ot_train.py:459 step:49K smpl:24M ep:33K epch:666.36 loss:0.011 grdn:1.808 lr:4.5e-05 updt_s:1.311 data_s:1.739
INFO 2026-06-14 02:42:22 ot_train.py:459 step:49K smpl:24M ep:33K epch:669.08 loss:0.010 grdn:1.783 lr:4.5e-05 updt_s:1.350 data_s:1.648
INFO 2026-06-14 02:52:40 ot_train.py:459 step:49K smpl:25M ep:34K epch:671.80 loss:0.011 grdn:1.862 lr:4.5e-05 updt_s:1.647 data_s:1.440
INFO 2026-06-14 03:02:55 ot_train.py:459 step:50K smpl:25M ep:34K epch:674.52 loss:0.009 grdn:1.751 lr:4.5e-05 updt_s:1.617 data_s:1.455
INFO 2026-06-14 03:12:56 ot_train.py:459 step:50K smpl:25M ep:34K epch:677.24 loss:0.014 grdn:1.814 lr:4.5e-05 updt_s:1.978 data_s:1.022
INFO 2026-06-14 03:23:15 ot_train.py:459 step:50K smpl:25M ep:34K epch:679.96 loss:0.011 grdn:1.744 lr:4.5e-05 updt_s:1.573 data_s:1.518
INFO 2026-06-14 03:23:15 ot_train.py:479 Checkpoint policy after step 50000
DEBUG 2026-06-14 03:23:16 tionpool.py:289 Resetting dropped connection: api.wandb.ai
DEBUG 2026-06-14 03:23:16 tionpool.py:544 https://api.wandb.ai:443 "POST /graphql HTTP/1.1" 200 None
INFO 2026-06-14 03:33:34 ot_train.py:459 step:50K smpl:25M ep:34K epch:682.67 loss:0.015 grdn:1.771 lr:4.5e-05 updt_s:1.776 data_s:1.313
INFO 2026-06-14 03:43:52 ot_train.py:459 step:50K smpl:25M ep:34K epch:685.39 loss:0.010 grdn:1.788 lr:4.5e-05 updt_s:1.918 data_s:1.165
INFO 2026-06-14 03:54:04 ot_train.py:459 step:51K smpl:25M ep:34K epch:688.11 loss:0.014 grdn:1.890 lr:4.5e-05 updt_s:0.837 data_s:2.221
INFO 2026-06-14 04:04:25 ot_train.py:459 step:51K smpl:25M ep:35K epch:690.83 loss:0.013 grdn:1.833 lr:4.5e-05 updt_s:1.803 data_s:1.301
INFO 2026-06-14 04:14:40 ot_train.py:459 step:51K smpl:25M ep:35K epch:693.55 loss:0.012 grdn:1.931 lr:4.5e-05 updt_s:1.571 data_s:1.500
INFO 2026-06-14 04:25:05 ot_train.py:459 step:51K smpl:25M ep:35K epch:696.27 loss:0.020 grdn:1.923 lr:4.5e-05 updt_s:1.642 data_s:1.480
INFO 2026-06-14 04:35:25 ot_train.py:459 step:51K smpl:25M ep:35K epch:698.99 loss:0.016 grdn:1.865 lr:4.5e-05 updt_s:2.263 data_s:0.835
INFO 2026-06-14 04:45:49 ot_train.py:459 step:52K smpl:26M ep:35K epch:701.71 loss:0.013 grdn:1.837 lr:4.5e-05 updt_s:1.355 data_s:1.757
INFO 2026-06-14 04:56:17 ot_train.py:459 step:52K smpl:26M ep:35K epch:704.43 loss:0.010 grdn:1.824 lr:4.5e-05 updt_s:2.724 data_s:0.416
INFO 2026-06-14 05:06:28 ot_train.py:459 step:52K smpl:26M ep:35K epch:707.15 loss:0.007 grdn:1.781 lr:4.5e-05 updt_s:1.654 data_s:1.396
INFO 2026-06-14 05:16:49 ot_train.py:459 step:52K smpl:26M ep:35K epch:709.87 loss:0.011 grdn:1.832 lr:4.5e-05 updt_s:1.722 data_s:1.375
INFO 2026-06-14 05:27:13 ot_train.py:459 step:52K smpl:26M ep:36K epch:712.59 loss:0.013 grdn:1.754 lr:4.5e-05 updt_s:2.159 data_s:0.960
INFO 2026-06-14 05:37:22 ot_train.py:459 step:53K smpl:26M ep:36K epch:715.31 loss:0.020 grdn:1.975 lr:4.5e-05 updt_s:1.486 data_s:1.556
INFO 2026-06-14 05:47:33 ot_train.py:459 step:53K smpl:26M ep:36K epch:718.03 loss:0.017 grdn:1.967 lr:4.5e-05 updt_s:0.976 data_s:2.075
INFO 2026-06-14 05:57:48 ot_train.py:459 step:53K smpl:26M ep:36K epch:720.75 loss:0.015 grdn:1.893 lr:4.5e-05 updt_s:1.815 data_s:1.258
INFO 2026-06-14 06:07:57 ot_train.py:459 step:53K smpl:26M ep:36K epch:723.47 loss:0.010 grdn:1.862 lr:4.5e-05 updt_s:1.627 data_s:1.415
INFO 2026-06-14 06:18:09 ot_train.py:459 step:53K smpl:26M ep:36K epch:726.19 loss:0.008 grdn:1.756 lr:4.5e-05 updt_s:1.305 data_s:1.753
INFO 2026-06-14 06:28:44 ot_train.py:459 step:54K smpl:27M ep:36K epch:728.91 loss:0.010 grdn:1.717 lr:4.5e-05 updt_s:2.444 data_s:0.726
INFO 2026-06-14 06:38:48 ot_train.py:459 step:54K smpl:27M ep:37K epch:731.63 loss:0.008 grdn:1.749 lr:4.5e-05 updt_s:1.482 data_s:1.535
INFO 2026-06-14 06:49:13 ot_train.py:459 step:54K smpl:27M ep:37K epch:734.35 loss:0.018 grdn:1.933 lr:4.5e-05 updt_s:1.684 data_s:1.439
INFO 2026-06-14 06:59:25 ot_train.py:459 step:54K smpl:27M ep:37K epch:737.07 loss:0.017 grdn:1.919 lr:4.5e-05 updt_s:1.710 data_s:1.347
INFO 2026-06-14 07:09:36 ot_train.py:459 step:54K smpl:27M ep:37K epch:739.79 loss:0.007 grdn:1.930 lr:4.5e-05 updt_s:1.256 data_s:1.795
INFO 2026-06-14 07:19:53 ot_train.py:459 step:55K smpl:27M ep:37K epch:742.51 loss:0.007 grdn:1.737 lr:4.5e-05 updt_s:1.602 data_s:1.475
INFO 2026-06-14 07:30:15 ot_train.py:459 step:55K smpl:27M ep:37K epch:745.23 loss:0.004 grdn:1.822 lr:4.5e-05 updt_s:1.972 data_s:1.133
INFO 2026-06-14 07:40:18 ot_train.py:459 step:55K smpl:27M ep:37K epch:747.95 loss:0.004 grdn:1.899 lr:4.5e-05 updt_s:1.649 data_s:1.363
INFO 2026-06-14 07:50:25 ot_train.py:459 step:55K smpl:27M ep:38K epch:750.67 loss:0.009 grdn:1.766 lr:4.5e-05 updt_s:1.937 data_s:1.096
INFO 2026-06-14 08:00:37 ot_train.py:459 step:55K smpl:27M ep:38K epch:753.39 loss:0.012 grdn:1.925 lr:4.5e-05 updt_s:1.786 data_s:1.273
INFO 2026-06-14 08:11:11 ot_train.py:459 step:56K smpl:28M ep:38K epch:756.11 loss:0.012 grdn:1.932 lr:4.5e-05 updt_s:2.303 data_s:0.860
INFO 2026-06-14 08:21:34 ot_train.py:459 step:56K smpl:28M ep:38K epch:758.83 loss:0.004 grdn:1.846 lr:4.5e-05 updt_s:1.747 data_s:1.367
INFO 2026-06-14 08:31:45 ot_train.py:459 step:56K smpl:28M ep:38K epch:761.55 loss:0.007 grdn:1.812 lr:4.5e-05 updt_s:1.573 data_s:1.479
INFO 2026-06-14 08:42:02 ot_train.py:459 step:56K smpl:28M ep:38K epch:764.27 loss:0.006 grdn:1.696 lr:4.5e-05 updt_s:1.218 data_s:1.863
INFO 2026-06-14 08:52:28 ot_train.py:459 step:56K smpl:28M ep:38K epch:766.99 loss:0.010 grdn:1.848 lr:4.5e-05 updt_s:1.490 data_s:1.635
INFO 2026-06-14 09:02:53 ot_train.py:459 step:57K smpl:28M ep:38K epch:769.71 loss:0.007 grdn:1.850 lr:4.5e-05 updt_s:1.915 data_s:1.203
INFO 2026-06-14 09:13:00 ot_train.py:459 step:57K smpl:28M ep:39K epch:772.43 loss:0.002 grdn:1.841 lr:4.5e-05 updt_s:1.676 data_s:1.360
INFO 2026-06-14 09:23:22 ot_train.py:459 step:57K smpl:28M ep:39K epch:775.15 loss:0.008 grdn:1.920 lr:4.5e-05 updt_s:1.495 data_s:1.610
INFO 2026-06-14 09:33:25 ot_train.py:459 step:57K smpl:28M ep:39K epch:777.87 loss:0.011 grdn:1.954 lr:4.5e-05 updt_s:1.696 data_s:1.315
INFO 2026-06-14 09:43:42 ot_train.py:459 step:57K smpl:28M ep:39K epch:780.59 loss:-0.002 grdn:1.790 lr:4.5e-05 updt_s:1.685 data_s:1.398
INFO 2026-06-14 09:53:59 ot_train.py:459 step:58K smpl:29M ep:39K epch:783.31 loss:0.008 grdn:2.011 lr:4.5e-05 updt_s:1.662 data_s:1.417
INFO 2026-06-14 10:04:31 ot_train.py:459 step:58K smpl:29M ep:39K epch:786.03 loss:0.018 grdn:2.011 lr:4.5e-05 updt_s:2.322 data_s:0.833
INFO 2026-06-14 10:14:55 ot_train.py:459 step:58K smpl:29M ep:39K epch:788.75 loss:-0.002 grdn:1.728 lr:4.5e-05 updt_s:1.644 data_s:1.477
INFO 2026-06-14 10:25:12 ot_train.py:459 step:58K smpl:29M ep:40K epch:791.47 loss:-0.007 grdn:1.690 lr:4.5e-05 updt_s:1.575 data_s:1.506
INFO 2026-06-14 10:35:25 ot_train.py:459 step:58K smpl:29M ep:40K epch:794.19 loss:0.002 grdn:1.764 lr:4.5e-05 updt_s:1.765 data_s:1.295
INFO 2026-06-14 10:45:33 ot_train.py:459 step:59K smpl:29M ep:40K epch:796.91 loss:0.018 grdn:2.009 lr:4.5e-05 updt_s:1.261 data_s:1.775
INFO 2026-06-14 10:55:50 ot_train.py:459 step:59K smpl:29M ep:40K epch:799.63 loss:-0.000 grdn:1.758 lr:4.5e-05 updt_s:1.781 data_s:1.304
INFO 2026-06-14 11:06:04 ot_train.py:459 step:59K smpl:29M ep:40K epch:802.35 loss:-0.004 grdn:1.630 lr:4.5e-05 updt_s:1.999 data_s:1.063
INFO 2026-06-14 11:16:19 ot_train.py:459 step:59K smpl:29M ep:40K epch:805.07 loss:0.011 grdn:2.010 lr:4.5e-05 updt_s:1.777 data_s:1.299
INFO 2026-06-14 11:26:38 ot_train.py:459 step:59K smpl:29M ep:40K epch:807.79 loss:0.012 grdn:1.921 lr:4.5e-05 updt_s:1.793 data_s:1.296
INFO 2026-06-14 11:36:48 ot_train.py:459 step:60K smpl:30M ep:41K epch:810.51 loss:0.007 grdn:1.874 lr:4.5e-05 updt_s:2.109 data_s:0.940
INFO 2026-06-14 11:47:08 ot_train.py:459 step:60K smpl:30M ep:41K epch:813.23 loss:-0.003 grdn:1.684 lr:4.5e-05 updt_s:1.925 data_s:1.171
INFO 2026-06-14 11:57:27 ot_train.py:459 step:60K smpl:30M ep:41K epch:815.95 loss:0.007 grdn:1.768 lr:4.5e-05 updt_s:2.388 data_s:0.701
INFO 2026-06-14 11:57:27 ot_train.py:479 Checkpoint policy after step 60000
DEBUG 2026-06-14 11:57:27 tionpool.py:289 Resetting dropped connection: api.wandb.ai
DEBUG 2026-06-14 11:57:28 tionpool.py:544 https://api.wandb.ai:443 "POST /graphql HTTP/1.1" 200 None
INFO 2026-06-14 12:07:48 ot_train.py:459 step:60K smpl:30M ep:41K epch:818.67 loss:0.006 grdn:1.831 lr:4.5e-05 updt_s:1.856 data_s:1.244
INFO 2026-06-14 12:18:05 ot_train.py:459 step:60K smpl:30M ep:41K epch:821.39 loss:0.004 grdn:1.864 lr:4.5e-05 updt_s:2.050 data_s:1.029
INFO 2026-06-14 12:28:20 ot_train.py:459 step:61K smpl:30M ep:41K epch:824.11 loss:-0.003 grdn:1.677 lr:4.5e-05 updt_s:2.182 data_s:0.891
INFO 2026-06-14 12:38:46 ot_train.py:459 step:61K smpl:30M ep:41K epch:826.83 loss:0.002 grdn:1.802 lr:4.5e-05 updt_s:1.169 data_s:1.957
INFO 2026-06-14 12:49:01 ot_train.py:459 step:61K smpl:30M ep:41K epch:829.55 loss:0.007 grdn:1.874 lr:4.5e-05 updt_s:1.308 data_s:1.762
INFO 2026-06-14 12:59:09 ot_train.py:459 step:61K smpl:30M ep:42K epch:832.26 loss:0.009 grdn:1.946 lr:4.5e-05 updt_s:1.834 data_s:1.201
INFO 2026-06-14 13:09:18 ot_train.py:459 step:61K smpl:30M ep:42K epch:834.98 loss:0.008 grdn:1.896 lr:4.5e-05 updt_s:0.875 data_s:2.169
INFO 2026-06-14 13:19:36 ot_train.py:459 step:62K smpl:31M ep:42K epch:837.70 loss:0.010 grdn:1.932 lr:4.5e-05 updt_s:1.858 data_s:1.232
INFO 2026-06-14 13:30:00 ot_train.py:459 step:62K smpl:31M ep:42K epch:840.42 loss:0.011 grdn:1.816 lr:4.5e-05 updt_s:1.633 data_s:1.477
INFO 2026-06-14 13:40:05 ot_train.py:459 step:62K smpl:31M ep:42K epch:843.14 loss:0.014 grdn:1.986 lr:4.5e-05 updt_s:1.382 data_s:1.640
INFO 2026-06-14 13:50:19 ot_train.py:459 step:62K smpl:31M ep:42K epch:845.86 loss:0.005 grdn:1.848 lr:4.5e-05 updt_s:1.479 data_s:1.592
INFO 2026-06-14 14:00:43 ot_train.py:459 step:62K smpl:31M ep:42K epch:848.58 loss:0.000 grdn:1.710 lr:4.5e-05 updt_s:2.095 data_s:1.019
INFO 2026-06-14 14:10:57 ot_train.py:459 step:63K smpl:31M ep:43K epch:851.30 loss:0.008 grdn:1.860 lr:4.5e-05 updt_s:1.988 data_s:1.077
INFO 2026-06-14 14:21:09 ot_train.py:459 step:63K smpl:31M ep:43K epch:854.02 loss:0.012 grdn:1.877 lr:4.5e-05 updt_s:1.321 data_s:1.735
INFO 2026-06-14 14:31:46 ot_train.py:459 step:63K smpl:31M ep:43K epch:856.74 loss:0.004 grdn:1.787 lr:4.5e-05 updt_s:1.988 data_s:1.196
INFO 2026-06-14 14:42:04 ot_train.py:459 step:63K smpl:31M ep:43K epch:859.46 loss:0.008 grdn:1.907 lr:4.5e-05 updt_s:2.010 data_s:1.073
INFO 2026-06-14 14:52:17 ot_train.py:459 step:63K smpl:31M ep:43K epch:862.18 loss:0.012 grdn:1.945 lr:4.5e-05 updt_s:2.112 data_s:0.949
INFO 2026-06-14 15:02:37 ot_train.py:459 step:64K smpl:32M ep:43K epch:864.90 loss:-0.000 grdn:1.665 lr:4.5e-05 updt_s:1.753 data_s:1.347
INFO 2026-06-14 15:13:07 ot_train.py:459 step:64K smpl:32M ep:43K epch:867.62 loss:0.002 grdn:1.788 lr:4.5e-05 updt_s:2.394 data_s:0.752
INFO 2026-06-14 15:23:15 ot_train.py:459 step:64K smpl:32M ep:44K epch:870.34 loss:0.005 grdn:1.829 lr:4.5e-05 updt_s:1.749 data_s:1.288
INFO 2026-06-14 15:33:38 ot_train.py:459 step:64K smpl:32M ep:44K epch:873.06 loss:0.012 grdn:1.988 lr:4.5e-05 updt_s:1.744 data_s:1.366
INFO 2026-06-14 15:44:00 ot_train.py:459 step:64K smpl:32M ep:44K epch:875.78 loss:0.009 grdn:1.920 lr:4.5e-05 updt_s:2.017 data_s:1.091
INFO 2026-06-14 15:54:24 ot_train.py:459 step:65K smpl:32M ep:44K epch:878.50 loss:0.006 grdn:1.956 lr:4.5e-05 updt_s:0.795 data_s:2.323
INFO 2026-06-14 16:04:49 ot_train.py:459 step:65K smpl:32M ep:44K epch:881.22 loss:0.002 grdn:1.905 lr:4.5e-05 updt_s:2.101 data_s:1.021
INFO 2026-06-14 16:15:21 ot_train.py:459 step:65K smpl:32M ep:44K epch:883.94 loss:0.003 grdn:1.814 lr:4.5e-05 updt_s:1.625 data_s:1.529
INFO 2026-06-14 16:25:30 ot_train.py:459 step:65K smpl:32M ep:44K epch:886.66 loss:0.014 grdn:2.056 lr:4.5e-05 updt_s:1.791 data_s:1.253
INFO 2026-06-14 16:35:45 ot_train.py:459 step:65K smpl:32M ep:44K epch:889.38 loss:0.008 grdn:1.947 lr:4.5e-05 updt_s:1.794 data_s:1.278
INFO 2026-06-14 16:46:11 ot_train.py:459 step:66K smpl:33M ep:45K epch:892.10 loss:0.004 grdn:1.785 lr:4.5e-05 updt_s:1.844 data_s:1.281
INFO 2026-06-14 16:56:21 ot_train.py:459 step:66K smpl:33M ep:45K epch:894.82 loss:0.012 grdn:1.984 lr:4.5e-05 updt_s:1.527 data_s:1.516
INFO 2026-06-14 17:06:28 ot_train.py:459 step:66K smpl:33M ep:45K epch:897.54 loss:0.009 grdn:1.960 lr:4.5e-05 updt_s:1.478 data_s:1.557
INFO 2026-06-14 17:16:45 ot_train.py:459 step:66K smpl:33M ep:45K epch:900.26 loss:0.005 grdn:1.838 lr:4.5e-05 updt_s:1.619 data_s:1.465
INFO 2026-06-14 17:27:03 ot_train.py:459 step:66K smpl:33M ep:45K epch:902.98 loss:0.014 grdn:1.963 lr:4.5e-05 updt_s:2.172 data_s:0.910
INFO 2026-06-14 17:37:11 ot_train.py:459 step:67K smpl:33M ep:45K epch:905.70 loss:0.002 grdn:1.782 lr:4.5e-05 updt_s:2.150 data_s:0.888
INFO 2026-06-14 17:47:36 ot_train.py:459 step:67K smpl:33M ep:45K epch:908.42 loss:0.002 grdn:1.818 lr:4.5e-05 updt_s:1.595 data_s:1.528
INFO 2026-06-14 17:58:01 ot_train.py:459 step:67K smpl:33M ep:46K epch:911.14 loss:0.009 grdn:1.900 lr:4.5e-05 updt_s:1.948 data_s:1.169
INFO 2026-06-14 18:08:14 ot_train.py:459 step:67K smpl:33M ep:46K epch:913.86 loss:0.010 grdn:1.960 lr:4.5e-05 updt_s:1.653 data_s:1.409
INFO 2026-06-14 18:18:23 ot_train.py:459 step:67K smpl:33M ep:46K epch:916.58 loss:0.010 grdn:1.892 lr:4.5e-05 updt_s:2.157 data_s:0.885
INFO 2026-06-14 18:28:54 ot_train.py:459 step:68K smpl:34M ep:46K epch:919.30 loss:0.004 grdn:1.809 lr:4.5e-05 updt_s:2.080 data_s:1.076
INFO 2026-06-14 18:39:20 ot_train.py:459 step:68K smpl:34M ep:46K epch:922.02 loss:0.010 grdn:1.795 lr:4.5e-05 updt_s:1.694 data_s:1.429
INFO 2026-06-14 18:49:47 ot_train.py:459 step:68K smpl:34M ep:46K epch:924.74 loss:0.001 grdn:1.812 lr:4.5e-05 updt_s:2.331 data_s:0.802
INFO 2026-06-14 19:00:19 ot_train.py:459 step:68K smpl:34M ep:46K epch:927.46 loss:0.010 grdn:1.885 lr:4.5e-05 updt_s:2.321 data_s:0.836
INFO 2026-06-14 19:10:54 ot_train.py:459 step:68K smpl:34M ep:47K epch:930.18 loss:0.006 grdn:1.940 lr:4.5e-05 updt_s:2.244 data_s:0.927
INFO 2026-06-14 19:21:08 ot_train.py:459 step:69K smpl:34M ep:47K epch:932.90 loss:-0.001 grdn:1.796 lr:4.5e-05 updt_s:2.197 data_s:0.867
INFO 2026-06-14 19:31:19 ot_train.py:459 step:69K smpl:34M ep:47K epch:935.62 loss:0.007 grdn:1.987 lr:4.5e-05 updt_s:2.228 data_s:0.826
INFO 2026-06-14 19:41:42 ot_train.py:459 step:69K smpl:34M ep:47K epch:938.34 loss:0.012 grdn:1.940 lr:4.5e-05 updt_s:1.756 data_s:1.353
INFO 2026-06-14 19:51:56 ot_train.py:459 step:69K smpl:34M ep:47K epch:941.06 loss:-0.007 grdn:1.684 lr:4.5e-05 updt_s:1.893 data_s:1.176
INFO 2026-06-14 20:02:12 ot_train.py:459 step:69K smpl:34M ep:47K epch:943.78 loss:0.007 grdn:1.874 lr:4.5e-05 updt_s:1.994 data_s:1.080
INFO 2026-06-14 20:12:32 ot_train.py:459 step:70K smpl:35M ep:47K epch:946.50 loss:-0.001 grdn:1.719 lr:4.5e-05 updt_s:2.059 data_s:1.036
INFO 2026-06-14 20:22:48 ot_train.py:459 step:70K smpl:35M ep:47K epch:949.22 loss:0.007 grdn:1.965 lr:4.5e-05 updt_s:2.342 data_s:0.732
INFO 2026-06-14 20:33:00 ot_train.py:459 step:70K smpl:35M ep:48K epch:951.94 loss:-0.001 grdn:1.877 lr:4.5e-05 updt_s:1.867 data_s:1.191
INFO 2026-06-14 20:33:00 ot_train.py:479 Checkpoint policy after step 70000
DEBUG 2026-06-14 20:33:00 tionpool.py:289 Resetting dropped connection: api.wandb.ai
DEBUG 2026-06-14 20:33:01 tionpool.py:544 https://api.wandb.ai:443 "POST /graphql HTTP/1.1" 200 None
INFO 2026-06-14 20:43:31 ot_train.py:459 step:70K smpl:35M ep:48K epch:954.66 loss:0.002 grdn:1.777 lr:4.5e-05 updt_s:2.108 data_s:1.038
INFO 2026-06-14 20:53:57 ot_train.py:459 step:70K smpl:35M ep:48K epch:957.38 loss:-0.008 grdn:1.764 lr:4.5e-05 updt_s:1.933 data_s:1.193
INFO 2026-06-14 21:04:16 ot_train.py:459 step:71K smpl:35M ep:48K epch:960.10 loss:0.003 grdn:1.960 lr:4.5e-05 updt_s:1.710 data_s:1.381
INFO 2026-06-14 21:14:30 ot_train.py:459 step:71K smpl:35M ep:48K epch:962.82 loss:0.002 grdn:1.934 lr:4.5e-05 updt_s:1.692 data_s:1.372
INFO 2026-06-14 21:24:42 ot_train.py:459 step:71K smpl:35M ep:48K epch:965.54 loss:-0.005 grdn:1.753 lr:4.5e-05 updt_s:1.614 data_s:1.445
INFO 2026-06-14 21:35:07 ot_train.py:459 step:71K smpl:35M ep:48K epch:968.26 loss:-0.001 grdn:1.862 lr:4.5e-05 updt_s:1.818 data_s:1.300
INFO 2026-06-14 21:45:20 ot_train.py:459 step:71K smpl:35M ep:49K epch:970.98 loss:0.000 grdn:1.828 lr:4.5e-05 updt_s:2.301 data_s:0.762
INFO 2026-06-14 21:55:45 ot_train.py:459 step:72K smpl:36M ep:49K epch:973.70 loss:0.006 grdn:1.947 lr:4.5e-05 updt_s:2.151 data_s:0.968
INFO 2026-06-14 22:06:04 ot_train.py:459 step:72K smpl:36M ep:49K epch:976.42 loss:0.003 grdn:1.855 lr:4.5e-05 updt_s:1.648 data_s:1.445
INFO 2026-06-14 22:16:12 ot_train.py:459 step:72K smpl:36M ep:49K epch:979.14 loss:-0.014 grdn:1.621 lr:4.5e-05 updt_s:2.037 data_s:1.002
INFO 2026-06-14 22:26:35 ot_train.py:459 step:72K smpl:36M ep:49K epch:981.86 loss:-0.004 grdn:1.807 lr:4.5e-05 updt_s:1.979 data_s:1.127
INFO 2026-06-14 22:36:54 ot_train.py:459 step:72K smpl:36M ep:49K epch:984.57 loss:0.001 grdn:1.768 lr:4.5e-05 updt_s:2.245 data_s:0.845
INFO 2026-06-14 22:47:06 ot_train.py:459 step:73K smpl:36M ep:49K epch:987.29 loss:-0.002 grdn:1.765 lr:4.5e-05 updt_s:2.053 data_s:1.006
INFO 2026-06-14 22:57:23 ot_train.py:459 step:73K smpl:36M ep:50K epch:990.01 loss:-0.001 grdn:1.914 lr:4.5e-05 updt_s:1.946 data_s:1.132
INFO 2026-06-14 23:07:45 ot_train.py:459 step:73K smpl:36M ep:50K epch:992.73 loss:0.012 grdn:2.057 lr:4.5e-05 updt_s:1.750 data_s:1.357
INFO 2026-06-14 23:18:01 ot_train.py:459 step:73K smpl:36M ep:50K epch:995.45 loss:0.001 grdn:1.731 lr:4.5e-05 updt_s:1.610 data_s:1.469
INFO 2026-06-14 23:28:21 ot_train.py:459 step:73K smpl:36M ep:50K epch:998.17 loss:-0.005 grdn:1.788 lr:4.5e-05 updt_s:1.672 data_s:1.425
INFO 2026-06-14 23:38:43 ot_train.py:459 step:74K smpl:37M ep:50K epch:1000.89 loss:-0.001 grdn:1.830 lr:4.5e-05 updt_s:2.011 data_s:1.094
INFO 2026-06-14 23:48:54 ot_train.py:459 step:74K smpl:37M ep:50K epch:1003.61 loss:-0.010 grdn:1.727 lr:4.5e-05 updt_s:1.913 data_s:1.140
INFO 2026-06-14 23:59:12 ot_train.py:459 step:74K smpl:37M ep:50K epch:1006.33 loss:-0.003 grdn:1.818 lr:4.5e-05 updt_s:2.265 data_s:0.819
INFO 2026-06-15 00:09:57 ot_train.py:459 step:74K smpl:37M ep:50K epch:1009.05 loss:0.003 grdn:1.879 lr:4.5e-05 updt_s:2.152 data_s:1.072
INFO 2026-06-15 00:20:22 ot_train.py:459 step:74K smpl:37M ep:51K epch:1011.77 loss:0.008 grdn:2.018 lr:4.5e-05 updt_s:1.762 data_s:1.357
INFO 2026-06-15 00:31:05 ot_train.py:459 step:75K smpl:37M ep:51K epch:1014.49 loss:-0.001 grdn:1.845 lr:4.5e-05 updt_s:2.704 data_s:0.509
INFO 2026-06-15 00:41:27 ot_train.py:459 step:75K smpl:37M ep:51K epch:1017.21 loss:-0.004 grdn:1.785 lr:4.5e-05 updt_s:2.252 data_s:0.853
INFO 2026-06-15 00:51:53 ot_train.py:459 step:75K smpl:37M ep:51K epch:1019.93 loss:0.002 grdn:1.977 lr:4.5e-05 updt_s:1.975 data_s:1.155
INFO 2026-06-15 01:02:06 ot_train.py:459 step:75K smpl:37M ep:51K epch:1022.65 loss:0.003 grdn:1.935 lr:4.5e-05 updt_s:1.872 data_s:1.189
INFO 2026-06-15 01:12:15 ot_train.py:459 step:75K smpl:37M ep:51K epch:1025.37 loss:0.002 grdn:1.966 lr:4.5e-05 updt_s:1.829 data_s:1.215
INFO 2026-06-15 01:22:20 ot_train.py:459 step:76K smpl:37M ep:51K epch:1028.09 loss:-0.000 grdn:1.941 lr:4.5e-05 updt_s:1.655 data_s:1.368
INFO 2026-06-15 01:32:44 ot_train.py:459 step:76K smpl:38M ep:52K epch:1030.81 loss:0.000 grdn:1.883 lr:4.5e-05 updt_s:1.963 data_s:1.153
INFO 2026-06-15 01:42:56 ot_train.py:459 step:76K smpl:38M ep:52K epch:1033.53 loss:-0.011 grdn:1.707 lr:4.5e-05 updt_s:1.998 data_s:1.056
INFO 2026-06-15 01:53:19 ot_train.py:459 step:76K smpl:38M ep:52K epch:1036.25 loss:-0.014 grdn:1.728 lr:4.5e-05 updt_s:2.454 data_s:0.655
INFO 2026-06-15 02:03:48 ot_train.py:459 step:76K smpl:38M ep:52K epch:1038.97 loss:0.004 grdn:2.076 lr:4.5e-05 updt_s:2.098 data_s:1.044
INFO 2026-06-15 02:14:12 ot_train.py:459 step:77K smpl:38M ep:52K epch:1041.69 loss:0.009 grdn:1.927 lr:4.5e-05 updt_s:2.226 data_s:0.891
INFO 2026-06-15 02:24:34 ot_train.py:459 step:77K smpl:38M ep:52K epch:1044.41 loss:0.002 grdn:1.863 lr:4.5e-05 updt_s:2.039 data_s:1.067
INFO 2026-06-15 02:34:55 ot_train.py:459 step:77K smpl:38M ep:52K epch:1047.13 loss:0.001 grdn:1.892 lr:4.5e-05 updt_s:2.082 data_s:1.022
INFO 2026-06-15 02:45:08 ot_train.py:459 step:77K smpl:38M ep:52K epch:1049.85 loss:-0.004 grdn:1.837 lr:4.5e-05 updt_s:2.254 data_s:0.803
INFO 2026-06-15 02:55:28 ot_train.py:459 step:77K smpl:38M ep:53K epch:1052.57 loss:0.005 grdn:1.951 lr:4.5e-05 updt_s:2.018 data_s:1.078
INFO 2026-06-15 03:06:05 ot_train.py:459 step:78K smpl:38M ep:53K epch:1055.29 loss:0.012 grdn:2.099 lr:4.5e-05 updt_s:2.272 data_s:0.908
INFO 2026-06-15 03:16:23 ot_train.py:459 step:78K smpl:39M ep:53K epch:1058.01 loss:0.001 grdn:1.829 lr:4.5e-05 updt_s:1.662 data_s:1.421
INFO 2026-06-15 03:26:49 ot_train.py:459 step:78K smpl:39M ep:53K epch:1060.73 loss:-0.002 grdn:1.823 lr:4.5e-05 updt_s:2.431 data_s:0.693
INFO 2026-06-15 03:36:53 ot_train.py:459 step:78K smpl:39M ep:53K epch:1063.45 loss:0.003 grdn:1.920 lr:4.5e-05 updt_s:2.027 data_s:0.989
INFO 2026-06-15 03:47:13 ot_train.py:459 step:78K smpl:39M ep:53K epch:1066.17 loss:0.006 grdn:1.942 lr:4.5e-05 updt_s:1.941 data_s:1.158
INFO 2026-06-15 03:57:35 ot_train.py:459 step:79K smpl:39M ep:53K epch:1068.89 loss:0.005 grdn:1.986 lr:4.5e-05 updt_s:1.830 data_s:1.278
INFO 2026-06-15 04:07:45 ot_train.py:459 step:79K smpl:39M ep:54K epch:1071.61 loss:0.002 grdn:1.800 lr:4.5e-05 updt_s:2.015 data_s:1.032
INFO 2026-06-15 04:18:05 ot_train.py:459 step:79K smpl:39M ep:54K epch:1074.33 loss:0.005 grdn:1.928 lr:4.5e-05 updt_s:2.036 data_s:1.061
INFO 2026-06-15 04:28:33 ot_train.py:459 step:79K smpl:39M ep:54K epch:1077.05 loss:-0.006 grdn:1.770 lr:4.5e-05 updt_s:2.205 data_s:0.929
INFO 2026-06-15 04:38:55 ot_train.py:459 step:79K smpl:39M ep:54K epch:1079.77 loss:0.000 grdn:1.821 lr:4.5e-05 updt_s:2.444 data_s:0.662
INFO 2026-06-15 04:49:05 ot_train.py:459 step:80K smpl:39M ep:54K epch:1082.49 loss:0.008 grdn:2.011 lr:4.5e-05 updt_s:1.645 data_s:1.399
INFO 2026-06-15 04:59:23 ot_train.py:459 step:80K smpl:40M ep:54K epch:1085.21 loss:0.007 grdn:1.999 lr:4.5e-05 updt_s:1.663 data_s:1.425
INFO 2026-06-15 05:09:53 ot_train.py:459 step:80K smpl:40M ep:54K epch:1087.93 loss:0.006 grdn:2.003 lr:4.5e-05 updt_s:2.351 data_s:0.794
INFO 2026-06-15 05:09:53 ot_train.py:479 Checkpoint policy after step 80000
DEBUG 2026-06-15 05:09:54 tionpool.py:289 Resetting dropped connection: api.wandb.ai
DEBUG 2026-06-15 05:09:54 tionpool.py:544 https://api.wandb.ai:443 "POST /graphql HTTP/1.1" 200 None
INFO 2026-06-15 05:20:11 ot_train.py:459 step:80K smpl:40M ep:55K epch:1090.65 loss:0.006 grdn:2.056 lr:4.5e-05 updt_s:1.910 data_s:1.173
INFO 2026-06-15 05:30:45 ot_train.py:459 step:80K smpl:40M ep:55K epch:1093.37 loss:0.002 grdn:1.911 lr:4.5e-05 updt_s:2.312 data_s:0.851
INFO 2026-06-15 05:41:03 ot_train.py:459 step:81K smpl:40M ep:55K epch:1096.09 loss:-0.000 grdn:1.851 lr:4.5e-05 updt_s:1.961 data_s:1.124
INFO 2026-06-15 05:51:21 ot_train.py:459 step:81K smpl:40M ep:55K epch:1098.81 loss:-0.005 grdn:1.839 lr:4.5e-05 updt_s:1.899 data_s:1.186
INFO 2026-06-15 06:01:37 ot_train.py:459 step:81K smpl:40M ep:55K epch:1101.53 loss:0.007 grdn:2.013 lr:4.5e-05 updt_s:1.989 data_s:1.088
INFO 2026-06-15 06:11:46 ot_train.py:459 step:81K smpl:40M ep:55K epch:1104.25 loss:0.006 grdn:1.947 lr:4.5e-05 updt_s:1.745 data_s:1.294
INFO 2026-06-15 06:21:54 ot_train.py:459 step:81K smpl:40M ep:55K epch:1106.97 loss:0.003 grdn:1.848 lr:4.5e-05 updt_s:1.846 data_s:1.188
