INFO 2026-07-14 21:22:04 ot_train.py:217 {'batch_size': 176,
 'checkpoint_path': None,
 'cudnn_deterministic': False,
 'dataset': {'episodes': None,
             'image_transforms': {'enable': False,
                                  'max_num_transforms': 3,
                                  'random_order': False,
                                  'tfs': {'affine': {'kwargs': {'degrees': [-5.0,
                                                                            5.0],
                                                                'translate': [0.05,
                                                                              0.05]},
                                                     'type': 'RandomAffine',
                                                     'weight': 1.0},
                                          'brightness': {'kwargs': {'brightness': [0.8,
                                                                                   1.2]},
                                                         'type': 'ColorJitter',
                                                         'weight': 1.0},
                                          'contrast': {'kwargs': {'contrast': [0.8,
                                                                               1.2]},
                                                       'type': 'ColorJitter',
                                                       'weight': 1.0},
                                          'hue': {'kwargs': {'hue': [-0.05,
                                                                     0.05]},
                                                  'type': 'ColorJitter',
                                                  'weight': 1.0},
                                          'saturation': {'kwargs': {'saturation': [0.5,
                                                                                   1.5]},
                                                         'type': 'ColorJitter',
                                                         'weight': 1.0},
                                          'sharpness': {'kwargs': {'sharpness': [0.5,
                                                                                 1.5]},
                                                        'type': 'SharpnessJitter',
                                                        'weight': 1.0}}},
             'repo_id': 'coport-uni/FR5_task2_transfer_the_gray_tablets_from_the_brown_bottle_into_another_brown_bottle_50',
             'revision': None,
             'root': None,
             'streaming': False,
             'use_imagenet_stats': True,
             'video_backend': 'pyav'},
 'env': None,
 'eval': {'batch_size': 50, 'n_episodes': 50, 'use_async_envs': False},
 'eval_freq': 20000,
 'job_name': 'FR5_task2_transfer_the_gray_tablets_from_the_brown_bottle_into_another_brown_bottle_50_pi0_b200',
 'log_freq': 200,
 'num_workers': 10,
 'optimizer': {'betas': [0.9, 0.95],
               'eps': 1e-08,
               'grad_clip_norm': 1.0,
               'lr': 0.000104,
               'type': 'adamw',
               'weight_decay': 0.01},
 'output_dir': 'outputs/train/FR5_task2_transfer_the_gray_tablets_from_the_brown_bottle_into_another_brown_bottle_50_pi0_b200',
 'peft': None,
 'policy': {'action_expert_variant': 'gemma_300m',
            'chunk_size': 50,
            'compile_mode': 'default',
            'compile_model': True,
            'device': 'cuda',
            'dtype': 'bfloat16',
            'empty_cameras': 0,
            'freeze_vision_encoder': False,
            'gradient_checkpointing': True,
            'image_resolution': [224, 224],
            'input_features': {},
            'license': None,
            'max_action_dim': 32,
            'max_period': 4.0,
            'max_state_dim': 32,
            'min_period': 0.004,
            'n_action_steps': 50,
            'n_obs_steps': 1,
            'normalization_mapping': {'ACTION': <NormalizationMode.MEAN_STD: 'MEAN_STD'>,
                                      'STATE': <NormalizationMode.MEAN_STD: 'MEAN_STD'>,
                                      'VISUAL': <NormalizationMode.IDENTITY: 'IDENTITY'>},
            'num_inference_steps': 10,
            'optimizer_betas': [0.9, 0.95],
            'optimizer_eps': 1e-08,
            'optimizer_grad_clip_norm': 1.0,
            'optimizer_lr': 0.000104,
            'optimizer_weight_decay': 0.01,
            'output_features': {},
            'paligemma_variant': 'gemma_2b',
            'pretrained_path': 'models/pi0_base_v051compat',
            'private': None,
            'push_to_hub': True,
            'repo_id': 'coport-uni/FR5_task2_transfer_the_gray_tablets_from_the_brown_bottle_into_another_brown_bottle_50_pi0_b200_model',
            'rtc_config': None,
            'scheduler_decay_lr': 2.5e-06,
            'scheduler_decay_steps': 30000,
            'scheduler_warmup_steps': 1000,
            'tags': None,
            'time_sampling_beta_alpha': 1.5,
            'time_sampling_beta_beta': 1.0,
            'time_sampling_offset': 0.001,
            'time_sampling_scale': 0.999,
            'tokenizer_max_length': 48,
            'train_expert_only': False,
            'type': 'pi0',
            'use_amp': False,
            'use_peft': False},
 'rabc_epsilon': 1e-06,
 'rabc_head_mode': 'sparse',
 'rabc_kappa': 0.01,
 'rabc_progress_path': None,
 'rename_map': {},
 'resume': False,
 'save_checkpoint': True,
 'save_freq': 3000,
 'scheduler': {'decay_lr': 2.5e-06,
               'num_decay_steps': 30000,
               'num_warmup_steps': 1000,
               'peak_lr': 0.000104,
               'type': 'cosine_decay_with_warmup'},
 'seed': 55,
 'steps': 30000,
 'tolerance_s': 0.1,
 'use_policy_training_preset': True,
 'use_rabc': False,
 'wandb': {'add_tags': True,
           'disable_artifact': False,
           'enable': True,
           'entity': None,
           'mode': None,
           'notes': None,
           'project': 'lerobot',
           'run_id': None}}
DEBUG 2026-07-14 21:22:05 or_events.py:64 Using selector: EpollSelector
DEBUG 2026-07-14 21:22:05 git/cmd.py:1286 Popen(['git', 'version'], cwd=/NHNHOME/WORKSPACE/26msit002_E/appeal_workspace/sungwoo/FR5ControllerVLA, stdin=None, shell=False, universal_newlines=False)
DEBUG 2026-07-14 21:22:05 git/cmd.py:1286 Popen(['git', 'version'], cwd=/NHNHOME/WORKSPACE/26msit002_E/appeal_workspace/sungwoo/FR5ControllerVLA, stdin=None, shell=False, universal_newlines=False)
DEBUG 2026-07-14 21:22:05 git/util.py:494 sys.platform='linux', git_executable='git'
DEBUG 2026-07-14 21:22:05 git/cmd.py:1286 Popen(['git', 'rev-parse', '--show-toplevel'], cwd=/NHNHOME/WORKSPACE/26msit002_E/appeal_workspace/sungwoo/FR5ControllerVLA, stdin=None, shell=False, universal_newlines=False)
DEBUG 2026-07-14 21:22:05 git/util.py:494 sys.platform='linux', git_executable='git'
DEBUG 2026-07-14 21:22:05 git/cmd.py:1286 Popen(['git', 'cat-file', '--batch-check'], cwd=/NHNHOME/WORKSPACE/26msit002_E/appeal_workspace/sungwoo/FR5ControllerVLA, stdin=<valid stream>, shell=False, universal_newlines=False)
INFO 2026-07-14 21:22:06 db_utils.py:117 [1m[34mLogs will be synced with wandb.[0m
INFO 2026-07-14 21:22:06 db_utils.py:118 Track this run --> [1m[33mhttps://wandb.ai/ohsungwoo-unist/lerobot/runs/5t4nzjpx[0m
INFO 2026-07-14 21:22:06 ot_train.py:241 Creating dataset
DEBUG 2026-07-14 21:22:06 ock/_api.py:536 Attempting to acquire lock 125447877867616 on /NHNHOME/workspace/sungwoo/hf_cache/datasets/_NHNHOME_workspace_sungwoo_hf_cache_datasets_parquet_default-f896360292013b54_0.0.0_ec3958b52035e87929642b609b5a781870321434b151a14fbe8fd5a26ff494bb.lock
DEBUG 2026-07-14 21:22:06 ock/_api.py:539 Lock 125447877867616 acquired on /NHNHOME/workspace/sungwoo/hf_cache/datasets/_NHNHOME_workspace_sungwoo_hf_cache_datasets_parquet_default-f896360292013b54_0.0.0_ec3958b52035e87929642b609b5a781870321434b151a14fbe8fd5a26ff494bb.lock
DEBUG 2026-07-14 21:22:06 ns/local.py:383 open file: /NHNHOME/workspace/sungwoo/hf_cache/datasets/parquet/default-f896360292013b54/0.0.0/ec3958b52035e87929642b609b5a781870321434b151a14fbe8fd5a26ff494bb/dataset_info.json
DEBUG 2026-07-14 21:22:06 ock/_api.py:568 Attempting to release lock 125447877867616 on /NHNHOME/workspace/sungwoo/hf_cache/datasets/_NHNHOME_workspace_sungwoo_hf_cache_datasets_parquet_default-f896360292013b54_0.0.0_ec3958b52035e87929642b609b5a781870321434b151a14fbe8fd5a26ff494bb.lock
DEBUG 2026-07-14 21:22:06 ock/_api.py:572 Lock 125447877867616 released on /NHNHOME/workspace/sungwoo/hf_cache/datasets/_NHNHOME_workspace_sungwoo_hf_cache_datasets_parquet_default-f896360292013b54_0.0.0_ec3958b52035e87929642b609b5a781870321434b151a14fbe8fd5a26ff494bb.lock
DEBUG 2026-07-14 21:22:06 ock/_api.py:536 Attempting to acquire lock 125456835588080 on /NHNHOME/workspace/sungwoo/hf_cache/datasets/parquet/default-f896360292013b54/0.0.0/ec3958b52035e87929642b609b5a781870321434b151a14fbe8fd5a26ff494bb_builder.lock
DEBUG 2026-07-14 21:22:06 ock/_api.py:539 Lock 125456835588080 acquired on /NHNHOME/workspace/sungwoo/hf_cache/datasets/parquet/default-f896360292013b54/0.0.0/ec3958b52035e87929642b609b5a781870321434b151a14fbe8fd5a26ff494bb_builder.lock
DEBUG 2026-07-14 21:22:06 ns/local.py:383 open file: /NHNHOME/workspace/sungwoo/hf_cache/datasets/parquet/default-f896360292013b54/0.0.0/ec3958b52035e87929642b609b5a781870321434b151a14fbe8fd5a26ff494bb/dataset_info.json
DEBUG 2026-07-14 21:22:06 ock/_api.py:568 Attempting to release lock 125456835588080 on /NHNHOME/workspace/sungwoo/hf_cache/datasets/parquet/default-f896360292013b54/0.0.0/ec3958b52035e87929642b609b5a781870321434b151a14fbe8fd5a26ff494bb_builder.lock
DEBUG 2026-07-14 21:22:06 ock/_api.py:572 Lock 125456835588080 released on /NHNHOME/workspace/sungwoo/hf_cache/datasets/parquet/default-f896360292013b54/0.0.0/ec3958b52035e87929642b609b5a781870321434b151a14fbe8fd5a26ff494bb_builder.lock
INFO 2026-07-14 21:22:06 eo_utils.py:108 Using video codec: libsvtav1
DEBUG 2026-07-14 21:22:06 ock/_api.py:536 Attempting to acquire lock 125447876075808 on /NHNHOME/workspace/sungwoo/hf_cache/datasets/_NHNHOME_workspace_sungwoo_hf_cache_datasets_parquet_default-f896360292013b54_0.0.0_ec3958b52035e87929642b609b5a781870321434b151a14fbe8fd5a26ff494bb.lock
DEBUG 2026-07-14 21:22:06 ock/_api.py:539 Lock 125447876075808 acquired on /NHNHOME/workspace/sungwoo/hf_cache/datasets/_NHNHOME_workspace_sungwoo_hf_cache_datasets_parquet_default-f896360292013b54_0.0.0_ec3958b52035e87929642b609b5a781870321434b151a14fbe8fd5a26ff494bb.lock
DEBUG 2026-07-14 21:22:06 ns/local.py:383 open file: /NHNHOME/workspace/sungwoo/hf_cache/datasets/parquet/default-f896360292013b54/0.0.0/ec3958b52035e87929642b609b5a781870321434b151a14fbe8fd5a26ff494bb/dataset_info.json
DEBUG 2026-07-14 21:22:06 ock/_api.py:568 Attempting to release lock 125447876075808 on /NHNHOME/workspace/sungwoo/hf_cache/datasets/_NHNHOME_workspace_sungwoo_hf_cache_datasets_parquet_default-f896360292013b54_0.0.0_ec3958b52035e87929642b609b5a781870321434b151a14fbe8fd5a26ff494bb.lock
DEBUG 2026-07-14 21:22:06 ock/_api.py:572 Lock 125447876075808 released on /NHNHOME/workspace/sungwoo/hf_cache/datasets/_NHNHOME_workspace_sungwoo_hf_cache_datasets_parquet_default-f896360292013b54_0.0.0_ec3958b52035e87929642b609b5a781870321434b151a14fbe8fd5a26ff494bb.lock
DEBUG 2026-07-14 21:22:06 ock/_api.py:536 Attempting to acquire lock 125447877279520 on /NHNHOME/workspace/sungwoo/hf_cache/datasets/parquet/default-f896360292013b54/0.0.0/ec3958b52035e87929642b609b5a781870321434b151a14fbe8fd5a26ff494bb_builder.lock
DEBUG 2026-07-14 21:22:06 ock/_api.py:539 Lock 125447877279520 acquired on /NHNHOME/workspace/sungwoo/hf_cache/datasets/parquet/default-f896360292013b54/0.0.0/ec3958b52035e87929642b609b5a781870321434b151a14fbe8fd5a26ff494bb_builder.lock
DEBUG 2026-07-14 21:22:06 ns/local.py:383 open file: /NHNHOME/workspace/sungwoo/hf_cache/datasets/parquet/default-f896360292013b54/0.0.0/ec3958b52035e87929642b609b5a781870321434b151a14fbe8fd5a26ff494bb/dataset_info.json
DEBUG 2026-07-14 21:22:06 ock/_api.py:568 Attempting to release lock 125447877279520 on /NHNHOME/workspace/sungwoo/hf_cache/datasets/parquet/default-f896360292013b54/0.0.0/ec3958b52035e87929642b609b5a781870321434b151a14fbe8fd5a26ff494bb_builder.lock
DEBUG 2026-07-14 21:22:06 ock/_api.py:572 Lock 125447877279520 released on /NHNHOME/workspace/sungwoo/hf_cache/datasets/parquet/default-f896360292013b54/0.0.0/ec3958b52035e87929642b609b5a781870321434b151a14fbe8fd5a26ff494bb_builder.lock
DEBUG 2026-07-14 21:22:06 ock/_api.py:536 Attempting to acquire lock 125447876247824 on /NHNHOME/workspace/sungwoo/hf_cache/datasets/_NHNHOME_workspace_sungwoo_hf_cache_datasets_parquet_default-afa5279ae0445a2e_0.0.0_ec3958b52035e87929642b609b5a781870321434b151a14fbe8fd5a26ff494bb.lock
DEBUG 2026-07-14 21:22:06 ock/_api.py:539 Lock 125447876247824 acquired on /NHNHOME/workspace/sungwoo/hf_cache/datasets/_NHNHOME_workspace_sungwoo_hf_cache_datasets_parquet_default-afa5279ae0445a2e_0.0.0_ec3958b52035e87929642b609b5a781870321434b151a14fbe8fd5a26ff494bb.lock
DEBUG 2026-07-14 21:22:06 ns/local.py:383 open file: /NHNHOME/workspace/sungwoo/hf_cache/datasets/parquet/default-afa5279ae0445a2e/0.0.0/ec3958b52035e87929642b609b5a781870321434b151a14fbe8fd5a26ff494bb/dataset_info.json
DEBUG 2026-07-14 21:22:06 ock/_api.py:568 Attempting to release lock 125447876247824 on /NHNHOME/workspace/sungwoo/hf_cache/datasets/_NHNHOME_workspace_sungwoo_hf_cache_datasets_parquet_default-afa5279ae0445a2e_0.0.0_ec3958b52035e87929642b609b5a781870321434b151a14fbe8fd5a26ff494bb.lock
DEBUG 2026-07-14 21:22:06 ock/_api.py:572 Lock 125447876247824 released on /NHNHOME/workspace/sungwoo/hf_cache/datasets/_NHNHOME_workspace_sungwoo_hf_cache_datasets_parquet_default-afa5279ae0445a2e_0.0.0_ec3958b52035e87929642b609b5a781870321434b151a14fbe8fd5a26ff494bb.lock
DEBUG 2026-07-14 21:22:06 ock/_api.py:536 Attempting to acquire lock 125447876075664 on /NHNHOME/workspace/sungwoo/hf_cache/datasets/parquet/default-afa5279ae0445a2e/0.0.0/ec3958b52035e87929642b609b5a781870321434b151a14fbe8fd5a26ff494bb_builder.lock
DEBUG 2026-07-14 21:22:06 ock/_api.py:539 Lock 125447876075664 acquired on /NHNHOME/workspace/sungwoo/hf_cache/datasets/parquet/default-afa5279ae0445a2e/0.0.0/ec3958b52035e87929642b609b5a781870321434b151a14fbe8fd5a26ff494bb_builder.lock
DEBUG 2026-07-14 21:22:06 ns/local.py:383 open file: /NHNHOME/workspace/sungwoo/hf_cache/datasets/parquet/default-afa5279ae0445a2e/0.0.0/ec3958b52035e87929642b609b5a781870321434b151a14fbe8fd5a26ff494bb/dataset_info.json
DEBUG 2026-07-14 21:22:06 ock/_api.py:568 Attempting to release lock 125447876075664 on /NHNHOME/workspace/sungwoo/hf_cache/datasets/parquet/default-afa5279ae0445a2e/0.0.0/ec3958b52035e87929642b609b5a781870321434b151a14fbe8fd5a26ff494bb_builder.lock
DEBUG 2026-07-14 21:22:06 ock/_api.py:572 Lock 125447876075664 released on /NHNHOME/workspace/sungwoo/hf_cache/datasets/parquet/default-afa5279ae0445a2e/0.0.0/ec3958b52035e87929642b609b5a781870321434b151a14fbe8fd5a26ff494bb_builder.lock
INFO 2026-07-14 21:22:08 ot_train.py:259 Creating policy
INFO 2026-07-14 21:23:11 ling_pi0.py:602 Enabled gradient checkpointing for PI0Pytorch model
WARNING 2026-07-14 21:23:12 ing_pi0.py:1156 Vision embedding key might need handling: paligemma_with_expert.paligemma.model.vision_tower.embeddings.patch_embedding.bias
WARNING 2026-07-14 21:23:12 ing_pi0.py:1156 Vision embedding key might need handling: paligemma_with_expert.paligemma.model.vision_tower.embeddings.patch_embedding.weight
INFO 2026-07-14 21:23:12 ing_pi0.py:1169 Remapped 437 vision-tower keys to the installed transformers naming (vision_tower.vision_model.* <-> vision_tower.*).
DEBUG 2026-07-14 21:23:20 re/_trace.py:47 connect_tcp.started host='huggingface.co' port=443 local_address=None timeout=10 socket_options=None
DEBUG 2026-07-14 21:23:20 re/_trace.py:47 connect_tcp.complete return_value=<httpcore._backends.sync.SyncStream object at 0x721741573cb0>
DEBUG 2026-07-14 21:23:20 re/_trace.py:47 start_tls.started ssl_context=<ssl.SSLContext object at 0x721740f3e650> server_hostname='huggingface.co' timeout=10
DEBUG 2026-07-14 21:23:20 re/_trace.py:47 start_tls.complete return_value=<httpcore._backends.sync.SyncStream object at 0x7217417c7170>
DEBUG 2026-07-14 21:23:20 re/_trace.py:47 send_request_headers.started request=<Request [b'HEAD']>
DEBUG 2026-07-14 21:23:20 re/_trace.py:47 send_request_headers.complete
DEBUG 2026-07-14 21:23:20 re/_trace.py:47 send_request_body.started request=<Request [b'HEAD']>
DEBUG 2026-07-14 21:23:20 re/_trace.py:47 send_request_body.complete
DEBUG 2026-07-14 21:23:20 re/_trace.py:47 receive_response_headers.started request=<Request [b'HEAD']>
DEBUG 2026-07-14 21:23:20 re/_trace.py:47 receive_response_headers.complete return_value=(b'HTTP/1.1', 200, b'OK', [(b'Content-Type', b'text/plain; charset=utf-8'), (b'Content-Length', b'1027'), (b'Connection', b'keep-alive'), (b'Date', b'Tue, 14 Jul 2026 12:23:20 GMT'), (b'ETag', b'"b89393ba09b432265173f688b8a41a2c3c9e3e4c"'), (b'X-Powered-By', b'huggingface-moon'), (b'X-Request-Id', b'Root=1-6a562a38-55e376a70da6d87931deb66e;5b02411a-9c4f-418a-befe-00bd767ad3ae'), (b'RateLimit', b'"resolvers";r=4998;t=22'), (b'RateLimit-Policy', b'"fixed window";"resolvers";q=5000;w=300'), (b'cross-origin-opener-policy', b'same-origin'), (b'Referrer-Policy', b'strict-origin-when-cross-origin'), (b'Access-Control-Max-Age', b'86400'), (b'Access-Control-Allow-Origin', b'https://huggingface.co'), (b'Vary', b'Origin'), (b'Access-Control-Expose-Headers', b'X-Repo-Commit,X-Request-Id,X-Error-Code,X-Error-Message,X-Total-Count,ETag,Link,Accept-Ranges,Content-Range,X-Linked-Size,X-Linked-ETag,X-Xet-Hash'), (b'X-Repo-Commit', b'35e4f46485b4d07967e7e9935bc3786aad50687c'), (b'Accept-Ranges', b'bytes'), (b'X-Hub-Cache', b'MISS'), (b'Content-Disposition', b'inline; filename*=UTF-8\'\'config.json; filename="config.json";'), (b'Content-Security-Policy', b"default-src 'none'; sandbox"), (b'X-Cache', b'Miss from cloudfront'), (b'Via', b'1.1 de6fd68c70ca3c12cb609faad680c294.cloudfront.net (CloudFront)'), (b'X-Amz-Cf-Pop', b'ICN57-P5'), (b'Alt-Svc', b'h3=":443"; ma=86400'), (b'X-Amz-Cf-Id', b'dAw3Z4QYJaf4oL3J6FLWEdYKGTooQ76RmtUEf8p0AFSfoT-D3HhHNA==')])
INFO 2026-07-14 21:23:20 _client.py:1025 HTTP Request: HEAD https://huggingface.co/google/paligemma-3b-pt-224/resolve/main/config.json "HTTP/1.1 200 OK"
DEBUG 2026-07-14 21:23:20 re/_trace.py:47 receive_response_body.started request=<Request [b'HEAD']>
DEBUG 2026-07-14 21:23:20 re/_trace.py:47 receive_response_body.complete
DEBUG 2026-07-14 21:23:20 re/_trace.py:47 response_closed.started
DEBUG 2026-07-14 21:23:20 re/_trace.py:47 response_closed.complete
DEBUG 2026-07-14 21:23:20 re/_trace.py:47 send_request_headers.started request=<Request [b'HEAD']>
DEBUG 2026-07-14 21:23:20 re/_trace.py:47 send_request_headers.complete
DEBUG 2026-07-14 21:23:20 re/_trace.py:47 send_request_body.started request=<Request [b'HEAD']>
DEBUG 2026-07-14 21:23:20 re/_trace.py:47 send_request_body.complete
DEBUG 2026-07-14 21:23:20 re/_trace.py:47 receive_response_headers.started request=<Request [b'HEAD']>
DEBUG 2026-07-14 21:23:20 re/_trace.py:47 receive_response_headers.complete return_value=(b'HTTP/1.1', 200, b'OK', [(b'Content-Type', b'text/plain; charset=utf-8'), (b'Content-Length', b'39968'), (b'Connection', b'keep-alive'), (b'Date', b'Tue, 14 Jul 2026 12:23:20 GMT'), (b'ETag', b'"960dcec0bccc6e594d865eceb63c8078e164cfb2"'), (b'X-Powered-By', b'huggingface-moon'), (b'X-Request-Id', b'Root=1-6a562a38-79bbcc3414be3beb69ab7121;c27bdc51-9df1-469a-a178-cfc683be473b'), (b'RateLimit', b'"resolvers";r=4995;t=22'), (b'RateLimit-Policy', b'"fixed window";"resolvers";q=5000;w=300'), (b'cross-origin-opener-policy', b'same-origin'), (b'Referrer-Policy', b'strict-origin-when-cross-origin'), (b'Access-Control-Max-Age', b'86400'), (b'Access-Control-Allow-Origin', b'https://huggingface.co'), (b'Vary', b'Origin'), (b'Access-Control-Expose-Headers', b'X-Repo-Commit,X-Request-Id,X-Error-Code,X-Error-Message,X-Total-Count,ETag,Link,Accept-Ranges,Content-Range,X-Linked-Size,X-Linked-ETag,X-Xet-Hash'), (b'X-Repo-Commit', b'35e4f46485b4d07967e7e9935bc3786aad50687c'), (b'Accept-Ranges', b'bytes'), (b'X-Hub-Cache', b'HIT'), (b'Content-Disposition', b'inline; filename*=UTF-8\'\'tokenizer_config.json; filename="tokenizer_config.json";'), (b'Content-Security-Policy', b"default-src 'none'; sandbox"), (b'X-Cache', b'Miss from cloudfront'), (b'Via', b'1.1 de6fd68c70ca3c12cb609faad680c294.cloudfront.net (CloudFront)'), (b'X-Amz-Cf-Pop', b'ICN57-P5'), (b'Alt-Svc', b'h3=":443"; ma=86400'), (b'X-Amz-Cf-Id', b'YjTNpmIga3GWBPIj9CqyLfzpmnPNvznFh5oKLR2bYUcWCPoikH6s7Q==')])
INFO 2026-07-14 21:23:20 _client.py:1025 HTTP Request: HEAD https://huggingface.co/google/paligemma-3b-pt-224/resolve/main/tokenizer_config.json "HTTP/1.1 200 OK"
DEBUG 2026-07-14 21:23:20 re/_trace.py:47 receive_response_body.started request=<Request [b'HEAD']>
DEBUG 2026-07-14 21:23:20 re/_trace.py:47 receive_response_body.complete
DEBUG 2026-07-14 21:23:20 re/_trace.py:47 response_closed.started
DEBUG 2026-07-14 21:23:20 re/_trace.py:47 response_closed.complete
DEBUG 2026-07-14 21:23:20 re/_trace.py:47 send_request_headers.started request=<Request [b'GET']>
DEBUG 2026-07-14 21:23:20 re/_trace.py:47 send_request_headers.complete
DEBUG 2026-07-14 21:23:20 re/_trace.py:47 send_request_body.started request=<Request [b'GET']>
DEBUG 2026-07-14 21:23:20 re/_trace.py:47 send_request_body.complete
DEBUG 2026-07-14 21:23:20 re/_trace.py:47 receive_response_headers.started request=<Request [b'GET']>
DEBUG 2026-07-14 21:23:20 re/_trace.py:47 receive_response_headers.complete return_value=(b'HTTP/1.1', 404, b'Not Found', [(b'Content-Type', b'application/json; charset=utf-8'), (b'Content-Length', b'64'), (b'Connection', b'keep-alive'), (b'Date', b'Tue, 14 Jul 2026 12:23:20 GMT'), (b'ETag', b'W/"40-09f9IAqP13xarAhQxFS2W8rvRkM"'), (b'X-Powered-By', b'huggingface-moon'), (b'X-Request-Id', b'Root=1-6a562a38-5791df630aef3b873c61f08b;4b49f9df-80bb-4911-a93b-aab74fd2f1ec'), (b'RateLimit', b'"api";r=994;t=22'), (b'RateLimit-Policy', b'"fixed window";"api";q=1000;w=300'), (b'cross-origin-opener-policy', b'same-origin'), (b'Referrer-Policy', b'strict-origin-when-cross-origin'), (b'Access-Control-Max-Age', b'86400'), (b'Access-Control-Allow-Origin', b'https://huggingface.co'), (b'Vary', b'Origin'), (b'Access-Control-Expose-Headers', b'X-Repo-Commit,X-Request-Id,X-Error-Code,X-Error-Message,X-Total-Count,ETag,Link,Accept-Ranges,Content-Range,X-Linked-Size,X-Linked-ETag,X-Xet-Hash'), (b'X-Error-Code', b'EntryNotFound'), (b'X-Error-Message', b'additional_chat_templates does not exist on "main"'), (b'X-Cache', b'Error from cloudfront'), (b'Via', b'1.1 de6fd68c70ca3c12cb609faad680c294.cloudfront.net (CloudFront)'), (b'X-Amz-Cf-Pop', b'ICN57-P5'), (b'Alt-Svc', b'h3=":443"; ma=86400'), (b'X-Amz-Cf-Id', b'QDOtNF0JOczcgdnxVNeVPiYgKf6YuyyCTgmfREpCOyBNdR_IAzp6Dg==')])
INFO 2026-07-14 21:23:20 _client.py:1025 HTTP Request: GET https://huggingface.co/api/models/google/paligemma-3b-pt-224/tree/main/additional_chat_templates?recursive=false&expand=false "HTTP/1.1 404 Not Found"
DEBUG 2026-07-14 21:23:20 re/_trace.py:47 receive_response_body.started request=<Request [b'GET']>
DEBUG 2026-07-14 21:23:20 re/_trace.py:47 receive_response_body.complete
DEBUG 2026-07-14 21:23:20 re/_trace.py:47 response_closed.started
DEBUG 2026-07-14 21:23:20 re/_trace.py:47 response_closed.complete
DEBUG 2026-07-14 21:23:20 re/_trace.py:47 send_request_headers.started request=<Request [b'GET']>
DEBUG 2026-07-14 21:23:20 re/_trace.py:47 send_request_headers.complete
DEBUG 2026-07-14 21:23:20 re/_trace.py:47 send_request_body.started request=<Request [b'GET']>
DEBUG 2026-07-14 21:23:20 re/_trace.py:47 send_request_body.complete
DEBUG 2026-07-14 21:23:20 re/_trace.py:47 receive_response_headers.started request=<Request [b'GET']>
DEBUG 2026-07-14 21:23:21 re/_trace.py:47 receive_response_headers.complete return_value=(b'HTTP/1.1', 200, b'OK', [(b'Content-Type', b'application/json; charset=utf-8'), (b'Transfer-Encoding', b'chunked'), (b'Connection', b'keep-alive'), (b'Date', b'Tue, 14 Jul 2026 12:23:21 GMT'), (b'content-encoding', b'gzip'), (b'ETag', b'W/"9c5-q9seafptu6jJvow4apCGJpG2b2M"'), (b'X-Powered-By', b'huggingface-moon'), (b'X-Request-Id', b'Root=1-6a562a39-6c6c3cc3286b8f184bb0e68d;c313de73-755d-4624-b1de-0aea83efeb13'), (b'RateLimit', b'"api";r=991;t=21'), (b'RateLimit-Policy', b'"fixed window";"api";q=1000;w=300'), (b'cross-origin-opener-policy', b'same-origin'), (b'Referrer-Policy', b'strict-origin-when-cross-origin'), (b'Access-Control-Max-Age', b'86400'), (b'Access-Control-Allow-Origin', b'https://huggingface.co'), (b'Vary', b'Origin'), (b'vary', b'Accept-Encoding'), (b'Access-Control-Expose-Headers', b'X-Repo-Commit,X-Request-Id,X-Error-Code,X-Error-Message,X-Total-Count,ETag,Link,Accept-Ranges,Content-Range,X-Linked-Size,X-Linked-ETag,X-Xet-Hash'), (b'X-Cache', b'Miss from cloudfront'), (b'Via', b'1.1 de6fd68c70ca3c12cb609faad680c294.cloudfront.net (CloudFront)'), (b'X-Amz-Cf-Pop', b'ICN57-P5'), (b'Alt-Svc', b'h3=":443"; ma=86400'), (b'X-Amz-Cf-Id', b'y9i85B_ksQrJCP5PNsBjULFoNyEK1gT5Ee-vEp1nYIO8bClEETQKMQ==')])
INFO 2026-07-14 21:23:21 _client.py:1025 HTTP Request: GET https://huggingface.co/api/models/google/paligemma-3b-pt-224/tree/main?recursive=true&expand=false "HTTP/1.1 200 OK"
DEBUG 2026-07-14 21:23:21 re/_trace.py:47 receive_response_body.started request=<Request [b'GET']>
DEBUG 2026-07-14 21:23:21 re/_trace.py:47 receive_response_body.complete
DEBUG 2026-07-14 21:23:21 re/_trace.py:47 response_closed.started
DEBUG 2026-07-14 21:23:21 re/_trace.py:47 response_closed.complete
DEBUG 2026-07-14 21:23:21 re/_trace.py:47 send_request_headers.started request=<Request [b'GET']>
DEBUG 2026-07-14 21:23:21 re/_trace.py:47 send_request_headers.complete
DEBUG 2026-07-14 21:23:21 re/_trace.py:47 send_request_body.started request=<Request [b'GET']>
DEBUG 2026-07-14 21:23:21 re/_trace.py:47 send_request_body.complete
DEBUG 2026-07-14 21:23:21 re/_trace.py:47 receive_response_headers.started request=<Request [b'GET']>
DEBUG 2026-07-14 21:23:21 re/_trace.py:47 receive_response_headers.complete return_value=(b'HTTP/1.1', 200, b'OK', [(b'Content-Type', b'application/json; charset=utf-8'), (b'Transfer-Encoding', b'chunked'), (b'Connection', b'keep-alive'), (b'Date', b'Tue, 14 Jul 2026 12:23:21 GMT'), (b'content-encoding', b'gzip'), (b'ETag', b'W/"d05-PS47v+Hj1Q60F3Kc4kyEQ6azUdE"'), (b'X-Powered-By', b'huggingface-moon'), (b'X-Request-Id', b'Root=1-6a562a39-746be5156e0f604370e1ad67;51642039-ddd8-44c8-8121-20de50579625'), (b'RateLimit', b'"api";r=988;t=21'), (b'RateLimit-Policy', b'"fixed window";"api";q=1000;w=300'), (b'cross-origin-opener-policy', b'same-origin'), (b'Referrer-Policy', b'strict-origin-when-cross-origin'), (b'Access-Control-Max-Age', b'86400'), (b'Access-Control-Allow-Origin', b'https://huggingface.co'), (b'Vary', b'Origin'), (b'vary', b'Accept-Encoding'), (b'Access-Control-Expose-Headers', b'X-Repo-Commit,X-Request-Id,X-Error-Code,X-Error-Message,X-Total-Count,ETag,Link,Accept-Ranges,Content-Range,X-Linked-Size,X-Linked-ETag,X-Xet-Hash'), (b'X-Cache', b'Miss from cloudfront'), (b'Via', b'1.1 de6fd68c70ca3c12cb609faad680c294.cloudfront.net (CloudFront)'), (b'X-Amz-Cf-Pop', b'ICN57-P5'), (b'Alt-Svc', b'h3=":443"; ma=86400'), (b'X-Amz-Cf-Id', b't1F5f_NkGbguf5bvIk2c3LXSW9VaILHooVPooutWB1I0_3_cjzdrlQ==')])
INFO 2026-07-14 21:23:21 _client.py:1025 HTTP Request: GET https://huggingface.co/api/models/google/paligemma-3b-pt-224 "HTTP/1.1 200 OK"
DEBUG 2026-07-14 21:23:21 re/_trace.py:47 receive_response_body.started request=<Request [b'GET']>
DEBUG 2026-07-14 21:23:21 re/_trace.py:47 receive_response_body.complete
DEBUG 2026-07-14 21:23:21 re/_trace.py:47 response_closed.started
DEBUG 2026-07-14 21:23:21 re/_trace.py:47 response_closed.complete
INFO 2026-07-14 21:23:21 ot_train.py:314 Creating optimizer and scheduler
INFO 2026-07-14 21:23:21 ot_train.py:349 [1m[33mOutput dir:[0m outputs/train/FR5_task2_transfer_the_gray_tablets_from_the_brown_bottle_into_another_brown_bottle_50_pi0_b200
INFO 2026-07-14 21:23:21 ot_train.py:356 cfg.steps=30000 (30K)
INFO 2026-07-14 21:23:21 ot_train.py:357 dataset.num_frames=72541 (73K)
INFO 2026-07-14 21:23:21 ot_train.py:358 dataset.num_episodes=50
INFO 2026-07-14 21:23:21 ot_train.py:361 Effective batch size: 176 x 3 = 528
INFO 2026-07-14 21:23:21 ot_train.py:362 num_learnable_params=4028019472 (4B)
INFO 2026-07-14 21:23:21 ot_train.py:363 num_total_params=4028019472 (4B)
INFO 2026-07-14 21:23:21 ot_train.py:427 Start offline training on a fixed dataset, with effective batch size: 528
DEBUG 2026-07-14 21:23:22 re/_trace.py:47 close.started
DEBUG 2026-07-14 21:23:22 re/_trace.py:47 close.complete
DEBUG 2026-07-14 21:23:22 re/_trace.py:47 close.started
DEBUG 2026-07-14 21:23:22 re/_trace.py:47 close.complete
DEBUG 2026-07-14 21:23:22 re/_trace.py:47 close.started
DEBUG 2026-07-14 21:23:22 re/_trace.py:47 close.complete
DEBUG 2026-07-14 21:23:22 re/_trace.py:47 close.started
DEBUG 2026-07-14 21:23:22 re/_trace.py:47 close.complete
DEBUG 2026-07-14 21:23:22 re/_trace.py:47 close.started
DEBUG 2026-07-14 21:23:22 re/_trace.py:47 close.complete
DEBUG 2026-07-14 21:23:22 re/_trace.py:47 close.started
DEBUG 2026-07-14 21:23:22 re/_trace.py:47 close.complete
DEBUG 2026-07-14 21:23:22 re/_trace.py:47 close.started
DEBUG 2026-07-14 21:23:22 re/_trace.py:47 close.complete
DEBUG 2026-07-14 21:23:22 re/_trace.py:47 close.started
DEBUG 2026-07-14 21:23:22 re/_trace.py:47 close.complete
DEBUG 2026-07-14 21:23:22 re/_trace.py:47 close.started
DEBUG 2026-07-14 21:23:22 re/_trace.py:47 close.complete
DEBUG 2026-07-14 21:23:22 re/_trace.py:47 close.started
DEBUG 2026-07-14 21:23:22 re/_trace.py:47 close.complete
DEBUG 2026-07-14 21:24:17 ock/_api.py:536 Attempting to acquire lock 125422775718336 on /NHNHOME/WORKSPACE/26msit002_E/appeal_workspace/sungwoo/FR5ControllerVLA/.cache/torchinductor/locks/cf3c2y3itjriwbc3lx4pjamef6f2iyh5u7427we2pywnktc4srcq.lock
DEBUG 2026-07-14 21:24:17 ock/_api.py:539 Lock 125422775718336 acquired on /NHNHOME/WORKSPACE/26msit002_E/appeal_workspace/sungwoo/FR5ControllerVLA/.cache/torchinductor/locks/cf3c2y3itjriwbc3lx4pjamef6f2iyh5u7427we2pywnktc4srcq.lock
DEBUG 2026-07-14 21:24:21 ock/_api.py:568 Attempting to release lock 125422775718336 on /NHNHOME/WORKSPACE/26msit002_E/appeal_workspace/sungwoo/FR5ControllerVLA/.cache/torchinductor/locks/cf3c2y3itjriwbc3lx4pjamef6f2iyh5u7427we2pywnktc4srcq.lock
DEBUG 2026-07-14 21:24:21 ock/_api.py:572 Lock 125422775718336 released on /NHNHOME/WORKSPACE/26msit002_E/appeal_workspace/sungwoo/FR5ControllerVLA/.cache/torchinductor/locks/cf3c2y3itjriwbc3lx4pjamef6f2iyh5u7427we2pywnktc4srcq.lock
DEBUG 2026-07-14 21:24:21 ock/_api.py:536 Attempting to acquire lock 125422772237136 on /NHNHOME/WORKSPACE/26msit002_E/appeal_workspace/sungwoo/FR5ControllerVLA/.cache/torchinductor/locks/cnqn66uwixyzuccim6bspnqfoahsve6ufksbo2mmmwnwvfye3zwq.lock
DEBUG 2026-07-14 21:24:21 ock/_api.py:539 Lock 125422772237136 acquired on /NHNHOME/WORKSPACE/26msit002_E/appeal_workspace/sungwoo/FR5ControllerVLA/.cache/torchinductor/locks/cnqn66uwixyzuccim6bspnqfoahsve6ufksbo2mmmwnwvfye3zwq.lock
DEBUG 2026-07-14 21:24:24 ock/_api.py:568 Attempting to release lock 125422772237136 on /NHNHOME/WORKSPACE/26msit002_E/appeal_workspace/sungwoo/FR5ControllerVLA/.cache/torchinductor/locks/cnqn66uwixyzuccim6bspnqfoahsve6ufksbo2mmmwnwvfye3zwq.lock
DEBUG 2026-07-14 21:24:24 ock/_api.py:572 Lock 125422772237136 released on /NHNHOME/WORKSPACE/26msit002_E/appeal_workspace/sungwoo/FR5ControllerVLA/.cache/torchinductor/locks/cnqn66uwixyzuccim6bspnqfoahsve6ufksbo2mmmwnwvfye3zwq.lock
DEBUG 2026-07-14 21:24:24 ock/_api.py:536 Attempting to acquire lock 125422757492592 on /NHNHOME/WORKSPACE/26msit002_E/appeal_workspace/sungwoo/FR5ControllerVLA/.cache/torchinductor/locks/cbuiawkcao226cm43gj2woepy52yi5beodvnkwntqpsqt3tpwl3z.lock
DEBUG 2026-07-14 21:24:24 ock/_api.py:539 Lock 125422757492592 acquired on /NHNHOME/WORKSPACE/26msit002_E/appeal_workspace/sungwoo/FR5ControllerVLA/.cache/torchinductor/locks/cbuiawkcao226cm43gj2woepy52yi5beodvnkwntqpsqt3tpwl3z.lock
DEBUG 2026-07-14 21:24:26 ock/_api.py:568 Attempting to release lock 125422757492592 on /NHNHOME/WORKSPACE/26msit002_E/appeal_workspace/sungwoo/FR5ControllerVLA/.cache/torchinductor/locks/cbuiawkcao226cm43gj2woepy52yi5beodvnkwntqpsqt3tpwl3z.lock
DEBUG 2026-07-14 21:24:26 ock/_api.py:572 Lock 125422757492592 released on /NHNHOME/WORKSPACE/26msit002_E/appeal_workspace/sungwoo/FR5ControllerVLA/.cache/torchinductor/locks/cbuiawkcao226cm43gj2woepy52yi5beodvnkwntqpsqt3tpwl3z.lock
DEBUG 2026-07-14 21:24:26 ock/_api.py:536 Attempting to acquire lock 125456838246576 on /NHNHOME/WORKSPACE/26msit002_E/appeal_workspace/sungwoo/FR5ControllerVLA/.cache/torchinductor/locks/cqzkpn554ktul6b6rfmhff45r6u4h5a3tp5juqeoaexdrr3uirbq.lock
DEBUG 2026-07-14 21:24:26 ock/_api.py:539 Lock 125456838246576 acquired on /NHNHOME/WORKSPACE/26msit002_E/appeal_workspace/sungwoo/FR5ControllerVLA/.cache/torchinductor/locks/cqzkpn554ktul6b6rfmhff45r6u4h5a3tp5juqeoaexdrr3uirbq.lock
DEBUG 2026-07-14 21:24:28 ock/_api.py:568 Attempting to release lock 125456838246576 on /NHNHOME/WORKSPACE/26msit002_E/appeal_workspace/sungwoo/FR5ControllerVLA/.cache/torchinductor/locks/cqzkpn554ktul6b6rfmhff45r6u4h5a3tp5juqeoaexdrr3uirbq.lock
DEBUG 2026-07-14 21:24:28 ock/_api.py:572 Lock 125456838246576 released on /NHNHOME/WORKSPACE/26msit002_E/appeal_workspace/sungwoo/FR5ControllerVLA/.cache/torchinductor/locks/cqzkpn554ktul6b6rfmhff45r6u4h5a3tp5juqeoaexdrr3uirbq.lock
DEBUG 2026-07-14 21:24:28 ock/_api.py:536 Attempting to acquire lock 125456838260640 on /NHNHOME/WORKSPACE/26msit002_E/appeal_workspace/sungwoo/FR5ControllerVLA/.cache/torchinductor/locks/ccu2sfwnvwsiq6x3pig35rx2vmwcqmy52w575bsrlcrs5ighvgol.lock
DEBUG 2026-07-14 21:24:28 ock/_api.py:539 Lock 125456838260640 acquired on /NHNHOME/WORKSPACE/26msit002_E/appeal_workspace/sungwoo/FR5ControllerVLA/.cache/torchinductor/locks/ccu2sfwnvwsiq6x3pig35rx2vmwcqmy52w575bsrlcrs5ighvgol.lock
DEBUG 2026-07-14 21:24:29 ock/_api.py:568 Attempting to release lock 125456838260640 on /NHNHOME/WORKSPACE/26msit002_E/appeal_workspace/sungwoo/FR5ControllerVLA/.cache/torchinductor/locks/ccu2sfwnvwsiq6x3pig35rx2vmwcqmy52w575bsrlcrs5ighvgol.lock
DEBUG 2026-07-14 21:24:29 ock/_api.py:572 Lock 125456838260640 released on /NHNHOME/WORKSPACE/26msit002_E/appeal_workspace/sungwoo/FR5ControllerVLA/.cache/torchinductor/locks/ccu2sfwnvwsiq6x3pig35rx2vmwcqmy52w575bsrlcrs5ighvgol.lock
DEBUG 2026-07-14 21:24:29 ock/_api.py:536 Attempting to acquire lock 125422756591232 on /NHNHOME/WORKSPACE/26msit002_E/appeal_workspace/sungwoo/FR5ControllerVLA/.cache/torchinductor/locks/cuxiebnh26foehyjwlpflpstp5bd5gkxcgz2kearg3pvp6bopaox.lock
DEBUG 2026-07-14 21:24:29 ock/_api.py:539 Lock 125422756591232 acquired on /NHNHOME/WORKSPACE/26msit002_E/appeal_workspace/sungwoo/FR5ControllerVLA/.cache/torchinductor/locks/cuxiebnh26foehyjwlpflpstp5bd5gkxcgz2kearg3pvp6bopaox.lock
DEBUG 2026-07-14 21:24:31 ock/_api.py:568 Attempting to release lock 125422756591232 on /NHNHOME/WORKSPACE/26msit002_E/appeal_workspace/sungwoo/FR5ControllerVLA/.cache/torchinductor/locks/cuxiebnh26foehyjwlpflpstp5bd5gkxcgz2kearg3pvp6bopaox.lock
DEBUG 2026-07-14 21:24:31 ock/_api.py:572 Lock 125422756591232 released on /NHNHOME/WORKSPACE/26msit002_E/appeal_workspace/sungwoo/FR5ControllerVLA/.cache/torchinductor/locks/cuxiebnh26foehyjwlpflpstp5bd5gkxcgz2kearg3pvp6bopaox.lock
DEBUG 2026-07-14 21:24:31 ock/_api.py:536 Attempting to acquire lock 125422775718336 on /tmp/torchinductor_appeal/precompiled_headers/locks/cw7kyuoiou2qgbqfxfuplgwuromvcvbfvfwwtg7k4apogbttsqlx.lock
DEBUG 2026-07-14 21:24:31 ock/_api.py:539 Lock 125422775718336 acquired on /tmp/torchinductor_appeal/precompiled_headers/locks/cw7kyuoiou2qgbqfxfuplgwuromvcvbfvfwwtg7k4apogbttsqlx.lock
DEBUG 2026-07-14 21:24:31 ock/_api.py:568 Attempting to release lock 125422775718336 on /tmp/torchinductor_appeal/precompiled_headers/locks/cw7kyuoiou2qgbqfxfuplgwuromvcvbfvfwwtg7k4apogbttsqlx.lock
DEBUG 2026-07-14 21:24:31 ock/_api.py:572 Lock 125422775718336 released on /tmp/torchinductor_appeal/precompiled_headers/locks/cw7kyuoiou2qgbqfxfuplgwuromvcvbfvfwwtg7k4apogbttsqlx.lock
DEBUG 2026-07-14 21:24:31 ock/_api.py:536 Attempting to acquire lock 125422774960448 on /NHNHOME/WORKSPACE/26msit002_E/appeal_workspace/sungwoo/FR5ControllerVLA/.cache/torchinductor/locks/cd2wwilydnxk5wiyw47fhyjc34chkk7jbdacdk4eqcvxqcspzlsw.lock
DEBUG 2026-07-14 21:24:31 ock/_api.py:539 Lock 125422774960448 acquired on /NHNHOME/WORKSPACE/26msit002_E/appeal_workspace/sungwoo/FR5ControllerVLA/.cache/torchinductor/locks/cd2wwilydnxk5wiyw47fhyjc34chkk7jbdacdk4eqcvxqcspzlsw.lock
DEBUG 2026-07-14 21:24:31 ock/_api.py:568 Attempting to release lock 125422774960448 on /NHNHOME/WORKSPACE/26msit002_E/appeal_workspace/sungwoo/FR5ControllerVLA/.cache/torchinductor/locks/cd2wwilydnxk5wiyw47fhyjc34chkk7jbdacdk4eqcvxqcspzlsw.lock
DEBUG 2026-07-14 21:24:31 ock/_api.py:572 Lock 125422774960448 released on /NHNHOME/WORKSPACE/26msit002_E/appeal_workspace/sungwoo/FR5ControllerVLA/.cache/torchinductor/locks/cd2wwilydnxk5wiyw47fhyjc34chkk7jbdacdk4eqcvxqcspzlsw.lock
DEBUG 2026-07-14 21:24:31 ock/_api.py:536 Attempting to acquire lock 125456838250128 on /NHNHOME/WORKSPACE/26msit002_E/appeal_workspace/sungwoo/FR5ControllerVLA/.cache/torchinductor/locks/c7g4hyiheweontoyqro5za2c33ke3binfyc7itjlkfwcukucw7s6.lock
DEBUG 2026-07-14 21:24:31 ock/_api.py:539 Lock 125456838250128 acquired on /NHNHOME/WORKSPACE/26msit002_E/appeal_workspace/sungwoo/FR5ControllerVLA/.cache/torchinductor/locks/c7g4hyiheweontoyqro5za2c33ke3binfyc7itjlkfwcukucw7s6.lock
DEBUG 2026-07-14 21:24:31 ock/_api.py:568 Attempting to release lock 125456838250128 on /NHNHOME/WORKSPACE/26msit002_E/appeal_workspace/sungwoo/FR5ControllerVLA/.cache/torchinductor/locks/c7g4hyiheweontoyqro5za2c33ke3binfyc7itjlkfwcukucw7s6.lock
DEBUG 2026-07-14 21:24:31 ock/_api.py:572 Lock 125456838250128 released on /NHNHOME/WORKSPACE/26msit002_E/appeal_workspace/sungwoo/FR5ControllerVLA/.cache/torchinductor/locks/c7g4hyiheweontoyqro5za2c33ke3binfyc7itjlkfwcukucw7s6.lock
DEBUG 2026-07-14 21:24:31 ock/_api.py:536 Attempting to acquire lock 125422756593104 on /NHNHOME/WORKSPACE/26msit002_E/appeal_workspace/sungwoo/FR5ControllerVLA/.cache/torchinductor/locks/cd2wwilydnxk5wiyw47fhyjc34chkk7jbdacdk4eqcvxqcspzlsw.lock
DEBUG 2026-07-14 21:24:31 ock/_api.py:539 Lock 125422756593104 acquired on /NHNHOME/WORKSPACE/26msit002_E/appeal_workspace/sungwoo/FR5ControllerVLA/.cache/torchinductor/locks/cd2wwilydnxk5wiyw47fhyjc34chkk7jbdacdk4eqcvxqcspzlsw.lock
DEBUG 2026-07-14 21:24:31 ock/_api.py:568 Attempting to release lock 125422756593104 on /NHNHOME/WORKSPACE/26msit002_E/appeal_workspace/sungwoo/FR5ControllerVLA/.cache/torchinductor/locks/cd2wwilydnxk5wiyw47fhyjc34chkk7jbdacdk4eqcvxqcspzlsw.lock
DEBUG 2026-07-14 21:24:31 ock/_api.py:572 Lock 125422756593104 released on /NHNHOME/WORKSPACE/26msit002_E/appeal_workspace/sungwoo/FR5ControllerVLA/.cache/torchinductor/locks/cd2wwilydnxk5wiyw47fhyjc34chkk7jbdacdk4eqcvxqcspzlsw.lock
DEBUG 2026-07-14 21:24:31 ock/_api.py:536 Attempting to acquire lock 125422756593440 on /NHNHOME/WORKSPACE/26msit002_E/appeal_workspace/sungwoo/FR5ControllerVLA/.cache/torchinductor/locks/c7g4hyiheweontoyqro5za2c33ke3binfyc7itjlkfwcukucw7s6.lock
DEBUG 2026-07-14 21:24:31 ock/_api.py:539 Lock 125422756593440 acquired on /NHNHOME/WORKSPACE/26msit002_E/appeal_workspace/sungwoo/FR5ControllerVLA/.cache/torchinductor/locks/c7g4hyiheweontoyqro5za2c33ke3binfyc7itjlkfwcukucw7s6.lock
DEBUG 2026-07-14 21:24:31 ock/_api.py:568 Attempting to release lock 125422756593440 on /NHNHOME/WORKSPACE/26msit002_E/appeal_workspace/sungwoo/FR5ControllerVLA/.cache/torchinductor/locks/c7g4hyiheweontoyqro5za2c33ke3binfyc7itjlkfwcukucw7s6.lock
DEBUG 2026-07-14 21:24:31 ock/_api.py:572 Lock 125422756593440 released on /NHNHOME/WORKSPACE/26msit002_E/appeal_workspace/sungwoo/FR5ControllerVLA/.cache/torchinductor/locks/c7g4hyiheweontoyqro5za2c33ke3binfyc7itjlkfwcukucw7s6.lock
DEBUG 2026-07-14 21:32:52 re/_trace.py:47 close.started
DEBUG 2026-07-14 21:32:52 re/_trace.py:47 close.complete
DEBUG 2026-07-14 21:32:52 re/_trace.py:47 close.started
DEBUG 2026-07-14 21:32:52 re/_trace.py:47 close.complete
DEBUG 2026-07-14 21:32:53 re/_trace.py:47 close.started
DEBUG 2026-07-14 21:32:53 re/_trace.py:47 close.complete
DEBUG 2026-07-14 21:32:53 re/_trace.py:47 close.started
DEBUG 2026-07-14 21:32:53 re/_trace.py:47 close.complete
DEBUG 2026-07-14 21:32:53 re/_trace.py:47 close.started
DEBUG 2026-07-14 21:32:53 re/_trace.py:47 close.complete
DEBUG 2026-07-14 21:32:53 re/_trace.py:47 close.started
DEBUG 2026-07-14 21:32:53 re/_trace.py:47 close.complete
DEBUG 2026-07-14 21:32:53 re/_trace.py:47 close.started
DEBUG 2026-07-14 21:32:53 re/_trace.py:47 close.complete
DEBUG 2026-07-14 21:32:53 re/_trace.py:47 close.started
DEBUG 2026-07-14 21:32:53 re/_trace.py:47 close.complete
DEBUG 2026-07-14 21:32:53 re/_trace.py:47 close.started
DEBUG 2026-07-14 21:32:53 re/_trace.py:47 close.complete
DEBUG 2026-07-14 21:32:53 re/_trace.py:47 close.started
DEBUG 2026-07-14 21:32:53 re/_trace.py:47 close.complete
INFO 2026-07-14 21:37:16 ot_train.py:459 step:200 smpl:106K ep:73 epch:1.46 loss:0.878 grdn:8.442 lr:1.1e-05 updt_s:3.692 data_s:0.477
WARNING 2026-07-14 21:37:16 db_utils.py:181 WandB logging of key "loss_per_dim" was ignored as its type "<class 'list'>" is not handled by this wrapper.
DEBUG 2026-07-14 21:41:39 re/_trace.py:47 close.started
DEBUG 2026-07-14 21:41:39 re/_trace.py:47 close.complete
DEBUG 2026-07-14 21:41:39 re/_trace.py:47 close.started
DEBUG 2026-07-14 21:41:39 re/_trace.py:47 close.complete
DEBUG 2026-07-14 21:41:39 re/_trace.py:47 close.started
DEBUG 2026-07-14 21:41:39 re/_trace.py:47 close.complete
DEBUG 2026-07-14 21:41:39 re/_trace.py:47 close.started
DEBUG 2026-07-14 21:41:39 re/_trace.py:47 close.complete
DEBUG 2026-07-14 21:41:39 re/_trace.py:47 close.started
DEBUG 2026-07-14 21:41:39 re/_trace.py:47 close.complete
DEBUG 2026-07-14 21:41:39 re/_trace.py:47 close.started
DEBUG 2026-07-14 21:41:39 re/_trace.py:47 close.complete
DEBUG 2026-07-14 21:41:39 re/_trace.py:47 close.started
DEBUG 2026-07-14 21:41:39 re/_trace.py:47 close.complete
DEBUG 2026-07-14 21:41:39 re/_trace.py:47 close.started
DEBUG 2026-07-14 21:41:39 re/_trace.py:47 close.complete
DEBUG 2026-07-14 21:41:39 re/_trace.py:47 close.started
DEBUG 2026-07-14 21:41:39 re/_trace.py:47 close.complete
DEBUG 2026-07-14 21:41:39 re/_trace.py:47 close.started
DEBUG 2026-07-14 21:41:39 re/_trace.py:47 close.complete
