INFO 2026-06-13 09:27:12 ot_train.py:217 {'batch_size': 96,
 'checkpoint_path': None,
 'cudnn_deterministic': False,
 'dataset': {'episodes': None,
             'image_transforms': {'enable': False,
                                  'max_num_transforms': 3,
                                  'random_order': False,
                                  'tfs': {'affine': {'kwargs': {'degrees': [-5.0,
                                                                            5.0],
                                                                'translate': [0.05,
                                                                              0.05]},
                                                     'type': 'RandomAffine',
                                                     'weight': 1.0},
                                          'brightness': {'kwargs': {'brightness': [0.8,
                                                                                   1.2]},
                                                         'type': 'ColorJitter',
                                                         'weight': 1.0},
                                          'contrast': {'kwargs': {'contrast': [0.8,
                                                                               1.2]},
                                                       'type': 'ColorJitter',
                                                       'weight': 1.0},
                                          'hue': {'kwargs': {'hue': [-0.05,
                                                                     0.05]},
                                                  'type': 'ColorJitter',
                                                  'weight': 1.0},
                                          'saturation': {'kwargs': {'saturation': [0.5,
                                                                                   1.5]},
                                                         'type': 'ColorJitter',
                                                         'weight': 1.0},
                                          'sharpness': {'kwargs': {'sharpness': [0.5,
                                                                                 1.5]},
                                                        'type': 'SharpnessJitter',
                                                        'weight': 1.0}}},
             'repo_id': 'coport-uni/FR5_pick_red_colored_marker_to_box',
             'revision': None,
             'root': None,
             'streaming': False,
             'use_imagenet_stats': True,
             'video_backend': 'pyav'},
 'env': None,
 'eval': {'batch_size': 50, 'n_episodes': 50, 'use_async_envs': False},
 'eval_freq': 20000,
 'job_name': 'fr5_pi0_nccl_probe_p2p_shm_off',
 'log_freq': 200,
 'num_workers': 10,
 'optimizer': {'betas': [0.9, 0.95],
               'eps': 1e-08,
               'grad_clip_norm': 1.0,
               'lr': 2.5e-05,
               'type': 'adamw',
               'weight_decay': 0.01},
 'output_dir': 'outputs/train/fr5_pi0_nccl_probe_p2p_shm_off',
 'peft': None,
 'policy': {'action_expert_variant': 'gemma_300m',
            'chunk_size': 50,
            'compile_mode': 'max-autotune',
            'compile_model': True,
            'device': 'cuda',
            'dtype': 'bfloat16',
            'empty_cameras': 0,
            'freeze_vision_encoder': False,
            'gradient_checkpointing': True,
            'image_resolution': [224, 224],
            'input_features': {},
            'license': None,
            'max_action_dim': 32,
            'max_period': 4.0,
            'max_state_dim': 32,
            'min_period': 0.004,
            'n_action_steps': 50,
            'n_obs_steps': 1,
            'normalization_mapping': {'ACTION': <NormalizationMode.MEAN_STD: 'MEAN_STD'>,
                                      'STATE': <NormalizationMode.MEAN_STD: 'MEAN_STD'>,
                                      'VISUAL': <NormalizationMode.IDENTITY: 'IDENTITY'>},
            'num_inference_steps': 10,
            'optimizer_betas': [0.9, 0.95],
            'optimizer_eps': 1e-08,
            'optimizer_grad_clip_norm': 1.0,
            'optimizer_lr': 2.5e-05,
            'optimizer_weight_decay': 0.01,
            'output_features': {},
            'paligemma_variant': 'gemma_2b',
            'pretrained_path': 'models/pi0_base_v051compat',
            'private': None,
            'push_to_hub': False,
            'repo_id': None,
            'rtc_config': None,
            'scheduler_decay_lr': 2.5e-06,
            'scheduler_decay_steps': 30000,
            'scheduler_warmup_steps': 1000,
            'tags': None,
            'time_sampling_beta_alpha': 1.5,
            'time_sampling_beta_beta': 1.0,
            'time_sampling_offset': 0.001,
            'time_sampling_scale': 0.999,
            'tokenizer_max_length': 48,
            'train_expert_only': False,
            'type': 'pi0',
            'use_amp': False,
            'use_peft': False},
 'rabc_epsilon': 1e-06,
 'rabc_head_mode': 'sparse',
 'rabc_kappa': 0.01,
 'rabc_progress_path': None,
 'rename_map': {},
 'resume': False,
 'save_checkpoint': True,
 'save_freq': 999999,
 'scheduler': {'decay_lr': 2.5e-06,
               'num_decay_steps': 30000,
               'num_warmup_steps': 1000,
               'peak_lr': 2.5e-05,
               'type': 'cosine_decay_with_warmup'},
 'seed': 55,
 'steps': 40,
 'tolerance_s': 0.1,
 'use_policy_training_preset': True,
 'use_rabc': False,
 'wandb': {'add_tags': True,
           'disable_artifact': False,
           'enable': False,
           'entity': None,
           'mode': None,
           'notes': None,
           'project': 'lerobot',
           'run_id': None}}
INFO 2026-06-13 09:27:12 ot_train.py:225 Logs will be saved locally.
INFO 2026-06-13 09:27:12 ot_train.py:241 Creating dataset
DEBUG 2026-06-13 09:27:12 ock/_api.py:536 Attempting to acquire lock 131988443625328 on /home/ykcho/.cache/huggingface/datasets/_home_ykcho_.cache_huggingface_datasets_parquet_default-844afe3388ebfae3_0.0.0_ec3958b52035e87929642b609b5a781870321434b151a14fbe8fd5a26ff494bb.lock
DEBUG 2026-06-13 09:27:12 ock/_api.py:539 Lock 131988443625328 acquired on /home/ykcho/.cache/huggingface/datasets/_home_ykcho_.cache_huggingface_datasets_parquet_default-844afe3388ebfae3_0.0.0_ec3958b52035e87929642b609b5a781870321434b151a14fbe8fd5a26ff494bb.lock
DEBUG 2026-06-13 09:27:12 ns/local.py:383 open file: /home/ykcho/.cache/huggingface/datasets/parquet/default-844afe3388ebfae3/0.0.0/ec3958b52035e87929642b609b5a781870321434b151a14fbe8fd5a26ff494bb/dataset_info.json
DEBUG 2026-06-13 09:27:12 ock/_api.py:568 Attempting to release lock 131988443625328 on /home/ykcho/.cache/huggingface/datasets/_home_ykcho_.cache_huggingface_datasets_parquet_default-844afe3388ebfae3_0.0.0_ec3958b52035e87929642b609b5a781870321434b151a14fbe8fd5a26ff494bb.lock
DEBUG 2026-06-13 09:27:12 ock/_api.py:572 Lock 131988443625328 released on /home/ykcho/.cache/huggingface/datasets/_home_ykcho_.cache_huggingface_datasets_parquet_default-844afe3388ebfae3_0.0.0_ec3958b52035e87929642b609b5a781870321434b151a14fbe8fd5a26ff494bb.lock
DEBUG 2026-06-13 09:27:12 ock/_api.py:536 Attempting to acquire lock 131988435582464 on /home/ykcho/.cache/huggingface/datasets/parquet/default-844afe3388ebfae3/0.0.0/ec3958b52035e87929642b609b5a781870321434b151a14fbe8fd5a26ff494bb_builder.lock
DEBUG 2026-06-13 09:27:12 ock/_api.py:539 Lock 131988435582464 acquired on /home/ykcho/.cache/huggingface/datasets/parquet/default-844afe3388ebfae3/0.0.0/ec3958b52035e87929642b609b5a781870321434b151a14fbe8fd5a26ff494bb_builder.lock
DEBUG 2026-06-13 09:27:12 ns/local.py:383 open file: /home/ykcho/.cache/huggingface/datasets/parquet/default-844afe3388ebfae3/0.0.0/ec3958b52035e87929642b609b5a781870321434b151a14fbe8fd5a26ff494bb/dataset_info.json
DEBUG 2026-06-13 09:27:12 ock/_api.py:568 Attempting to release lock 131988435582464 on /home/ykcho/.cache/huggingface/datasets/parquet/default-844afe3388ebfae3/0.0.0/ec3958b52035e87929642b609b5a781870321434b151a14fbe8fd5a26ff494bb_builder.lock
DEBUG 2026-06-13 09:27:12 ock/_api.py:572 Lock 131988435582464 released on /home/ykcho/.cache/huggingface/datasets/parquet/default-844afe3388ebfae3/0.0.0/ec3958b52035e87929642b609b5a781870321434b151a14fbe8fd5a26ff494bb_builder.lock
INFO 2026-06-13 09:27:12 eo_utils.py:108 Using video codec: libsvtav1
DEBUG 2026-06-13 09:27:12 ock/_api.py:536 Attempting to acquire lock 131988435806512 on /home/ykcho/.cache/huggingface/datasets/_home_ykcho_.cache_huggingface_datasets_parquet_default-844afe3388ebfae3_0.0.0_ec3958b52035e87929642b609b5a781870321434b151a14fbe8fd5a26ff494bb.lock
DEBUG 2026-06-13 09:27:12 ock/_api.py:539 Lock 131988435806512 acquired on /home/ykcho/.cache/huggingface/datasets/_home_ykcho_.cache_huggingface_datasets_parquet_default-844afe3388ebfae3_0.0.0_ec3958b52035e87929642b609b5a781870321434b151a14fbe8fd5a26ff494bb.lock
DEBUG 2026-06-13 09:27:12 ns/local.py:383 open file: /home/ykcho/.cache/huggingface/datasets/parquet/default-844afe3388ebfae3/0.0.0/ec3958b52035e87929642b609b5a781870321434b151a14fbe8fd5a26ff494bb/dataset_info.json
DEBUG 2026-06-13 09:27:13 ock/_api.py:568 Attempting to release lock 131988435806512 on /home/ykcho/.cache/huggingface/datasets/_home_ykcho_.cache_huggingface_datasets_parquet_default-844afe3388ebfae3_0.0.0_ec3958b52035e87929642b609b5a781870321434b151a14fbe8fd5a26ff494bb.lock
DEBUG 2026-06-13 09:27:13 ock/_api.py:572 Lock 131988435806512 released on /home/ykcho/.cache/huggingface/datasets/_home_ykcho_.cache_huggingface_datasets_parquet_default-844afe3388ebfae3_0.0.0_ec3958b52035e87929642b609b5a781870321434b151a14fbe8fd5a26ff494bb.lock
DEBUG 2026-06-13 09:27:13 ock/_api.py:536 Attempting to acquire lock 131988435882528 on /home/ykcho/.cache/huggingface/datasets/parquet/default-844afe3388ebfae3/0.0.0/ec3958b52035e87929642b609b5a781870321434b151a14fbe8fd5a26ff494bb_builder.lock
DEBUG 2026-06-13 09:27:13 ock/_api.py:539 Lock 131988435882528 acquired on /home/ykcho/.cache/huggingface/datasets/parquet/default-844afe3388ebfae3/0.0.0/ec3958b52035e87929642b609b5a781870321434b151a14fbe8fd5a26ff494bb_builder.lock
DEBUG 2026-06-13 09:27:13 ns/local.py:383 open file: /home/ykcho/.cache/huggingface/datasets/parquet/default-844afe3388ebfae3/0.0.0/ec3958b52035e87929642b609b5a781870321434b151a14fbe8fd5a26ff494bb/dataset_info.json
DEBUG 2026-06-13 09:27:13 ock/_api.py:568 Attempting to release lock 131988435882528 on /home/ykcho/.cache/huggingface/datasets/parquet/default-844afe3388ebfae3/0.0.0/ec3958b52035e87929642b609b5a781870321434b151a14fbe8fd5a26ff494bb_builder.lock
DEBUG 2026-06-13 09:27:13 ock/_api.py:572 Lock 131988435882528 released on /home/ykcho/.cache/huggingface/datasets/parquet/default-844afe3388ebfae3/0.0.0/ec3958b52035e87929642b609b5a781870321434b151a14fbe8fd5a26ff494bb_builder.lock
DEBUG 2026-06-13 09:27:13 ock/_api.py:536 Attempting to acquire lock 131988435154608 on /home/ykcho/.cache/huggingface/datasets/_home_ykcho_.cache_huggingface_datasets_parquet_default-5021da723b7df66f_0.0.0_ec3958b52035e87929642b609b5a781870321434b151a14fbe8fd5a26ff494bb.lock
DEBUG 2026-06-13 09:27:13 ock/_api.py:539 Lock 131988435154608 acquired on /home/ykcho/.cache/huggingface/datasets/_home_ykcho_.cache_huggingface_datasets_parquet_default-5021da723b7df66f_0.0.0_ec3958b52035e87929642b609b5a781870321434b151a14fbe8fd5a26ff494bb.lock
DEBUG 2026-06-13 09:27:13 ns/local.py:383 open file: /home/ykcho/.cache/huggingface/datasets/parquet/default-5021da723b7df66f/0.0.0/ec3958b52035e87929642b609b5a781870321434b151a14fbe8fd5a26ff494bb/dataset_info.json
DEBUG 2026-06-13 09:27:13 ock/_api.py:568 Attempting to release lock 131988435154608 on /home/ykcho/.cache/huggingface/datasets/_home_ykcho_.cache_huggingface_datasets_parquet_default-5021da723b7df66f_0.0.0_ec3958b52035e87929642b609b5a781870321434b151a14fbe8fd5a26ff494bb.lock
DEBUG 2026-06-13 09:27:13 ock/_api.py:572 Lock 131988435154608 released on /home/ykcho/.cache/huggingface/datasets/_home_ykcho_.cache_huggingface_datasets_parquet_default-5021da723b7df66f_0.0.0_ec3958b52035e87929642b609b5a781870321434b151a14fbe8fd5a26ff494bb.lock
DEBUG 2026-06-13 09:27:13 ock/_api.py:536 Attempting to acquire lock 131988435805360 on /home/ykcho/.cache/huggingface/datasets/parquet/default-5021da723b7df66f/0.0.0/ec3958b52035e87929642b609b5a781870321434b151a14fbe8fd5a26ff494bb_builder.lock
DEBUG 2026-06-13 09:27:13 ock/_api.py:539 Lock 131988435805360 acquired on /home/ykcho/.cache/huggingface/datasets/parquet/default-5021da723b7df66f/0.0.0/ec3958b52035e87929642b609b5a781870321434b151a14fbe8fd5a26ff494bb_builder.lock
DEBUG 2026-06-13 09:27:13 ns/local.py:383 open file: /home/ykcho/.cache/huggingface/datasets/parquet/default-5021da723b7df66f/0.0.0/ec3958b52035e87929642b609b5a781870321434b151a14fbe8fd5a26ff494bb/dataset_info.json
DEBUG 2026-06-13 09:27:13 ock/_api.py:568 Attempting to release lock 131988435805360 on /home/ykcho/.cache/huggingface/datasets/parquet/default-5021da723b7df66f/0.0.0/ec3958b52035e87929642b609b5a781870321434b151a14fbe8fd5a26ff494bb_builder.lock
DEBUG 2026-06-13 09:27:13 ock/_api.py:572 Lock 131988435805360 released on /home/ykcho/.cache/huggingface/datasets/parquet/default-5021da723b7df66f/0.0.0/ec3958b52035e87929642b609b5a781870321434b151a14fbe8fd5a26ff494bb_builder.lock
INFO 2026-06-13 09:27:14 ot_train.py:259 Creating policy
INFO 2026-06-13 09:28:17 ling_pi0.py:602 Enabled gradient checkpointing for PI0Pytorch model
WARNING 2026-06-13 09:28:18 ing_pi0.py:1127 Vision embedding key might need handling: paligemma_with_expert.paligemma.model.vision_tower.vision_model.embeddings.patch_embedding.bias
WARNING 2026-06-13 09:28:18 ing_pi0.py:1127 Vision embedding key might need handling: paligemma_with_expert.paligemma.model.vision_tower.vision_model.embeddings.patch_embedding.weight
DEBUG 2026-06-13 09:28:30 re/_trace.py:47 connect_tcp.started host='huggingface.co' port=443 local_address=None timeout=10 socket_options=None
DEBUG 2026-06-13 09:28:30 re/_trace.py:47 connect_tcp.complete return_value=<httpcore._backends.sync.SyncStream object at 0x7808a8231c10>
DEBUG 2026-06-13 09:28:30 re/_trace.py:47 start_tls.started ssl_context=<ssl.SSLContext object at 0x7808a828c650> server_hostname='huggingface.co' timeout=10
DEBUG 2026-06-13 09:28:30 re/_trace.py:47 start_tls.complete return_value=<httpcore._backends.sync.SyncStream object at 0x7808a86c0c20>
DEBUG 2026-06-13 09:28:30 re/_trace.py:47 send_request_headers.started request=<Request [b'HEAD']>
DEBUG 2026-06-13 09:28:30 re/_trace.py:47 send_request_headers.complete
DEBUG 2026-06-13 09:28:30 re/_trace.py:47 send_request_body.started request=<Request [b'HEAD']>
DEBUG 2026-06-13 09:28:30 re/_trace.py:47 send_request_body.complete
DEBUG 2026-06-13 09:28:30 re/_trace.py:47 receive_response_headers.started request=<Request [b'HEAD']>
DEBUG 2026-06-13 09:28:30 re/_trace.py:47 receive_response_headers.complete return_value=(b'HTTP/1.1', 200, b'OK', [(b'Content-Type', b'text/plain; charset=utf-8'), (b'Content-Length', b'1027'), (b'Connection', b'keep-alive'), (b'Date', b'Sat, 13 Jun 2026 00:28:30 GMT'), (b'ETag', b'"b89393ba09b432265173f688b8a41a2c3c9e3e4c"'), (b'X-Powered-By', b'huggingface-moon'), (b'X-Request-Id', b'Root=1-6a2ca42e-4dfc86531b3f821348313a54;d35833d9-e280-46d6-ad73-c6279316f981'), (b'RateLimit', b'"resolvers";r=4991;t=12'), (b'RateLimit-Policy', b'"fixed window";"resolvers";q=5000;w=300'), (b'cross-origin-opener-policy', b'same-origin'), (b'Referrer-Policy', b'strict-origin-when-cross-origin'), (b'Access-Control-Max-Age', b'86400'), (b'Access-Control-Allow-Origin', b'https://huggingface.co'), (b'Vary', b'Origin'), (b'Access-Control-Expose-Headers', b'X-Repo-Commit,X-Request-Id,X-Error-Code,X-Error-Message,X-Total-Count,ETag,Link,Accept-Ranges,Content-Range,X-Linked-Size,X-Linked-ETag,X-Xet-Hash'), (b'X-Repo-Commit', b'35e4f46485b4d07967e7e9935bc3786aad50687c'), (b'Accept-Ranges', b'bytes'), (b'X-Hub-Cache', b'MISS'), (b'Content-Disposition', b'inline; filename*=UTF-8\'\'config.json; filename="config.json";'), (b'Content-Security-Policy', b"default-src 'none'; sandbox"), (b'X-Cache', b'Miss from cloudfront'), (b'Via', b'1.1 37c31ae647e34e692a37bcfb149c2802.cloudfront.net (CloudFront)'), (b'X-Amz-Cf-Pop', b'ICN57-P5'), (b'X-Amz-Cf-Id', b'dZLBK88_8n4phPuK4-5vkeqqvRus-0kyl2L_Hq9AwDI6ZupFoqTiUQ==')])
INFO 2026-06-13 09:28:30 _client.py:1025 HTTP Request: HEAD https://huggingface.co/google/paligemma-3b-pt-224/resolve/main/config.json "HTTP/1.1 200 OK"
DEBUG 2026-06-13 09:28:30 re/_trace.py:47 receive_response_body.started request=<Request [b'HEAD']>
DEBUG 2026-06-13 09:28:30 re/_trace.py:47 receive_response_body.complete
DEBUG 2026-06-13 09:28:30 re/_trace.py:47 response_closed.started
DEBUG 2026-06-13 09:28:30 re/_trace.py:47 response_closed.complete
DEBUG 2026-06-13 09:28:30 re/_trace.py:47 send_request_headers.started request=<Request [b'HEAD']>
DEBUG 2026-06-13 09:28:30 re/_trace.py:47 send_request_headers.complete
DEBUG 2026-06-13 09:28:30 re/_trace.py:47 send_request_body.started request=<Request [b'HEAD']>
DEBUG 2026-06-13 09:28:30 re/_trace.py:47 send_request_body.complete
DEBUG 2026-06-13 09:28:30 re/_trace.py:47 receive_response_headers.started request=<Request [b'HEAD']>
DEBUG 2026-06-13 09:28:30 re/_trace.py:47 receive_response_headers.complete return_value=(b'HTTP/1.1', 200, b'OK', [(b'Content-Type', b'text/plain; charset=utf-8'), (b'Content-Length', b'39968'), (b'Connection', b'keep-alive'), (b'Date', b'Sat, 13 Jun 2026 00:28:30 GMT'), (b'ETag', b'"960dcec0bccc6e594d865eceb63c8078e164cfb2"'), (b'X-Powered-By', b'huggingface-moon'), (b'X-Request-Id', b'Root=1-6a2ca42e-4b7a00eb01d85038344755d4;b23bcde8-6936-4198-af19-06e9bfdd6ecc'), (b'RateLimit', b'"resolvers";r=4987;t=12'), (b'RateLimit-Policy', b'"fixed window";"resolvers";q=5000;w=300'), (b'cross-origin-opener-policy', b'same-origin'), (b'Referrer-Policy', b'strict-origin-when-cross-origin'), (b'Access-Control-Max-Age', b'86400'), (b'Access-Control-Allow-Origin', b'https://huggingface.co'), (b'Vary', b'Origin'), (b'Access-Control-Expose-Headers', b'X-Repo-Commit,X-Request-Id,X-Error-Code,X-Error-Message,X-Total-Count,ETag,Link,Accept-Ranges,Content-Range,X-Linked-Size,X-Linked-ETag,X-Xet-Hash'), (b'X-Repo-Commit', b'35e4f46485b4d07967e7e9935bc3786aad50687c'), (b'Accept-Ranges', b'bytes'), (b'X-Hub-Cache', b'MISS'), (b'Content-Disposition', b'inline; filename*=UTF-8\'\'tokenizer_config.json; filename="tokenizer_config.json";'), (b'Content-Security-Policy', b"default-src 'none'; sandbox"), (b'X-Cache', b'Miss from cloudfront'), (b'Via', b'1.1 37c31ae647e34e692a37bcfb149c2802.cloudfront.net (CloudFront)'), (b'X-Amz-Cf-Pop', b'ICN57-P5'), (b'X-Amz-Cf-Id', b'EZHyIs1nvWl-ULLXMJNYJTlmjC0ABRZN7BUNC4cabY6amXO57GrJSg==')])
INFO 2026-06-13 09:28:30 _client.py:1025 HTTP Request: HEAD https://huggingface.co/google/paligemma-3b-pt-224/resolve/main/tokenizer_config.json "HTTP/1.1 200 OK"
DEBUG 2026-06-13 09:28:30 re/_trace.py:47 receive_response_body.started request=<Request [b'HEAD']>
DEBUG 2026-06-13 09:28:30 re/_trace.py:47 receive_response_body.complete
DEBUG 2026-06-13 09:28:30 re/_trace.py:47 response_closed.started
DEBUG 2026-06-13 09:28:30 re/_trace.py:47 response_closed.complete
DEBUG 2026-06-13 09:28:30 re/_trace.py:47 send_request_headers.started request=<Request [b'GET']>
DEBUG 2026-06-13 09:28:30 re/_trace.py:47 send_request_headers.complete
DEBUG 2026-06-13 09:28:30 re/_trace.py:47 send_request_body.started request=<Request [b'GET']>
DEBUG 2026-06-13 09:28:30 re/_trace.py:47 send_request_body.complete
DEBUG 2026-06-13 09:28:30 re/_trace.py:47 receive_response_headers.started request=<Request [b'GET']>
DEBUG 2026-06-13 09:28:31 re/_trace.py:47 receive_response_headers.complete return_value=(b'HTTP/1.1', 404, b'Not Found', [(b'Content-Type', b'application/json; charset=utf-8'), (b'Content-Length', b'64'), (b'Connection', b'keep-alive'), (b'Date', b'Sat, 13 Jun 2026 00:28:31 GMT'), (b'ETag', b'W/"40-09f9IAqP13xarAhQxFS2W8rvRkM"'), (b'X-Powered-By', b'huggingface-moon'), (b'X-Request-Id', b'Root=1-6a2ca42f-716a150c5f02938f2be1ea94;d53c495e-407c-4c62-8bf3-916dfc13c31e'), (b'RateLimit', b'"api";r=986;t=11'), (b'RateLimit-Policy', b'"fixed window";"api";q=1000;w=300'), (b'cross-origin-opener-policy', b'same-origin'), (b'Referrer-Policy', b'strict-origin-when-cross-origin'), (b'Access-Control-Max-Age', b'86400'), (b'Access-Control-Allow-Origin', b'https://huggingface.co'), (b'Vary', b'Origin'), (b'Access-Control-Expose-Headers', b'X-Repo-Commit,X-Request-Id,X-Error-Code,X-Error-Message,X-Total-Count,ETag,Link,Accept-Ranges,Content-Range,X-Linked-Size,X-Linked-ETag,X-Xet-Hash'), (b'X-Error-Code', b'EntryNotFound'), (b'X-Error-Message', b'additional_chat_templates does not exist on "main"'), (b'X-Cache', b'Error from cloudfront'), (b'Via', b'1.1 37c31ae647e34e692a37bcfb149c2802.cloudfront.net (CloudFront)'), (b'X-Amz-Cf-Pop', b'ICN57-P5'), (b'X-Amz-Cf-Id', b'9uteaj0NUajHfsqpfnAtokzqAb-mTvhUdNC418VtQqhA1E_3JoW1lg==')])
INFO 2026-06-13 09:28:31 _client.py:1025 HTTP Request: GET https://huggingface.co/api/models/google/paligemma-3b-pt-224/tree/main/additional_chat_templates?recursive=false&expand=false "HTTP/1.1 404 Not Found"
DEBUG 2026-06-13 09:28:31 re/_trace.py:47 receive_response_body.started request=<Request [b'GET']>
DEBUG 2026-06-13 09:28:31 re/_trace.py:47 receive_response_body.complete
DEBUG 2026-06-13 09:28:31 re/_trace.py:47 response_closed.started
DEBUG 2026-06-13 09:28:31 re/_trace.py:47 response_closed.complete
DEBUG 2026-06-13 09:28:31 re/_trace.py:47 send_request_headers.started request=<Request [b'GET']>
DEBUG 2026-06-13 09:28:31 re/_trace.py:47 send_request_headers.complete
DEBUG 2026-06-13 09:28:31 re/_trace.py:47 send_request_body.started request=<Request [b'GET']>
DEBUG 2026-06-13 09:28:31 re/_trace.py:47 send_request_body.complete
DEBUG 2026-06-13 09:28:31 re/_trace.py:47 receive_response_headers.started request=<Request [b'GET']>
DEBUG 2026-06-13 09:28:31 re/_trace.py:47 receive_response_headers.complete return_value=(b'HTTP/1.1', 200, b'OK', [(b'Content-Type', b'application/json; charset=utf-8'), (b'Transfer-Encoding', b'chunked'), (b'Connection', b'keep-alive'), (b'Date', b'Sat, 13 Jun 2026 00:28:31 GMT'), (b'content-encoding', b'gzip'), (b'ETag', b'W/"9c5-q9seafptu6jJvow4apCGJpG2b2M"'), (b'X-Powered-By', b'huggingface-moon'), (b'X-Request-Id', b'Root=1-6a2ca42f-6feae75f5a9c66e1475ffcc4;6074cef1-570c-4106-a415-81b988be9a07'), (b'RateLimit', b'"api";r=980;t=11'), (b'RateLimit-Policy', b'"fixed window";"api";q=1000;w=300'), (b'cross-origin-opener-policy', b'same-origin'), (b'Referrer-Policy', b'strict-origin-when-cross-origin'), (b'Access-Control-Max-Age', b'86400'), (b'Access-Control-Allow-Origin', b'https://huggingface.co'), (b'Vary', b'Origin'), (b'vary', b'Accept-Encoding'), (b'Access-Control-Expose-Headers', b'X-Repo-Commit,X-Request-Id,X-Error-Code,X-Error-Message,X-Total-Count,ETag,Link,Accept-Ranges,Content-Range,X-Linked-Size,X-Linked-ETag,X-Xet-Hash'), (b'X-Cache', b'Miss from cloudfront'), (b'Via', b'1.1 37c31ae647e34e692a37bcfb149c2802.cloudfront.net (CloudFront)'), (b'X-Amz-Cf-Pop', b'ICN57-P5'), (b'X-Amz-Cf-Id', b'aGFzgX0ppFG-viTREVvTyaPZoFqMmCeHJcZZAlMPV11EUiL8ko3KTA==')])
INFO 2026-06-13 09:28:31 _client.py:1025 HTTP Request: GET https://huggingface.co/api/models/google/paligemma-3b-pt-224/tree/main?recursive=true&expand=false "HTTP/1.1 200 OK"
DEBUG 2026-06-13 09:28:31 re/_trace.py:47 receive_response_body.started request=<Request [b'GET']>
DEBUG 2026-06-13 09:28:31 re/_trace.py:47 receive_response_body.complete
DEBUG 2026-06-13 09:28:31 re/_trace.py:47 response_closed.started
DEBUG 2026-06-13 09:28:31 re/_trace.py:47 response_closed.complete
DEBUG 2026-06-13 09:28:31 re/_trace.py:47 send_request_headers.started request=<Request [b'GET']>
DEBUG 2026-06-13 09:28:31 re/_trace.py:47 send_request_headers.complete
DEBUG 2026-06-13 09:28:31 re/_trace.py:47 send_request_body.started request=<Request [b'GET']>
DEBUG 2026-06-13 09:28:31 re/_trace.py:47 send_request_body.complete
DEBUG 2026-06-13 09:28:31 re/_trace.py:47 receive_response_headers.started request=<Request [b'GET']>
DEBUG 2026-06-13 09:28:32 re/_trace.py:47 receive_response_headers.complete return_value=(b'HTTP/1.1', 200, b'OK', [(b'Content-Type', b'application/json; charset=utf-8'), (b'Transfer-Encoding', b'chunked'), (b'Connection', b'keep-alive'), (b'Date', b'Sat, 13 Jun 2026 00:28:32 GMT'), (b'content-encoding', b'gzip'), (b'ETag', b'W/"ca0-jOsbv9/xR2b9PfLJ8nFVkmtzfPQ"'), (b'X-Powered-By', b'huggingface-moon'), (b'X-Request-Id', b'Root=1-6a2ca430-44c5be9812db0c946752cf3f;19bb8ae4-ee3a-4328-ac3f-9b6e1c09f3e1'), (b'RateLimit', b'"api";r=978;t=10'), (b'RateLimit-Policy', b'"fixed window";"api";q=1000;w=300'), (b'cross-origin-opener-policy', b'same-origin'), (b'Referrer-Policy', b'strict-origin-when-cross-origin'), (b'Access-Control-Max-Age', b'86400'), (b'Access-Control-Allow-Origin', b'https://huggingface.co'), (b'Vary', b'Origin'), (b'vary', b'Accept-Encoding'), (b'Access-Control-Expose-Headers', b'X-Repo-Commit,X-Request-Id,X-Error-Code,X-Error-Message,X-Total-Count,ETag,Link,Accept-Ranges,Content-Range,X-Linked-Size,X-Linked-ETag,X-Xet-Hash'), (b'X-Cache', b'Miss from cloudfront'), (b'Via', b'1.1 37c31ae647e34e692a37bcfb149c2802.cloudfront.net (CloudFront)'), (b'X-Amz-Cf-Pop', b'ICN57-P5'), (b'X-Amz-Cf-Id', b'xtWeqIXwf--iV5r1snI0U2DGLeJ2FeOAEONTQqQ-9QmlpcwIKYteag==')])
INFO 2026-06-13 09:28:32 _client.py:1025 HTTP Request: GET https://huggingface.co/api/models/google/paligemma-3b-pt-224 "HTTP/1.1 200 OK"
DEBUG 2026-06-13 09:28:32 re/_trace.py:47 receive_response_body.started request=<Request [b'GET']>
DEBUG 2026-06-13 09:28:32 re/_trace.py:47 receive_response_body.complete
DEBUG 2026-06-13 09:28:32 re/_trace.py:47 response_closed.started
DEBUG 2026-06-13 09:28:32 re/_trace.py:47 response_closed.complete
INFO 2026-06-13 09:28:32 ot_train.py:314 Creating optimizer and scheduler
INFO 2026-06-13 09:28:32 hedulers.py:105 Auto-scaling LR scheduler: num_training_steps (40) < num_decay_steps (30000). Scaling warmup: 1000 → 1, decay: 30000 → 40 (scale factor: 0.001)
INFO 2026-06-13 09:28:32 ot_train.py:349 Output dir: outputs/train/fr5_pi0_nccl_probe_p2p_shm_off
INFO 2026-06-13 09:28:32 ot_train.py:356 cfg.steps=40 (40)
INFO 2026-06-13 09:28:32 ot_train.py:357 dataset.num_frames=119356 (119K)
INFO 2026-06-13 09:28:32 ot_train.py:358 dataset.num_episodes=100
INFO 2026-06-13 09:28:32 ot_train.py:361 Effective batch size: 96 x 4 = 384
INFO 2026-06-13 09:28:32 ot_train.py:362 num_learnable_params=4028019472 (4B)
INFO 2026-06-13 09:28:32 ot_train.py:363 num_total_params=4028019472 (4B)
INFO 2026-06-13 09:28:32 ot_train.py:427 Start offline training on a fixed dataset, with effective batch size: 384
DEBUG 2026-06-13 09:28:34 re/_trace.py:47 close.started
DEBUG 2026-06-13 09:28:34 re/_trace.py:47 close.complete
DEBUG 2026-06-13 09:28:34 re/_trace.py:47 close.started
DEBUG 2026-06-13 09:28:34 re/_trace.py:47 close.complete
DEBUG 2026-06-13 09:28:34 re/_trace.py:47 close.started
DEBUG 2026-06-13 09:28:34 re/_trace.py:47 close.complete
DEBUG 2026-06-13 09:28:34 re/_trace.py:47 close.started
DEBUG 2026-06-13 09:28:34 re/_trace.py:47 close.complete
DEBUG 2026-06-13 09:28:34 re/_trace.py:47 close.started
DEBUG 2026-06-13 09:28:34 re/_trace.py:47 close.complete
DEBUG 2026-06-13 09:28:34 re/_trace.py:47 close.started
DEBUG 2026-06-13 09:28:34 re/_trace.py:47 close.complete
DEBUG 2026-06-13 09:28:34 re/_trace.py:47 close.started
DEBUG 2026-06-13 09:28:34 re/_trace.py:47 close.complete
DEBUG 2026-06-13 09:28:35 re/_trace.py:47 close.started
DEBUG 2026-06-13 09:28:35 re/_trace.py:47 close.complete
DEBUG 2026-06-13 09:28:35 re/_trace.py:47 close.started
DEBUG 2026-06-13 09:28:35 re/_trace.py:47 close.complete
DEBUG 2026-06-13 09:28:35 re/_trace.py:47 close.started
DEBUG 2026-06-13 09:28:35 re/_trace.py:47 close.complete
INFO 2026-06-13 09:32:41 ot_train.py:479 Checkpoint policy after step 40
INFO 2026-06-13 09:32:58 ot_train.py:553 End of training
DEBUG 2026-06-13 09:33:00 re/_trace.py:47 close.started
DEBUG 2026-06-13 09:33:00 re/_trace.py:47 close.complete
