INFO 2026-06-29 09:16:13 ot_train.py:217 {'batch_size': 101,
 'checkpoint_path': None,
 'cudnn_deterministic': False,
 'dataset': {'episodes': None,
             'image_transforms': {'enable': False,
                                  'max_num_transforms': 3,
                                  'random_order': False,
                                  'tfs': {'affine': {'kwargs': {'degrees': [-5.0,
                                                                            5.0],
                                                                'translate': [0.05,
                                                                              0.05]},
                                                     'type': 'RandomAffine',
                                                     'weight': 1.0},
                                          'brightness': {'kwargs': {'brightness': [0.8,
                                                                                   1.2]},
                                                         'type': 'ColorJitter',
                                                         'weight': 1.0},
                                          'contrast': {'kwargs': {'contrast': [0.8,
                                                                               1.2]},
                                                       'type': 'ColorJitter',
                                                       'weight': 1.0},
                                          'hue': {'kwargs': {'hue': [-0.05,
                                                                     0.05]},
                                                  'type': 'ColorJitter',
                                                  'weight': 1.0},
                                          'saturation': {'kwargs': {'saturation': [0.5,
                                                                                   1.5]},
                                                         'type': 'ColorJitter',
                                                         'weight': 1.0},
                                          'sharpness': {'kwargs': {'sharpness': [0.5,
                                                                                 1.5]},
                                                        'type': 'SharpnessJitter',
                                                        'weight': 1.0}}},
             'repo_id': 'coport-uni/FR5_task3_turn_the_sliver_air_valve_90_degress_counterclockwise_50',
             'revision': None,
             'root': None,
             'streaming': False,
             'use_imagenet_stats': True,
             'video_backend': 'pyav'},
 'env': None,
 'eval': {'batch_size': 50, 'n_episodes': 50, 'use_async_envs': False},
 'eval_freq': 20000,
 'job_name': 'FR5_task3_turn_the_sliver_air_valve_90_degress_counterclockwise_50_pi05_b200',
 'log_freq': 200,
 'num_workers': 10,
 'optimizer': {'betas': [0.9, 0.95],
               'eps': 1e-08,
               'grad_clip_norm': 1.0,
               'lr': 0.00011,
               'type': 'adamw',
               'weight_decay': 1e-10},
 'output_dir': 'outputs/train/FR5_task3_turn_the_sliver_air_valve_90_degress_counterclockwise_50_pi05_b200',
 'peft': None,
 'policy': {'action_expert_variant': 'gemma_300m',
            'chunk_size': 50,
            'compile_mode': 'default',
            'compile_model': True,
            'device': 'cuda',
            'dtype': 'bfloat16',
            'empty_cameras': 0,
            'freeze_vision_encoder': False,
            'gradient_checkpointing': True,
            'image_resolution': [224, 224],
            'input_features': {},
            'license': None,
            'max_action_dim': 32,
            'max_period': 4.0,
            'max_state_dim': 32,
            'min_period': 0.004,
            'n_action_steps': 50,
            'n_obs_steps': 1,
            'normalization_mapping': {'ACTION': <NormalizationMode.MEAN_STD: 'MEAN_STD'>,
                                      'STATE': <NormalizationMode.MEAN_STD: 'MEAN_STD'>,
                                      'VISUAL': <NormalizationMode.IDENTITY: 'IDENTITY'>},
            'num_inference_steps': 10,
            'optimizer_betas': [0.9, 0.95],
            'optimizer_eps': 1e-08,
            'optimizer_grad_clip_norm': 1.0,
            'optimizer_lr': 0.00011,
            'optimizer_weight_decay': 1e-10,
            'output_features': {},
            'paligemma_variant': 'gemma_2b',
            'pretrained_path': 'models/pi05_base_v051compat',
            'private': None,
            'push_to_hub': True,
            'repo_id': 'coport-uni/FR5_task3_turn_the_sliver_air_valve_90_degress_counterclockwise_50_pi05_b200_model',
            'rtc_config': None,
            'scheduler_decay_lr': 2.5e-06,
            'scheduler_decay_steps': 30000,
            'scheduler_warmup_steps': 1000,
            'tags': None,
            'time_sampling_beta_alpha': 1.5,
            'time_sampling_beta_beta': 1.0,
            'time_sampling_offset': 0.001,
            'time_sampling_scale': 0.999,
            'tokenizer_max_length': 200,
            'train_expert_only': False,
            'type': 'pi05',
            'use_amp': False,
            'use_peft': False},
 'rabc_epsilon': 1e-06,
 'rabc_head_mode': 'sparse',
 'rabc_kappa': 0.01,
 'rabc_progress_path': None,
 'rename_map': {},
 'resume': False,
 'save_checkpoint': True,
 'save_freq': 3000,
 'scheduler': {'decay_lr': 2.5e-06,
               'num_decay_steps': 30000,
               'num_warmup_steps': 1000,
               'peak_lr': 0.00011,
               'type': 'cosine_decay_with_warmup'},
 'seed': 55,
 'steps': 30000,
 'tolerance_s': 0.1,
 'use_policy_training_preset': True,
 'use_rabc': False,
 'wandb': {'add_tags': True,
           'disable_artifact': False,
           'enable': True,
           'entity': None,
           'mode': None,
           'notes': None,
           'project': 'lerobot',
           'run_id': None}}
DEBUG 2026-06-29 09:16:14 or_events.py:64 Using selector: EpollSelector
DEBUG 2026-06-29 09:16:14 git/cmd.py:1286 Popen(['git', 'version'], cwd=/NHNHOME/WORKSPACE/26msit002_E/appeal_workspace/sungwoo/FR5ControllerVLA, stdin=None, shell=False, universal_newlines=False)
DEBUG 2026-06-29 09:16:14 git/cmd.py:1286 Popen(['git', 'version'], cwd=/NHNHOME/WORKSPACE/26msit002_E/appeal_workspace/sungwoo/FR5ControllerVLA, stdin=None, shell=False, universal_newlines=False)
DEBUG 2026-06-29 09:16:14 git/util.py:494 sys.platform='linux', git_executable='git'
DEBUG 2026-06-29 09:16:14 git/cmd.py:1286 Popen(['git', 'rev-parse', '--show-toplevel'], cwd=/NHNHOME/WORKSPACE/26msit002_E/appeal_workspace/sungwoo/FR5ControllerVLA, stdin=None, shell=False, universal_newlines=False)
DEBUG 2026-06-29 09:16:14 git/util.py:494 sys.platform='linux', git_executable='git'
DEBUG 2026-06-29 09:16:14 git/cmd.py:1286 Popen(['git', 'cat-file', '--batch-check'], cwd=/NHNHOME/WORKSPACE/26msit002_E/appeal_workspace/sungwoo/FR5ControllerVLA, stdin=<valid stream>, shell=False, universal_newlines=False)
INFO 2026-06-29 09:16:15 db_utils.py:117 [1m[34mLogs will be synced with wandb.[0m
INFO 2026-06-29 09:16:15 db_utils.py:118 Track this run --> [1m[33mhttps://wandb.ai/ohsungwoo-unist/lerobot/runs/cqivfegs[0m
INFO 2026-06-29 09:16:15 ot_train.py:241 Creating dataset
DEBUG 2026-06-29 09:16:15 re/_trace.py:47 connect_tcp.started host='huggingface.co' port=443 local_address=None timeout=None socket_options=None
DEBUG 2026-06-29 09:16:15 re/_trace.py:47 connect_tcp.complete return_value=<httpcore._backends.sync.SyncStream object at 0x7af200636060>
DEBUG 2026-06-29 09:16:15 re/_trace.py:47 start_tls.started ssl_context=<ssl.SSLContext object at 0x7af20068ec50> server_hostname='huggingface.co' timeout=None
DEBUG 2026-06-29 09:16:15 re/_trace.py:47 start_tls.complete return_value=<httpcore._backends.sync.SyncStream object at 0x7af200635f70>
DEBUG 2026-06-29 09:16:15 re/_trace.py:47 send_request_headers.started request=<Request [b'GET']>
DEBUG 2026-06-29 09:16:15 re/_trace.py:47 send_request_headers.complete
DEBUG 2026-06-29 09:16:15 re/_trace.py:47 send_request_body.started request=<Request [b'GET']>
DEBUG 2026-06-29 09:16:15 re/_trace.py:47 send_request_body.complete
DEBUG 2026-06-29 09:16:15 re/_trace.py:47 receive_response_headers.started request=<Request [b'GET']>
DEBUG 2026-06-29 09:16:15 re/_trace.py:47 receive_response_headers.complete return_value=(b'HTTP/1.1', 200, b'OK', [(b'Content-Type', b'application/json; charset=utf-8'), (b'Content-Length', b'241'), (b'Connection', b'keep-alive'), (b'Date', b'Mon, 29 Jun 2026 00:16:15 GMT'), (b'ETag', b'W/"f1-OFFT8VUHZMZGUVAs0xQymC8cwR4"'), (b'X-Powered-By', b'huggingface-moon'), (b'X-Request-Id', b'Root=1-6a41b94f-4fd047211615bdc21e6153f4;344f586b-d240-4717-8308-51238ef5814f'), (b'RateLimit', b'"api";r=997;t=147'), (b'RateLimit-Policy', b'"fixed window";"api";q=1000;w=300'), (b'cross-origin-opener-policy', b'same-origin'), (b'Referrer-Policy', b'strict-origin-when-cross-origin'), (b'Access-Control-Max-Age', b'86400'), (b'Access-Control-Allow-Origin', b'https://huggingface.co'), (b'Vary', b'Origin'), (b'Access-Control-Expose-Headers', b'X-Repo-Commit,X-Request-Id,X-Error-Code,X-Error-Message,X-Total-Count,ETag,Link,Accept-Ranges,Content-Range,X-Linked-Size,X-Linked-ETag,X-Xet-Hash'), (b'X-Cache', b'Miss from cloudfront'), (b'Via', b'1.1 eb82a6dafc61946a11416ccfdf42d370.cloudfront.net (CloudFront)'), (b'X-Amz-Cf-Pop', b'ICN57-P5'), (b'X-Amz-Cf-Id', b'ddCuR-gIICTQNy4PxmmpBlRhkYwp2Z8s2QZGi6KY651w6j6WkyrpQg==')])
INFO 2026-06-29 09:16:15 _client.py:1025 HTTP Request: GET https://huggingface.co/api/datasets/coport-uni/FR5_task3_turn_the_sliver_air_valve_90_degress_counterclockwise_50/refs "HTTP/1.1 200 OK"
DEBUG 2026-06-29 09:16:15 re/_trace.py:47 receive_response_body.started request=<Request [b'GET']>
DEBUG 2026-06-29 09:16:15 re/_trace.py:47 receive_response_body.complete
DEBUG 2026-06-29 09:16:15 re/_trace.py:47 response_closed.started
DEBUG 2026-06-29 09:16:15 re/_trace.py:47 response_closed.complete
DEBUG 2026-06-29 09:16:17 re/_trace.py:47 close.started
DEBUG 2026-06-29 09:16:17 re/_trace.py:47 close.complete
